[codervent.com/syndash/demo/vertical/index.html]
[backblue.gif]
[fade.gif]
[index.html]
[codervent.com/syndash/demo/vertical/assets/images/favicon-32x32.png]
[codervent.com/syndash/demo/vertical/assets/plugins/vectormap/jquery-jvectormap-2.0.2.css]
[codervent.com/syndash/demo/vertical/assets/plugins/simplebar/css/simplebar.css]
[codervent.com/syndash/demo/vertical/assets/plugins/perfect-scrollbar/css/perfect-scrollbar.css]
[codervent.com/syndash/demo/vertical/assets/plugins/metismenu/css/metisMenu.min.css]
[codervent.com/syndash/demo/vertical/assets/css/pace.min.css]
[codervent.com/syndash/demo/vertical/assets/js/pace.min.js]
[codervent.com/syndash/demo/vertical/assets/css/bootstrap.min.css]
[codervent.com/syndash/demo/vertical/assets/css/icons.css]
[codervent.com/syndash/demo/vertical/assets/css/app.css]
[codervent.com/syndash/demo/vertical/assets/css/dark-sidebar.css]
[codervent.com/syndash/demo/vertical/assets/css/dark-theme.css]
[codervent.com/syndash/demo/vertical/assets/images/logo-icon.png]
[codervent.com/syndash/demo/vertical/index2.html]
[codervent.com/syndash/demo/vertical/emailbox.html]
[codervent.com/syndash/demo/vertical/chat-box.html]
[codervent.com/syndash/demo/vertical/file-manager.html]
[codervent.com/syndash/demo/vertical/contact-list.html]
[codervent.com/syndash/demo/vertical/to-do.html]
[codervent.com/syndash/demo/vertical/invoice.html]
[codervent.com/syndash/demo/vertical/fullcalender.html]
[codervent.com/syndash/demo/vertical/widgets.html]
[codervent.com/syndash/demo/vertical/component-alerts.html]
[codervent.com/syndash/demo/vertical/component-bedges.html]
[codervent.com/syndash/demo/vertical/component-buttons.html]
[codervent.com/syndash/demo/vertical/component-cards.html]
[codervent.com/syndash/demo/vertical/component-carousels.html]
[codervent.com/syndash/demo/vertical/component-acordians.html]
[codervent.com/syndash/demo/vertical/component-list-groups.html]
[codervent.com/syndash/demo/vertical/component-media-object.html]
[codervent.com/syndash/demo/vertical/component-modals.html]
[codervent.com/syndash/demo/vertical/component-navs.html]
[codervent.com/syndash/demo/vertical/components-navbar.html]
[codervent.com/syndash/demo/vertical/component-paginations.html]
[codervent.com/syndash/demo/vertical/component-popovers-tooltips.html]
[codervent.com/syndash/demo/vertical/component-progress-bars.html]
[codervent.com/syndash/demo/vertical/component-spinners.html]
[codervent.com/syndash/demo/vertical/component-notifications.html]
[codervent.com/syndash/demo/vertical/components-avtars-chips.html]
[codervent.com/syndash/demo/vertical/content-grid-system.html]
[codervent.com/syndash/demo/vertical/content-typography.html]
[codervent.com/syndash/demo/vertical/content-text-utilities.html]
[codervent.com/syndash/demo/vertical/icons-line-icons.html]
[codervent.com/syndash/demo/vertical/icons-boxicons.html]
[codervent.com/syndash/demo/vertical/icons-feather-icons.html]
[codervent.com/syndash/demo/vertical/form-elements.html]
[codervent.com/syndash/demo/vertical/form-input-group.html]
[codervent.com/syndash/demo/vertical/form-layouts.html]
[codervent.com/syndash/demo/vertical/form-validations.html]
[codervent.com/syndash/demo/vertical/form-wizard.html]
[codervent.com/syndash/demo/vertical/form-text-editor.html]
[codervent.com/syndash/demo/vertical/form-file-upload.html]
[codervent.com/syndash/demo/vertical/form-date-time-pickes.html]
[codervent.com/syndash/demo/vertical/table-basic-table.html]
[codervent.com/syndash/demo/vertical/table-datatable.html]
[codervent.com/syndash/demo/vertical/form-select2.html]
[codervent.com/syndash/demo/vertical/table-editable.html]
[codervent.com/syndash/demo/vertical/authentication-login.html]
[codervent.com/syndash/demo/vertical/authentication-register.html]
[codervent.com/syndash/demo/vertical/authentication-forgot-password.html]
[codervent.com/syndash/demo/vertical/authentication-reset-password.html]
[codervent.com/syndash/demo/vertical/authentication-lock-screen.html]
[codervent.com/syndash/demo/vertical/user-profile.html]
[codervent.com/syndash/demo/vertical/timeline.html]
[codervent.com/syndash/demo/vertical/errors-404-error.html]
[codervent.com/syndash/demo/vertical/errors-500-error.html]
[codervent.com/syndash/demo/vertical/errors-coming-soon.html]
[codervent.com/syndash/demo/vertical/faq.html]
[codervent.com/syndash/demo/vertical/pricing-table.html]
[codervent.com/syndash/demo/vertical/charts-apex-chart.html]
[codervent.com/syndash/demo/vertical/charts-chartjs.html]
[codervent.com/syndash/demo/vertical/charts-highcharts.html]
[codervent.com/syndash/demo/vertical/map-google-maps.html]
[codervent.com/syndash/demo/vertical/map-vector-maps.html]
[codervent.com/syndash/demo/vertical/assets/images/avatars/avatar-1.png]
[codervent.com/syndash/demo/vertical/assets/images/avatars/avatar-2.png]
[codervent.com/syndash/demo/vertical/assets/images/avatars/avatar-3.png]
[codervent.com/syndash/demo/vertical/assets/images/avatars/avatar-4.png]
[codervent.com/syndash/demo/vertical/assets/images/avatars/avatar-5.png]
[codervent.com/syndash/demo/vertical/assets/images/avatars/avatar-6.png]
[codervent.com/syndash/demo/vertical/assets/images/avatars/avatar-7.png]
[codervent.com/syndash/demo/vertical/assets/images/avatars/avatar-8.png]
[codervent.com/syndash/demo/vertical/assets/images/avatars/avatar-9.png]
[codervent.com/syndash/demo/vertical/assets/images/avatars/avatar-10.png]
[codervent.com/syndash/demo/vertical/assets/images/avatars/avatar-11.png]
[codervent.com/syndash/demo/vertical/assets/images/icons/chrome.png]
[codervent.com/syndash/demo/vertical/assets/images/icons/firefox.png]
[codervent.com/syndash/demo/vertical/assets/images/icons/edge.png]
[codervent.com/syndash/demo/vertical/assets/images/icons/opera.png]
[codervent.com/syndash/demo/vertical/assets/images/icons/safari.png]
[codervent.com/syndash/demo/vertical/assets/js/bootstrap.bundle.min.js]
[codervent.com/syndash/demo/vertical/assets/js/jquery.min.js]
[codervent.com/syndash/demo/vertical/assets/plugins/simplebar/js/simplebar.min.js]
[codervent.com/syndash/demo/vertical/assets/plugins/metismenu/js/metisMenu.min.js]
[codervent.com/syndash/demo/vertical/assets/plugins/perfect-scrollbar/js/perfect-scrollbar.js]
[codervent.com/syndash/demo/vertical/assets/plugins/vectormap/jquery-jvectormap-2.0.2.min.js]
[codervent.com/syndash/demo/vertical/assets/plugins/vectormap/jquery-jvectormap-world-mill-en.js]
[codervent.com/syndash/demo/vertical/assets/plugins/vectormap/jquery-jvectormap-in-mill.js]
[codervent.com/syndash/demo/vertical/assets/plugins/vectormap/jquery-jvectormap-uk-mill-en.js]
[codervent.com/syndash/demo/vertical/assets/plugins/vectormap/jquery-jvectormap-us-aea-en.js]
[codervent.com/syndash/demo/vertical/assets/plugins/vectormap/jquery-jvectormap-au-mill.js]
[codervent.com/syndash/demo/vertical/assets/js/index.js]
[codervent.com/syndash/demo/vertical/assets/js/app.js]
[codervent.com/syndash/demo/vertical/index.html]
[codervent.com/syndash/demo/vertical/assets/plugins/vectormap/jquery-jvectormap-2.0.2.css]
[codervent.com/syndash/demo/vertical/assets/plugins/simplebar/css/simplebar.css]
[codervent.com/syndash/demo/vertical/assets/plugins/perfect-scrollbar/css/perfect-scrollbar.css]
[codervent.com/syndash/demo/vertical/assets/plugins/metismenu/css/metisMenu.min.css]
[codervent.com/syndash/demo/vertical/assets/css/pace.min.css]
[codervent.com/syndash/demo/vertical/assets/css/bootstrap.min.css]
[codervent.com/syndash/demo/vertical/assets/fonts/boxicons.eot]
[codervent.com/syndash/demo/vertical/assets/fonts/boxicons.woff2]
[codervent.com/syndash/demo/vertical/assets/fonts/boxicons.woff]
[codervent.com/syndash/demo/vertical/assets/fonts/boxicons.ttf]
[codervent.com/syndash/demo/vertical/assets/fonts/LineIcons.eot]
[codervent.com/syndash/demo/vertical/assets/fonts/LineIcons.woff2]
[codervent.com/syndash/demo/vertical/assets/plugins/apexcharts-bundle/js/apexcharts.min.js]
[codervent.com/syndash/demo/vertical/assets/fonts/LineIcons.woff]
[codervent.com/syndash/demo/vertical/assets/fonts/LineIcons.ttf]
[codervent.com/syndash/demo/vertical/assets/css/icons.css]
[codervent.com/syndash/demo/vertical/assets/images/login-images/bg-forgot-password.jpg]
[codervent.com/syndash/demo/vertical/assets/images/login-images/bg-lock-screen.jpg]
[codervent.com/syndash/demo/vertical/assets/images/login-images/bg-login-img.jpg]
[codervent.com/syndash/demo/vertical/assets/images/login-images/bg-register-img.jpg]
[codervent.com/syndash/demo/vertical/assets/css/app.css]
[codervent.com/syndash/demo/vertical/assets/css/dark-sidebar.css]
[codervent.com/syndash/demo/vertical/assets/css/dark-theme.css]
[codervent.com/syndash/demo/vertical/assets/images/icons/smartphone.png]
[codervent.com/syndash/demo/vertical/assets/images/icons/watch.png]
[codervent.com/syndash/demo/vertical/assets/images/icons/laptop.png]
[codervent.com/syndash/demo/vertical/assets/images/icons/shirt.png]
[codervent.com/syndash/demo/vertical/assets/images/icons/wine-glass.png]
[codervent.com/syndash/demo/vertical/assets/images/icons/headphones.png]
[codervent.com/syndash/demo/vertical/assets/js/index2.js]
[codervent.com/syndash/demo/vertical/index2.html]
[codervent.com/syndash/demo/vertical/emailread.html]
[codervent.com/syndash/demo/vertical/emailbox.html]
[codervent.com/syndash/demo/vertical/chat-box.html]
[codervent.com/syndash/demo/vertical/file-manager.html]
[codervent.com/syndash/demo/vertical/contact-list.html]
[codervent.com/syndash/demo/vertical/to-do.html]
[codervent.com/syndash/demo/vertical/invoice.html]
[codervent.com/syndash/demo/vertical/assets/plugins/fullcalendar/css/main.min.css]
[codervent.com/syndash/demo/vertical/fullcalender.html]
[codervent.com/syndash/demo/vertical/assets/js/widgets.js]
[codervent.com/syndash/demo/vertical/widgets.html]
[codervent.com/syndash/demo/vertical/component-alerts.html]
[codervent.com/syndash/demo/vertical/component-bedges.html]
[codervent.com/syndash/demo/vertical/component-buttons.html]
[codervent.com/syndash/demo/vertical/assets/images/gallery/01.jpg]
[codervent.com/syndash/demo/vertical/assets/images/gallery/02.jpg]
[codervent.com/syndash/demo/vertical/assets/images/gallery/03.jpg]
[codervent.com/syndash/demo/vertical/assets/plugins/fullcalendar/js/main.min.js]
[codervent.com/syndash/demo/vertical/assets/images/gallery/05.jpg]
[codervent.com/syndash/demo/vertical/assets/images/gallery/06.jpg]
[codervent.com/syndash/demo/vertical/assets/images/gallery/07.jpg]
[codervent.com/syndash/demo/vertical/assets/images/gallery/39.jpg]
[codervent.com/syndash/demo/vertical/assets/images/gallery/40.jpg]
[codervent.com/syndash/demo/vertical/assets/images/gallery/41.jpg]
[codervent.com/syndash/demo/vertical/assets/images/gallery/42.jpg]
[codervent.com/syndash/demo/vertical/assets/images/gallery/08.jpg]
[codervent.com/syndash/demo/vertical/assets/images/gallery/09.jpg]
[codervent.com/syndash/demo/vertical/assets/images/gallery/10.jpg]
[codervent.com/syndash/demo/vertical/assets/images/gallery/11.jpg]
[codervent.com/syndash/demo/vertical/assets/images/gallery/12.jpg]
[codervent.com/syndash/demo/vertical/assets/images/gallery/13.jpg]
[codervent.com/syndash/demo/vertical/assets/images/gallery/14.jpg]
[codervent.com/syndash/demo/vertical/assets/images/gallery/15.jpg]
[codervent.com/syndash/demo/vertical/assets/images/gallery/16.jpg]
[codervent.com/syndash/demo/vertical/assets/images/gallery/17.jpg]
[codervent.com/syndash/demo/vertical/assets/images/gallery/18.jpg]
[codervent.com/syndash/demo/vertical/assets/images/gallery/19.jpg]
[codervent.com/syndash/demo/vertical/component-cards.html]
[codervent.com/syndash/demo/vertical/assets/images/gallery/23.jpg]
[codervent.com/syndash/demo/vertical/assets/images/gallery/24.jpg]
[codervent.com/syndash/demo/vertical/assets/images/gallery/25.jpg]
[codervent.com/syndash/demo/vertical/assets/images/gallery/26.jpg]
[codervent.com/syndash/demo/vertical/assets/images/gallery/27.jpg]
[codervent.com/syndash/demo/vertical/assets/images/gallery/28.jpg]
[codervent.com/syndash/demo/vertical/assets/images/gallery/29.jpg]
[codervent.com/syndash/demo/vertical/assets/images/gallery/30.jpg]
[codervent.com/syndash/demo/vertical/assets/images/gallery/31.jpg]
[codervent.com/syndash/demo/vertical/assets/images/gallery/32.jpg]
[codervent.com/syndash/demo/vertical/assets/images/gallery/33.jpg]
[codervent.com/syndash/demo/vertical/assets/images/gallery/34.jpg]
[codervent.com/syndash/demo/vertical/assets/images/gallery/35.jpg]
[codervent.com/syndash/demo/vertical/assets/images/gallery/36.jpg]
[codervent.com/syndash/demo/vertical/assets/images/gallery/37.jpg]
[codervent.com/syndash/demo/vertical/assets/images/gallery/38.jpg]
[codervent.com/syndash/demo/vertical/component-carousels.html]
[codervent.com/syndash/demo/vertical/component-acordians.html]
[codervent.com/syndash/demo/vertical/component-list-groups.html]
[codervent.com/syndash/demo/vertical/component-media-object.html]
[codervent.com/syndash/demo/vertical/component-modals.html]
[codervent.com/syndash/demo/vertical/component-navs.html]
[codervent.com/syndash/demo/vertical/components-navbar.html]
[codervent.com/syndash/demo/vertical/component-paginations.html]
[codervent.com/syndash/demo/vertical/component-popovers-tooltips.html]
[codervent.com/syndash/demo/vertical/component-progress-bars.html]
[codervent.com/syndash/demo/vertical/component-spinners.html]
[codervent.com/syndash/demo/vertical/assets/plugins/notifications/css/lobibox.min.css]
[codervent.com/syndash/demo/vertical/assets/css/animate.css]
[codervent.com/syndash/demo/vertical/assets/plugins/notifications/js/lobibox.min.js]
[codervent.com/syndash/demo/vertical/assets/plugins/notifications/js/notifications.min.js]
[codervent.com/syndash/demo/vertical/assets/plugins/notifications/js/notification-custom-script.js]
[codervent.com/syndash/demo/vertical/component-notifications.html]
[codervent.com/syndash/demo/vertical/assets/images/avatars/avatar-12.png]
[codervent.com/syndash/demo/vertical/components-avtars-chips.html]
[codervent.com/syndash/demo/vertical/content-grid-system.html]
[codervent.com/syndash/demo/vertical/content-typography.html]
[codervent.com/syndash/demo/vertical/content-text-utilities.html]
[codervent.com/syndash/demo/vertical/icons-line-icons.html]
[codervent.com/syndash/demo/vertical/icons-boxicons.html]
[codervent.com/syndash/demo/vertical/icons-feather-icons.html]
[codervent.com/syndash/demo/vertical/assets/plugins/input-tags/css/tagsinput.css]
[codervent.com/syndash/demo/vertical/form-elements.html]
[codervent.com/syndash/demo/vertical/assets/js/bs-custom-file-input.min.js]
[codervent.com/syndash/demo/vertical/form-input-group.html]
[codervent.com/syndash/demo/vertical/form-layouts.html]
[codervent.com/syndash/demo/vertical/form-validations.html]
[codervent.com/syndash/demo/vertical/assets/plugins/smart-wizard/css/smart_wizard_all.min.css]
[codervent.com/syndash/demo/vertical/assets/plugins/smart-wizard/js/jquery.smartWizard.min.js]
[codervent.com/syndash/demo/vertical/form-wizard.html]
[codervent.com/syndash/demo/vertical/form-text-editor.html]
[codervent.com/syndash/demo/vertical/assets/plugins/fancy-file-uploader/fancy_fileupload.css]
[cdn.tiny.cloud/1/invalid-origin/tinymce/5.10.6-132/tinymce.min.js]
[codervent.com/syndash/demo/vertical/assets/plugins/Drag-And-Drop/dist/imageuploadify.min.css]
[codervent.com/syndash/demo/vertical/assets/plugins/fancy-file-uploader/jquery.ui.widget.js]
[codervent.com/syndash/demo/vertical/assets/plugins/fancy-file-uploader/jquery.fileupload.js]
[codervent.com/syndash/demo/vertical/assets/plugins/fancy-file-uploader/jquery.iframe-transport.js]
[codervent.com/syndash/demo/vertical/assets/plugins/fancy-file-uploader/jquery.fancy-fileupload.js]
[codervent.com/syndash/demo/vertical/assets/plugins/Drag-And-Drop/dist/imageuploadify.min.js]
[codervent.com/syndash/demo/vertical/form-file-upload.html]
[codervent.com/syndash/demo/vertical/assets/plugins/datetimepicker/css/classic.css]
[codervent.com/syndash/demo/vertical/assets/plugins/datetimepicker/css/classic.time.css]
[codervent.com/syndash/demo/vertical/assets/plugins/datetimepicker/css/classic.date.css]
[codervent.com/syndash/demo/vertical/assets/plugins/bootstrap-material-datetimepicker/css/bootstrap-material-datetimepicker.min.css]
[codervent.com/syndash/demo/vertical/assets/plugins/datetimepicker/js/legacy.js]
[codervent.com/syndash/demo/vertical/assets/plugins/datetimepicker/js/picker.js]
[codervent.com/syndash/demo/vertical/assets/plugins/datetimepicker/js/picker.time.js]
[codervent.com/syndash/demo/vertical/assets/plugins/datetimepicker/js/picker.date.js]
[codervent.com/syndash/demo/vertical/assets/plugins/bootstrap-material-datetimepicker/js/moment.min.js]
[codervent.com/syndash/demo/vertical/assets/plugins/bootstrap-material-datetimepicker/js/bootstrap-material-datetimepicker.min.js]
[codervent.com/syndash/demo/vertical/form-date-time-pickes.html]
[codervent.com/syndash/demo/vertical/assets/plugins/select2/css/select2.min.css]
[codervent.com/syndash/demo/vertical/assets/plugins/select2/css/select2-bootstrap4.css]
[codervent.com/syndash/demo/vertical/form-select2.html]
[codervent.com/syndash/demo/vertical/table-basic-table.html]
[codervent.com/syndash/demo/vertical/assets/plugins/datatable/css/dataTables.bootstrap4.min.css]
[codervent.com/syndash/demo/vertical/assets/plugins/select2/js/select2.min.js]
[codervent.com/syndash/demo/vertical/assets/plugins/datatable/css/buttons.bootstrap4.min.css]
[codervent.com/syndash/demo/vertical/table-datatable.html]
[use.fontawesome.com/releases/v5.8.1/css/all.css]
[codervent.com/syndash/demo/vertical/assets/plugins/edittable/bstable.js]
[codervent.com/syndash/demo/vertical/table-editable.html]
[codervent.com/syndash/demo/vertical/assets/images/login-images/login-frent-img.jpg]
[codervent.com/syndash/demo/vertical/authentication-login.html]
[codervent.com/syndash/demo/vertical/assets/images/login-images/register-frent-img.jpg]
[codervent.com/syndash/demo/vertical/authentication-register.html]
[codervent.com/syndash/demo/vertical/assets/images/icons/forgot-2.png]
[codervent.com/syndash/demo/vertical/authentication-forgot-password.html]
[codervent.com/syndash/demo/vertical/assets/images/logo-img.png]
[codervent.com/syndash/demo/vertical/assets/images/login-images/forgot-password-frent-img.jpg]
[codervent.com/syndash/demo/vertical/authentication-reset-password.html]
[codervent.com/syndash/demo/vertical/assets/images/icons/user.png]
[codervent.com/syndash/demo/vertical/authentication-lock-screen.html]
[codervent.com/syndash/demo/vertical/assets/images/icons/credit-card-visa.png]
[codervent.com/syndash/demo/vertical/assets/images/icons/mastercard-2.png]
[codervent.com/syndash/demo/vertical/user-profile.html]
[codervent.com/syndash/demo/vertical/timeline.html]
[codervent.com/syndash/demo/vertical/assets/images/errors-images/404-error.png]
[codervent.com/syndash/demo/vertical/errors-404-error.html]
[codervent.com/syndash/demo/vertical/assets/images/errors-images/505-error.png]
[codervent.com/syndash/demo/vertical/errors-500-error.html]
[codervent.com/syndash/demo/vertical/errors-coming-soon.html]
[codervent.com/syndash/demo/vertical/faq.html]
[codervent.com/syndash/demo/vertical/pricing-table.html]
[codervent.com/syndash/demo/vertical/assets/plugins/apexcharts-bundle/css/apexcharts.css]
[codervent.com/syndash/demo/vertical/assets/plugins/apexcharts-bundle/js/apex-custom.js]
[codervent.com/syndash/demo/vertical/charts-apex-chart.html]
[codervent.com/syndash/demo/vertical/assets/plugins/chartjs/js/Chart.min.js]
[codervent.com/syndash/demo/vertical/assets/plugins/chartjs/js/chartjs-custom.js]
[codervent.com/syndash/demo/vertical/charts-chartjs.html]
[codervent.com/syndash/demo/vertical/assets/plugins/highcharts/css/highcharts.css]
[codervent.com/syndash/demo/vertical/assets/plugins/highcharts/js/highcharts-more.js]
[codervent.com/syndash/demo/vertical/assets/plugins/highcharts/js/highcharts.js]
[codervent.com/syndash/demo/vertical/assets/plugins/highcharts/js/variable-pie.js]
[codervent.com/syndash/demo/vertical/assets/plugins/highcharts/js/solid-gauge.js]
[codervent.com/syndash/demo/vertical/assets/plugins/highcharts/js/highcharts-3d.js]
[codervent.com/syndash/demo/vertical/assets/plugins/highcharts/js/cylinder.js]
[codervent.com/syndash/demo/vertical/assets/plugins/highcharts/js/funnel3d.js]
[codervent.com/syndash/demo/vertical/assets/plugins/highcharts/js/exporting.js]
[codervent.com/syndash/demo/vertical/assets/plugins/highcharts/js/export-data.js]
[codervent.com/syndash/demo/vertical/assets/plugins/highcharts/js/highcharts-custom.script.js]
[codervent.com/syndash/demo/vertical/charts-highcharts.html]
[codervent.com/syndash/demo/vertical/assets/plugins/highcharts/js/accessibility.js]
[codervent.com/syndash/demo/vertical/assets/plugins/gmaps/map-custom-script.js]
[codervent.com/syndash/demo/vertical/map-google-maps.html]
[codervent.com/syndash/demo/vertical/assets/plugins/vectormap/jvectormap.custom.js]
[codervent.com/syndash/demo/vertical/map-vector-maps.html]
[codervent.com/syndash/demo/vertical/assets/fonts/boxiconsd41d.svg]
[codervent.com/syndash/demo/vertical/assets/fonts/LineIcons.svg]
[codervent.com/syndash/demo/vertical/assets/flags/4x3/ad.svg]
[codervent.com/syndash/demo/vertical/assets/flags/1x1/ad.svg]
[codervent.com/syndash/demo/vertical/assets/flags/4x3/ae.svg]
[codervent.com/syndash/demo/vertical/assets/flags/1x1/ae.svg]
[codervent.com/syndash/demo/vertical/assets/flags/4x3/af.svg]
[codervent.com/syndash/demo/vertical/assets/flags/1x1/af.svg]
[codervent.com/syndash/demo/vertical/assets/flags/4x3/ag.svg]
[codervent.com/syndash/demo/vertical/assets/flags/1x1/ag.svg]
[codervent.com/syndash/demo/vertical/assets/flags/4x3/ai.svg]
[codervent.com/syndash/demo/vertical/assets/flags/1x1/ai.svg]
[codervent.com/syndash/demo/vertical/assets/flags/4x3/al.svg]
[codervent.com/syndash/demo/vertical/assets/flags/1x1/al.svg]
[codervent.com/syndash/demo/vertical/assets/flags/4x3/am.svg]
[codervent.com/syndash/demo/vertical/assets/flags/1x1/am.svg]
[codervent.com/syndash/demo/vertical/assets/flags/4x3/ao.svg]
[codervent.com/syndash/demo/vertical/assets/flags/1x1/ao.svg]
[codervent.com/syndash/demo/vertical/assets/flags/4x3/aq.svg]
[codervent.com/syndash/demo/vertical/assets/flags/1x1/aq.svg]
[codervent.com/syndash/demo/vertical/assets/flags/4x3/ar.svg]
[codervent.com/syndash/demo/vertical/assets/flags/1x1/ar.svg]
[codervent.com/syndash/demo/vertical/assets/flags/4x3/as.svg]
[codervent.com/syndash/demo/vertical/assets/flags/1x1/as.svg]
[codervent.com/syndash/demo/vertical/assets/flags/4x3/at.svg]
[codervent.com/syndash/demo/vertical/assets/flags/1x1/at.svg]
[codervent.com/syndash/demo/vertical/assets/flags/4x3/au.svg]
[codervent.com/syndash/demo/vertical/assets/flags/1x1/au.svg]
[codervent.com/syndash/demo/vertical/assets/flags/4x3/aw.svg]
[codervent.com/syndash/demo/vertical/assets/flags/1x1/aw.svg]
[codervent.com/syndash/demo/vertical/assets/flags/4x3/ax.svg]
[codervent.com/syndash/demo/vertical/assets/flags/1x1/ax.svg]
[codervent.com/syndash/demo/vertical/assets/flags/4x3/az.svg]
[codervent.com/syndash/demo/vertical/assets/flags/1x1/az.svg]
[codervent.com/syndash/demo/vertical/assets/flags/4x3/ba.svg]
[codervent.com/syndash/demo/vertical/assets/flags/1x1/ba.svg]
[codervent.com/syndash/demo/vertical/assets/flags/4x3/bb.svg]
[codervent.com/syndash/demo/vertical/assets/flags/1x1/bb.svg]
[codervent.com/syndash/demo/vertical/assets/flags/4x3/bd.svg]
[codervent.com/syndash/demo/vertical/assets/flags/1x1/bd.svg]
[codervent.com/syndash/demo/vertical/assets/flags/4x3/be.svg]
[codervent.com/syndash/demo/vertical/assets/flags/1x1/be.svg]
[codervent.com/syndash/demo/vertical/assets/flags/4x3/bf.svg]
[codervent.com/syndash/demo/vertical/assets/flags/1x1/bf.svg]
[codervent.com/syndash/demo/vertical/assets/flags/4x3/bg.svg]
[codervent.com/syndash/demo/vertical/assets/flags/1x1/bg.svg]
[codervent.com/syndash/demo/vertical/assets/flags/4x3/bh.svg]
[codervent.com/syndash/demo/vertical/assets/flags/1x1/bh.svg]
[codervent.com/syndash/demo/vertical/assets/flags/4x3/bi.svg]
[codervent.com/syndash/demo/vertical/assets/flags/1x1/bi.svg]
[codervent.com/syndash/demo/vertical/assets/flags/4x3/bj.svg]
[codervent.com/syndash/demo/vertical/assets/flags/1x1/bj.svg]
[codervent.com/syndash/demo/vertical/assets/flags/4x3/bl.svg]
[codervent.com/syndash/demo/vertical/assets/flags/1x1/bl.svg]
[codervent.com/syndash/demo/vertical/assets/flags/4x3/bm.svg]
[codervent.com/syndash/demo/vertical/assets/flags/1x1/bm.svg]
[codervent.com/syndash/demo/vertical/assets/flags/4x3/bn.svg]
[codervent.com/syndash/demo/vertical/assets/flags/1x1/bn.svg]
[codervent.com/syndash/demo/vertical/assets/flags/4x3/bo.svg]
[codervent.com/syndash/demo/vertical/assets/flags/1x1/bo.svg]
[codervent.com/syndash/demo/vertical/assets/flags/4x3/bq.svg]
[codervent.com/syndash/demo/vertical/assets/flags/1x1/bq.svg]
[codervent.com/syndash/demo/vertical/assets/flags/4x3/br.svg]
[codervent.com/syndash/demo/vertical/assets/flags/1x1/br.svg]
[codervent.com/syndash/demo/vertical/assets/flags/4x3/bs.svg]
[codervent.com/syndash/demo/vertical/assets/flags/1x1/bs.svg]
[codervent.com/syndash/demo/vertical/assets/flags/4x3/bt.svg]
[codervent.com/syndash/demo/vertical/assets/flags/1x1/bt.svg]
[codervent.com/syndash/demo/vertical/assets/flags/4x3/bv.svg]
[codervent.com/syndash/demo/vertical/assets/flags/1x1/bv.svg]
[codervent.com/syndash/demo/vertical/assets/flags/4x3/bw.svg]
[codervent.com/syndash/demo/vertical/assets/flags/1x1/bw.svg]
[codervent.com/syndash/demo/vertical/assets/flags/4x3/by.svg]
[codervent.com/syndash/demo/vertical/assets/flags/1x1/by.svg]
[codervent.com/syndash/demo/vertical/assets/flags/4x3/bz.svg]
[codervent.com/syndash/demo/vertical/assets/flags/1x1/bz.svg]
[codervent.com/syndash/demo/vertical/assets/flags/4x3/ca.svg]
[codervent.com/syndash/demo/vertical/assets/flags/1x1/ca.svg]
[codervent.com/syndash/demo/vertical/assets/flags/4x3/cc.svg]
[codervent.com/syndash/demo/vertical/assets/flags/1x1/cc.svg]
[codervent.com/syndash/demo/vertical/assets/flags/4x3/cd.svg]
[codervent.com/syndash/demo/vertical/assets/flags/1x1/cd.svg]
[codervent.com/syndash/demo/vertical/assets/flags/4x3/cf.svg]
[codervent.com/syndash/demo/vertical/assets/flags/1x1/cf.svg]
[codervent.com/syndash/demo/vertical/assets/flags/4x3/cg.svg]
[codervent.com/syndash/demo/vertical/assets/flags/1x1/cg.svg]
[codervent.com/syndash/demo/vertical/assets/flags/4x3/ch.svg]
[codervent.com/syndash/demo/vertical/assets/flags/1x1/ch.svg]
[codervent.com/syndash/demo/vertical/assets/flags/4x3/ci.svg]
[codervent.com/syndash/demo/vertical/assets/flags/1x1/ci.svg]
[codervent.com/syndash/demo/vertical/assets/flags/4x3/ck.svg]
[codervent.com/syndash/demo/vertical/assets/flags/1x1/ck.svg]
[codervent.com/syndash/demo/vertical/assets/flags/4x3/cl.svg]
[codervent.com/syndash/demo/vertical/assets/flags/1x1/cl.svg]
[codervent.com/syndash/demo/vertical/assets/flags/4x3/cm.svg]
[codervent.com/syndash/demo/vertical/assets/flags/1x1/cm.svg]
[codervent.com/syndash/demo/vertical/assets/flags/4x3/cn.svg]
[codervent.com/syndash/demo/vertical/assets/flags/1x1/cn.svg]
[codervent.com/syndash/demo/vertical/assets/flags/4x3/co.svg]
[codervent.com/syndash/demo/vertical/assets/flags/1x1/co.svg]
[codervent.com/syndash/demo/vertical/assets/flags/4x3/cr.svg]
[codervent.com/syndash/demo/vertical/assets/flags/1x1/cr.svg]
[codervent.com/syndash/demo/vertical/assets/flags/4x3/cu.svg]
[codervent.com/syndash/demo/vertical/assets/flags/1x1/cu.svg]
[codervent.com/syndash/demo/vertical/assets/flags/4x3/cv.svg]
[codervent.com/syndash/demo/vertical/assets/flags/1x1/cv.svg]
[codervent.com/syndash/demo/vertical/assets/flags/4x3/cw.svg]
[codervent.com/syndash/demo/vertical/assets/flags/1x1/cw.svg]
[codervent.com/syndash/demo/vertical/assets/flags/4x3/cx.svg]
[codervent.com/syndash/demo/vertical/assets/flags/1x1/cx.svg]
[codervent.com/syndash/demo/vertical/assets/flags/4x3/cy.svg]
[codervent.com/syndash/demo/vertical/assets/flags/1x1/cy.svg]
[codervent.com/syndash/demo/vertical/assets/flags/4x3/cz.svg]
[codervent.com/syndash/demo/vertical/assets/flags/1x1/cz.svg]
[codervent.com/syndash/demo/vertical/assets/flags/4x3/de.svg]
[codervent.com/syndash/demo/vertical/assets/flags/1x1/de.svg]
[codervent.com/syndash/demo/vertical/assets/flags/4x3/dj.svg]
[codervent.com/syndash/demo/vertical/assets/flags/1x1/dj.svg]
[codervent.com/syndash/demo/vertical/assets/flags/4x3/dk.svg]
[codervent.com/syndash/demo/vertical/assets/flags/1x1/dk.svg]
[codervent.com/syndash/demo/vertical/assets/flags/4x3/dm.svg]
[codervent.com/syndash/demo/vertical/assets/flags/1x1/dm.svg]
[codervent.com/syndash/demo/vertical/assets/flags/4x3/do.svg]
[codervent.com/syndash/demo/vertical/assets/flags/1x1/do.svg]
[codervent.com/syndash/demo/vertical/assets/flags/4x3/dz.svg]
[codervent.com/syndash/demo/vertical/assets/flags/1x1/dz.svg]
[codervent.com/syndash/demo/vertical/assets/flags/4x3/ec.svg]
[codervent.com/syndash/demo/vertical/assets/flags/1x1/ec.svg]
[codervent.com/syndash/demo/vertical/assets/flags/4x3/ee.svg]
[codervent.com/syndash/demo/vertical/assets/flags/1x1/ee.svg]
[codervent.com/syndash/demo/vertical/assets/flags/4x3/eg.svg]
[codervent.com/syndash/demo/vertical/assets/flags/1x1/eg.svg]
[codervent.com/syndash/demo/vertical/assets/flags/4x3/eh.svg]
[codervent.com/syndash/demo/vertical/assets/flags/1x1/eh.svg]
[codervent.com/syndash/demo/vertical/assets/flags/4x3/er.svg]
[codervent.com/syndash/demo/vertical/assets/flags/1x1/er.svg]
[codervent.com/syndash/demo/vertical/assets/flags/4x3/es.svg]
[codervent.com/syndash/demo/vertical/assets/flags/1x1/es.svg]
[codervent.com/syndash/demo/vertical/assets/flags/4x3/et.svg]
[codervent.com/syndash/demo/vertical/assets/flags/1x1/et.svg]
[codervent.com/syndash/demo/vertical/assets/flags/4x3/fi.svg]
[codervent.com/syndash/demo/vertical/assets/flags/1x1/fi.svg]
[codervent.com/syndash/demo/vertical/assets/flags/4x3/fj.svg]
[codervent.com/syndash/demo/vertical/assets/flags/1x1/fj.svg]
[codervent.com/syndash/demo/vertical/assets/flags/4x3/fk.svg]
[codervent.com/syndash/demo/vertical/assets/flags/1x1/fk.svg]
[codervent.com/syndash/demo/vertical/assets/flags/4x3/fm.svg]
[codervent.com/syndash/demo/vertical/assets/flags/1x1/fm.svg]
[codervent.com/syndash/demo/vertical/assets/flags/4x3/fo.svg]
[codervent.com/syndash/demo/vertical/assets/flags/1x1/fo.svg]
[codervent.com/syndash/demo/vertical/assets/flags/4x3/fr.svg]
[codervent.com/syndash/demo/vertical/assets/flags/1x1/fr.svg]
[codervent.com/syndash/demo/vertical/assets/flags/4x3/ga.svg]
[codervent.com/syndash/demo/vertical/assets/flags/1x1/ga.svg]
[codervent.com/syndash/demo/vertical/assets/flags/4x3/gb.svg]
[codervent.com/syndash/demo/vertical/assets/flags/1x1/gb.svg]
[codervent.com/syndash/demo/vertical/assets/flags/4x3/gd.svg]
[codervent.com/syndash/demo/vertical/assets/flags/1x1/gd.svg]
[codervent.com/syndash/demo/vertical/assets/flags/4x3/ge.svg]
[codervent.com/syndash/demo/vertical/assets/flags/1x1/ge.svg]
[codervent.com/syndash/demo/vertical/assets/flags/4x3/gf.svg]
[codervent.com/syndash/demo/vertical/assets/flags/1x1/gf.svg]
[codervent.com/syndash/demo/vertical/assets/flags/4x3/gg.svg]
[codervent.com/syndash/demo/vertical/assets/flags/1x1/gg.svg]
[codervent.com/syndash/demo/vertical/assets/flags/4x3/gh.svg]
[codervent.com/syndash/demo/vertical/assets/flags/1x1/gh.svg]
[codervent.com/syndash/demo/vertical/assets/flags/4x3/gi.svg]
[codervent.com/syndash/demo/vertical/assets/flags/1x1/gi.svg]
[codervent.com/syndash/demo/vertical/assets/flags/4x3/gl.svg]
[codervent.com/syndash/demo/vertical/assets/flags/1x1/gl.svg]
[codervent.com/syndash/demo/vertical/assets/flags/4x3/gm.svg]
[codervent.com/syndash/demo/vertical/assets/flags/1x1/gm.svg]
[codervent.com/syndash/demo/vertical/assets/flags/4x3/gn.svg]
[codervent.com/syndash/demo/vertical/assets/flags/1x1/gn.svg]
[codervent.com/syndash/demo/vertical/assets/flags/4x3/gp.svg]
[codervent.com/syndash/demo/vertical/assets/flags/1x1/gp.svg]
[codervent.com/syndash/demo/vertical/assets/flags/4x3/gq.svg]
[codervent.com/syndash/demo/vertical/assets/flags/1x1/gq.svg]
[codervent.com/syndash/demo/vertical/assets/flags/4x3/gr.svg]
[codervent.com/syndash/demo/vertical/assets/flags/1x1/gr.svg]
[codervent.com/syndash/demo/vertical/assets/flags/4x3/gs.svg]
[codervent.com/syndash/demo/vertical/assets/flags/1x1/gs.svg]
[codervent.com/syndash/demo/vertical/assets/flags/4x3/gt.svg]
[codervent.com/syndash/demo/vertical/assets/flags/1x1/gt.svg]
[codervent.com/syndash/demo/vertical/assets/flags/4x3/gu.svg]
[codervent.com/syndash/demo/vertical/assets/flags/1x1/gu.svg]
[codervent.com/syndash/demo/vertical/assets/flags/4x3/gw.svg]
[codervent.com/syndash/demo/vertical/assets/flags/1x1/gw.svg]
[codervent.com/syndash/demo/vertical/assets/flags/4x3/gy.svg]
[codervent.com/syndash/demo/vertical/assets/flags/1x1/gy.svg]
[codervent.com/syndash/demo/vertical/assets/flags/4x3/hk.svg]
[codervent.com/syndash/demo/vertical/assets/flags/1x1/hk.svg]
[codervent.com/syndash/demo/vertical/assets/flags/4x3/hm.svg]
[codervent.com/syndash/demo/vertical/assets/flags/1x1/hm.svg]
[codervent.com/syndash/demo/vertical/assets/flags/4x3/hn.svg]
[codervent.com/syndash/demo/vertical/assets/flags/1x1/hn.svg]
[codervent.com/syndash/demo/vertical/assets/flags/4x3/hr.svg]
[codervent.com/syndash/demo/vertical/assets/flags/1x1/hr.svg]
[codervent.com/syndash/demo/vertical/assets/flags/4x3/ht.svg]
[codervent.com/syndash/demo/vertical/assets/flags/1x1/ht.svg]
[codervent.com/syndash/demo/vertical/assets/flags/4x3/hu.svg]
[codervent.com/syndash/demo/vertical/assets/flags/1x1/hu.svg]
[codervent.com/syndash/demo/vertical/assets/flags/4x3/id.svg]
[codervent.com/syndash/demo/vertical/assets/flags/1x1/id.svg]
[codervent.com/syndash/demo/vertical/assets/flags/4x3/ie.svg]
[codervent.com/syndash/demo/vertical/assets/flags/1x1/ie.svg]
[codervent.com/syndash/demo/vertical/assets/flags/4x3/il.svg]
[codervent.com/syndash/demo/vertical/assets/flags/1x1/il.svg]
[codervent.com/syndash/demo/vertical/assets/flags/4x3/im.svg]
[codervent.com/syndash/demo/vertical/assets/flags/1x1/im.svg]
[codervent.com/syndash/demo/vertical/assets/flags/4x3/in.svg]
[codervent.com/syndash/demo/vertical/assets/flags/1x1/in.svg]
[codervent.com/syndash/demo/vertical/assets/flags/4x3/io.svg]
[codervent.com/syndash/demo/vertical/assets/flags/1x1/io.svg]
[codervent.com/syndash/demo/vertical/assets/flags/4x3/iq.svg]
[codervent.com/syndash/demo/vertical/assets/flags/1x1/iq.svg]
[codervent.com/syndash/demo/vertical/assets/flags/4x3/ir.svg]
[codervent.com/syndash/demo/vertical/assets/flags/1x1/ir.svg]
[codervent.com/syndash/demo/vertical/assets/flags/4x3/is.svg]
[codervent.com/syndash/demo/vertical/assets/flags/1x1/is.svg]
[codervent.com/syndash/demo/vertical/assets/flags/4x3/it.svg]
[codervent.com/syndash/demo/vertical/assets/flags/1x1/it.svg]
[codervent.com/syndash/demo/vertical/assets/flags/4x3/je.svg]
[codervent.com/syndash/demo/vertical/assets/flags/1x1/je.svg]
[codervent.com/syndash/demo/vertical/assets/flags/4x3/jm.svg]
[codervent.com/syndash/demo/vertical/assets/flags/1x1/jm.svg]
[codervent.com/syndash/demo/vertical/assets/flags/4x3/jo.svg]
[codervent.com/syndash/demo/vertical/assets/flags/1x1/jo.svg]
[codervent.com/syndash/demo/vertical/assets/flags/4x3/jp.svg]
[codervent.com/syndash/demo/vertical/assets/flags/1x1/jp.svg]
[codervent.com/syndash/demo/vertical/assets/flags/4x3/ke.svg]
[codervent.com/syndash/demo/vertical/assets/flags/1x1/ke.svg]
[codervent.com/syndash/demo/vertical/assets/flags/4x3/kg.svg]
[codervent.com/syndash/demo/vertical/assets/flags/1x1/kg.svg]
[codervent.com/syndash/demo/vertical/assets/flags/4x3/kh.svg]
[codervent.com/syndash/demo/vertical/assets/flags/1x1/kh.svg]
[codervent.com/syndash/demo/vertical/assets/flags/4x3/ki.svg]
[codervent.com/syndash/demo/vertical/assets/flags/1x1/ki.svg]
[codervent.com/syndash/demo/vertical/assets/flags/4x3/km.svg]
[codervent.com/syndash/demo/vertical/assets/flags/1x1/km.svg]
[codervent.com/syndash/demo/vertical/assets/flags/4x3/kn.svg]
[codervent.com/syndash/demo/vertical/assets/flags/1x1/kn.svg]
[codervent.com/syndash/demo/vertical/assets/flags/4x3/kp.svg]
[codervent.com/syndash/demo/vertical/assets/flags/1x1/kp.svg]
[codervent.com/syndash/demo/vertical/assets/flags/4x3/kr.svg]
[codervent.com/syndash/demo/vertical/assets/flags/1x1/kr.svg]
[codervent.com/syndash/demo/vertical/assets/flags/4x3/kw.svg]
[codervent.com/syndash/demo/vertical/assets/flags/1x1/kw.svg]
[codervent.com/syndash/demo/vertical/assets/flags/4x3/ky.svg]
[codervent.com/syndash/demo/vertical/assets/flags/1x1/ky.svg]
[codervent.com/syndash/demo/vertical/assets/flags/4x3/kz.svg]
[codervent.com/syndash/demo/vertical/assets/flags/1x1/kz.svg]
[codervent.com/syndash/demo/vertical/assets/flags/4x3/la.svg]
[codervent.com/syndash/demo/vertical/assets/flags/1x1/la.svg]
[codervent.com/syndash/demo/vertical/assets/flags/4x3/lb.svg]
[codervent.com/syndash/demo/vertical/assets/flags/1x1/lb.svg]
[codervent.com/syndash/demo/vertical/assets/flags/4x3/lc.svg]
[codervent.com/syndash/demo/vertical/assets/flags/1x1/lc.svg]
[codervent.com/syndash/demo/vertical/assets/flags/4x3/li.svg]
[codervent.com/syndash/demo/vertical/assets/flags/1x1/li.svg]
[codervent.com/syndash/demo/vertical/assets/flags/4x3/lk.svg]
[codervent.com/syndash/demo/vertical/assets/flags/1x1/lk.svg]
[codervent.com/syndash/demo/vertical/assets/flags/4x3/lr.svg]
[codervent.com/syndash/demo/vertical/assets/flags/1x1/lr.svg]
[codervent.com/syndash/demo/vertical/assets/flags/4x3/ls.svg]
[codervent.com/syndash/demo/vertical/assets/flags/1x1/ls.svg]
[codervent.com/syndash/demo/vertical/assets/flags/4x3/lt.svg]
[codervent.com/syndash/demo/vertical/assets/flags/1x1/lt.svg]
[codervent.com/syndash/demo/vertical/assets/flags/4x3/lu.svg]
[codervent.com/syndash/demo/vertical/assets/flags/1x1/lu.svg]
[codervent.com/syndash/demo/vertical/assets/flags/4x3/lv.svg]
[codervent.com/syndash/demo/vertical/assets/flags/1x1/lv.svg]
[codervent.com/syndash/demo/vertical/assets/flags/4x3/ly.svg]
[codervent.com/syndash/demo/vertical/assets/flags/1x1/ly.svg]
[codervent.com/syndash/demo/vertical/assets/flags/4x3/ma.svg]
[codervent.com/syndash/demo/vertical/assets/flags/1x1/ma.svg]
[codervent.com/syndash/demo/vertical/assets/flags/4x3/mc.svg]
[codervent.com/syndash/demo/vertical/assets/flags/1x1/mc.svg]
[codervent.com/syndash/demo/vertical/assets/flags/4x3/md.svg]
[codervent.com/syndash/demo/vertical/assets/flags/1x1/md.svg]
[codervent.com/syndash/demo/vertical/assets/flags/4x3/me.svg]
[codervent.com/syndash/demo/vertical/assets/flags/1x1/me.svg]
[codervent.com/syndash/demo/vertical/assets/flags/4x3/mf.svg]
[codervent.com/syndash/demo/vertical/assets/flags/1x1/mf.svg]
[codervent.com/syndash/demo/vertical/assets/flags/4x3/mg.svg]
[codervent.com/syndash/demo/vertical/assets/flags/1x1/mg.svg]
[codervent.com/syndash/demo/vertical/assets/flags/4x3/mh.svg]
[codervent.com/syndash/demo/vertical/assets/flags/1x1/mh.svg]
[codervent.com/syndash/demo/vertical/assets/flags/4x3/mk.svg]
[codervent.com/syndash/demo/vertical/assets/flags/1x1/mk.svg]
[codervent.com/syndash/demo/vertical/assets/flags/4x3/ml.svg]
[codervent.com/syndash/demo/vertical/assets/flags/1x1/ml.svg]
[codervent.com/syndash/demo/vertical/assets/flags/4x3/mm.svg]
[codervent.com/syndash/demo/vertical/assets/flags/1x1/mm.svg]
[codervent.com/syndash/demo/vertical/assets/flags/4x3/mn.svg]
[codervent.com/syndash/demo/vertical/assets/flags/1x1/mn.svg]
[codervent.com/syndash/demo/vertical/assets/flags/4x3/mo.svg]
[codervent.com/syndash/demo/vertical/assets/flags/1x1/mo.svg]
[codervent.com/syndash/demo/vertical/assets/flags/4x3/mp.svg]
[codervent.com/syndash/demo/vertical/assets/flags/1x1/mp.svg]
[codervent.com/syndash/demo/vertical/assets/flags/4x3/mq.svg]
[codervent.com/syndash/demo/vertical/assets/flags/1x1/mq.svg]
[codervent.com/syndash/demo/vertical/assets/flags/4x3/mr.svg]
[codervent.com/syndash/demo/vertical/assets/flags/1x1/mr.svg]
[codervent.com/syndash/demo/vertical/assets/flags/4x3/ms.svg]
[codervent.com/syndash/demo/vertical/assets/flags/1x1/ms.svg]
[codervent.com/syndash/demo/vertical/assets/flags/4x3/mt.svg]
[codervent.com/syndash/demo/vertical/assets/flags/1x1/mt.svg]
[codervent.com/syndash/demo/vertical/assets/flags/4x3/mu.svg]
[codervent.com/syndash/demo/vertical/assets/flags/1x1/mu.svg]
[codervent.com/syndash/demo/vertical/assets/flags/4x3/mv.svg]
[codervent.com/syndash/demo/vertical/assets/flags/1x1/mv.svg]
[codervent.com/syndash/demo/vertical/assets/flags/4x3/mw.svg]
[codervent.com/syndash/demo/vertical/assets/flags/1x1/mw.svg]
[codervent.com/syndash/demo/vertical/assets/flags/4x3/mx.svg]
[codervent.com/syndash/demo/vertical/assets/flags/1x1/mx.svg]
[codervent.com/syndash/demo/vertical/assets/flags/4x3/my.svg]
[codervent.com/syndash/demo/vertical/assets/flags/1x1/my.svg]
[codervent.com/syndash/demo/vertical/assets/flags/4x3/mz.svg]
[codervent.com/syndash/demo/vertical/assets/flags/1x1/mz.svg]
[codervent.com/syndash/demo/vertical/assets/flags/4x3/na.svg]
[codervent.com/syndash/demo/vertical/assets/flags/1x1/na.svg]
[codervent.com/syndash/demo/vertical/assets/flags/4x3/nc.svg]
[codervent.com/syndash/demo/vertical/assets/flags/1x1/nc.svg]
[codervent.com/syndash/demo/vertical/assets/flags/4x3/ne.svg]
[codervent.com/syndash/demo/vertical/assets/flags/1x1/ne.svg]
[codervent.com/syndash/demo/vertical/assets/flags/4x3/nf.svg]
[codervent.com/syndash/demo/vertical/assets/flags/1x1/nf.svg]
[codervent.com/syndash/demo/vertical/assets/flags/4x3/ng.svg]
[codervent.com/syndash/demo/vertical/assets/flags/1x1/ng.svg]
[codervent.com/syndash/demo/vertical/assets/flags/4x3/ni.svg]
[codervent.com/syndash/demo/vertical/assets/flags/1x1/ni.svg]
[codervent.com/syndash/demo/vertical/assets/flags/4x3/nl.svg]
[codervent.com/syndash/demo/vertical/assets/flags/1x1/nl.svg]
[codervent.com/syndash/demo/vertical/assets/flags/4x3/no.svg]
[codervent.com/syndash/demo/vertical/assets/flags/1x1/no.svg]
[codervent.com/syndash/demo/vertical/assets/flags/4x3/np.svg]
[codervent.com/syndash/demo/vertical/assets/flags/1x1/np.svg]
[codervent.com/syndash/demo/vertical/assets/flags/4x3/nr.svg]
[codervent.com/syndash/demo/vertical/assets/flags/1x1/nr.svg]
[codervent.com/syndash/demo/vertical/assets/flags/4x3/nu.svg]
[codervent.com/syndash/demo/vertical/assets/flags/1x1/nu.svg]
[codervent.com/syndash/demo/vertical/assets/flags/4x3/nz.svg]
[codervent.com/syndash/demo/vertical/assets/flags/1x1/nz.svg]
[codervent.com/syndash/demo/vertical/assets/flags/4x3/om.svg]
[codervent.com/syndash/demo/vertical/assets/flags/1x1/om.svg]
[codervent.com/syndash/demo/vertical/assets/flags/4x3/pa.svg]
[codervent.com/syndash/demo/vertical/assets/flags/1x1/pa.svg]
[codervent.com/syndash/demo/vertical/assets/flags/4x3/pe.svg]
[codervent.com/syndash/demo/vertical/assets/flags/1x1/pe.svg]
[codervent.com/syndash/demo/vertical/assets/flags/4x3/pf.svg]
[codervent.com/syndash/demo/vertical/assets/flags/1x1/pf.svg]
[codervent.com/syndash/demo/vertical/assets/flags/4x3/pg.svg]
[codervent.com/syndash/demo/vertical/assets/flags/1x1/pg.svg]
[codervent.com/syndash/demo/vertical/assets/flags/4x3/ph.svg]
[codervent.com/syndash/demo/vertical/assets/flags/1x1/ph.svg]
[codervent.com/syndash/demo/vertical/assets/flags/4x3/pk.svg]
[codervent.com/syndash/demo/vertical/assets/flags/1x1/pk.svg]
[codervent.com/syndash/demo/vertical/assets/flags/4x3/pl.svg]
[codervent.com/syndash/demo/vertical/assets/flags/1x1/pl.svg]
[codervent.com/syndash/demo/vertical/assets/flags/4x3/pm.svg]
[codervent.com/syndash/demo/vertical/assets/flags/1x1/pm.svg]
[codervent.com/syndash/demo/vertical/assets/flags/4x3/pn.svg]
[codervent.com/syndash/demo/vertical/assets/flags/1x1/pn.svg]
[codervent.com/syndash/demo/vertical/assets/flags/4x3/pr.svg]
[codervent.com/syndash/demo/vertical/assets/flags/1x1/pr.svg]
[codervent.com/syndash/demo/vertical/assets/flags/4x3/ps.svg]
[codervent.com/syndash/demo/vertical/assets/flags/1x1/ps.svg]
[codervent.com/syndash/demo/vertical/assets/flags/4x3/pt.svg]
[codervent.com/syndash/demo/vertical/assets/flags/1x1/pt.svg]
[codervent.com/syndash/demo/vertical/assets/flags/4x3/pw.svg]
[codervent.com/syndash/demo/vertical/assets/flags/1x1/pw.svg]
[codervent.com/syndash/demo/vertical/assets/flags/4x3/py.svg]
[codervent.com/syndash/demo/vertical/assets/flags/1x1/py.svg]
[codervent.com/syndash/demo/vertical/assets/flags/4x3/qa.svg]
[codervent.com/syndash/demo/vertical/assets/flags/1x1/qa.svg]
[codervent.com/syndash/demo/vertical/assets/flags/4x3/re.svg]
[codervent.com/syndash/demo/vertical/assets/flags/1x1/re.svg]
[codervent.com/syndash/demo/vertical/assets/flags/4x3/ro.svg]
[codervent.com/syndash/demo/vertical/assets/flags/1x1/ro.svg]
[codervent.com/syndash/demo/vertical/assets/flags/4x3/rs.svg]
[codervent.com/syndash/demo/vertical/assets/flags/1x1/rs.svg]
[codervent.com/syndash/demo/vertical/assets/flags/4x3/ru.svg]
[codervent.com/syndash/demo/vertical/assets/flags/1x1/ru.svg]
[codervent.com/syndash/demo/vertical/assets/flags/4x3/rw.svg]
[codervent.com/syndash/demo/vertical/assets/flags/1x1/rw.svg]
[codervent.com/syndash/demo/vertical/assets/flags/4x3/sa.svg]
[codervent.com/syndash/demo/vertical/assets/flags/1x1/sa.svg]
[codervent.com/syndash/demo/vertical/assets/flags/4x3/sb.svg]
[codervent.com/syndash/demo/vertical/assets/flags/1x1/sb.svg]
[codervent.com/syndash/demo/vertical/assets/flags/4x3/sc.svg]
[codervent.com/syndash/demo/vertical/assets/flags/1x1/sc.svg]
[codervent.com/syndash/demo/vertical/assets/flags/4x3/sd.svg]
[codervent.com/syndash/demo/vertical/assets/flags/1x1/sd.svg]
[codervent.com/syndash/demo/vertical/assets/flags/4x3/se.svg]
[codervent.com/syndash/demo/vertical/assets/flags/1x1/se.svg]
[codervent.com/syndash/demo/vertical/assets/flags/4x3/sg.svg]
[codervent.com/syndash/demo/vertical/assets/flags/1x1/sg.svg]
[codervent.com/syndash/demo/vertical/assets/flags/4x3/sh.svg]
[codervent.com/syndash/demo/vertical/assets/flags/1x1/sh.svg]
[codervent.com/syndash/demo/vertical/assets/flags/4x3/si.svg]
[codervent.com/syndash/demo/vertical/assets/flags/1x1/si.svg]
[codervent.com/syndash/demo/vertical/assets/flags/4x3/sj.svg]
[codervent.com/syndash/demo/vertical/assets/flags/1x1/sj.svg]
[codervent.com/syndash/demo/vertical/assets/flags/4x3/sk.svg]
[codervent.com/syndash/demo/vertical/assets/flags/1x1/sk.svg]
[codervent.com/syndash/demo/vertical/assets/flags/4x3/sl.svg]
[codervent.com/syndash/demo/vertical/assets/flags/1x1/sl.svg]
[codervent.com/syndash/demo/vertical/assets/flags/4x3/sm.svg]
[codervent.com/syndash/demo/vertical/assets/flags/1x1/sm.svg]
[codervent.com/syndash/demo/vertical/assets/flags/4x3/sn.svg]
[codervent.com/syndash/demo/vertical/assets/flags/1x1/sn.svg]
[codervent.com/syndash/demo/vertical/assets/flags/4x3/so.svg]
[codervent.com/syndash/demo/vertical/assets/flags/1x1/so.svg]
[codervent.com/syndash/demo/vertical/assets/flags/4x3/sr.svg]
[codervent.com/syndash/demo/vertical/assets/flags/1x1/sr.svg]
[codervent.com/syndash/demo/vertical/assets/flags/4x3/ss.svg]
[codervent.com/syndash/demo/vertical/assets/flags/1x1/ss.svg]
[codervent.com/syndash/demo/vertical/assets/flags/4x3/st.svg]
[codervent.com/syndash/demo/vertical/assets/flags/1x1/st.svg]
[codervent.com/syndash/demo/vertical/assets/flags/4x3/sv.svg]
[codervent.com/syndash/demo/vertical/assets/flags/1x1/sv.svg]
[codervent.com/syndash/demo/vertical/assets/flags/4x3/sx.svg]
[codervent.com/syndash/demo/vertical/assets/flags/1x1/sx.svg]
[codervent.com/syndash/demo/vertical/assets/flags/4x3/sy.svg]
[codervent.com/syndash/demo/vertical/assets/flags/1x1/sy.svg]
[codervent.com/syndash/demo/vertical/assets/flags/4x3/sz.svg]
[codervent.com/syndash/demo/vertical/assets/flags/1x1/sz.svg]
[codervent.com/syndash/demo/vertical/assets/flags/4x3/tc.svg]
[codervent.com/syndash/demo/vertical/assets/flags/1x1/tc.svg]
[codervent.com/syndash/demo/vertical/assets/flags/4x3/td.svg]
[codervent.com/syndash/demo/vertical/assets/flags/1x1/td.svg]
[codervent.com/syndash/demo/vertical/assets/flags/4x3/tf.svg]
[codervent.com/syndash/demo/vertical/assets/flags/1x1/tf.svg]
[codervent.com/syndash/demo/vertical/assets/flags/4x3/tg.svg]
[codervent.com/syndash/demo/vertical/assets/flags/1x1/tg.svg]
[codervent.com/syndash/demo/vertical/assets/flags/4x3/th.svg]
[codervent.com/syndash/demo/vertical/assets/flags/1x1/th.svg]
[codervent.com/syndash/demo/vertical/assets/flags/4x3/tj.svg]
[codervent.com/syndash/demo/vertical/assets/flags/1x1/tj.svg]
[codervent.com/syndash/demo/vertical/assets/flags/4x3/tk.svg]
[codervent.com/syndash/demo/vertical/assets/flags/1x1/tk.svg]
[codervent.com/syndash/demo/vertical/assets/flags/4x3/tl.svg]
[codervent.com/syndash/demo/vertical/assets/flags/1x1/tl.svg]
[codervent.com/syndash/demo/vertical/assets/flags/4x3/tm.svg]
[codervent.com/syndash/demo/vertical/assets/flags/1x1/tm.svg]
[codervent.com/syndash/demo/vertical/assets/flags/4x3/tn.svg]
[codervent.com/syndash/demo/vertical/assets/flags/1x1/tn.svg]
[codervent.com/syndash/demo/vertical/assets/flags/4x3/to.svg]
[codervent.com/syndash/demo/vertical/assets/flags/1x1/to.svg]
[codervent.com/syndash/demo/vertical/assets/flags/4x3/tr.svg]
[codervent.com/syndash/demo/vertical/assets/flags/1x1/tr.svg]
[codervent.com/syndash/demo/vertical/assets/flags/4x3/tt.svg]
[codervent.com/syndash/demo/vertical/assets/flags/1x1/tt.svg]
[codervent.com/syndash/demo/vertical/assets/flags/4x3/tv.svg]
[codervent.com/syndash/demo/vertical/assets/flags/1x1/tv.svg]
[codervent.com/syndash/demo/vertical/assets/flags/4x3/tw.svg]
[codervent.com/syndash/demo/vertical/assets/flags/1x1/tw.svg]
[codervent.com/syndash/demo/vertical/assets/flags/4x3/tz.svg]
[codervent.com/syndash/demo/vertical/assets/flags/1x1/tz.svg]
[codervent.com/syndash/demo/vertical/assets/flags/4x3/ua.svg]
[codervent.com/syndash/demo/vertical/assets/flags/1x1/ua.svg]
[codervent.com/syndash/demo/vertical/assets/flags/4x3/ug.svg]
[codervent.com/syndash/demo/vertical/assets/flags/1x1/ug.svg]
[codervent.com/syndash/demo/vertical/assets/flags/4x3/um.svg]
[codervent.com/syndash/demo/vertical/assets/flags/1x1/um.svg]
[codervent.com/syndash/demo/vertical/assets/flags/4x3/us.svg]
[codervent.com/syndash/demo/vertical/assets/flags/1x1/us.svg]
[codervent.com/syndash/demo/vertical/assets/flags/4x3/uy.svg]
[codervent.com/syndash/demo/vertical/assets/flags/1x1/uy.svg]
[codervent.com/syndash/demo/vertical/assets/flags/4x3/uz.svg]
[codervent.com/syndash/demo/vertical/assets/flags/1x1/uz.svg]
[codervent.com/syndash/demo/vertical/assets/flags/4x3/va.svg]
[codervent.com/syndash/demo/vertical/assets/flags/1x1/va.svg]
[codervent.com/syndash/demo/vertical/assets/flags/4x3/vc.svg]
[codervent.com/syndash/demo/vertical/assets/flags/1x1/vc.svg]
[codervent.com/syndash/demo/vertical/assets/flags/4x3/ve.svg]
[codervent.com/syndash/demo/vertical/assets/flags/1x1/ve.svg]
[codervent.com/syndash/demo/vertical/assets/flags/4x3/vg.svg]
[codervent.com/syndash/demo/vertical/assets/flags/1x1/vg.svg]
[codervent.com/syndash/demo/vertical/assets/flags/4x3/vi.svg]
[codervent.com/syndash/demo/vertical/assets/flags/1x1/vi.svg]
[codervent.com/syndash/demo/vertical/assets/flags/4x3/vn.svg]
[codervent.com/syndash/demo/vertical/assets/flags/1x1/vn.svg]
[codervent.com/syndash/demo/vertical/assets/flags/4x3/vu.svg]
[codervent.com/syndash/demo/vertical/assets/flags/1x1/vu.svg]
[codervent.com/syndash/demo/vertical/assets/flags/4x3/wf.svg]
[codervent.com/syndash/demo/vertical/assets/flags/1x1/wf.svg]
[codervent.com/syndash/demo/vertical/assets/flags/4x3/ws.svg]
[codervent.com/syndash/demo/vertical/assets/flags/1x1/ws.svg]
[codervent.com/syndash/demo/vertical/assets/flags/4x3/ye.svg]
[codervent.com/syndash/demo/vertical/assets/flags/1x1/ye.svg]
[codervent.com/syndash/demo/vertical/assets/flags/4x3/yt.svg]
[codervent.com/syndash/demo/vertical/assets/flags/1x1/yt.svg]
[codervent.com/syndash/demo/vertical/assets/flags/4x3/za.svg]
[codervent.com/syndash/demo/vertical/assets/flags/1x1/za.svg]
[codervent.com/syndash/demo/vertical/assets/flags/4x3/zm.svg]
[codervent.com/syndash/demo/vertical/assets/flags/1x1/zm.svg]
[codervent.com/syndash/demo/vertical/assets/flags/4x3/zw.svg]
[codervent.com/syndash/demo/vertical/assets/flags/1x1/zw.svg]
[codervent.com/syndash/demo/vertical/assets/flags/4x3/es-ct.svg]
[codervent.com/syndash/demo/vertical/assets/flags/1x1/es-ct.svg]
[codervent.com/syndash/demo/vertical/assets/flags/4x3/eu.svg]
[codervent.com/syndash/demo/vertical/assets/flags/1x1/eu.svg]
[codervent.com/syndash/demo/vertical/assets/flags/4x3/gb-eng.svg]
[codervent.com/syndash/demo/vertical/assets/flags/1x1/gb-eng.svg]
[codervent.com/syndash/demo/vertical/assets/flags/4x3/gb-nir.svg]
[codervent.com/syndash/demo/vertical/assets/flags/1x1/gb-nir.svg]
[codervent.com/syndash/demo/vertical/assets/flags/4x3/gb-sct.svg]
[codervent.com/syndash/demo/vertical/assets/flags/1x1/gb-sct.svg]
[codervent.com/syndash/demo/vertical/assets/flags/4x3/gb-wls.svg]
[codervent.com/syndash/demo/vertical/assets/flags/1x1/gb-wls.svg]
[codervent.com/syndash/demo/vertical/assets/flags/4x3/un.svg]
[codervent.com/syndash/demo/vertical/assets/flags/1x1/un.svg]
[codervent.com/syndash/demo/vertical/emailread.html]
[codervent.com/syndash/demo/vertical/assets/plugins/fullcalendar/css/main.min.css]
[codervent.com/syndash/demo/vertical/assets/plugins/datatable/js/jquery.dataTables.min.js]
[codervent.com/syndash/demo/vertical/assets/plugins/notifications/css/lobibox.min.css]
[codervent.com/syndash/demo/vertical/assets/css/animate.css]
[codervent.com/syndash/demo/vertical/assets/plugins/input-tags/css/tagsinput.css]
[codervent.com/syndash/demo/vertical/assets/plugins/smart-wizard/css/smart_wizard_all.min.css]
[codervent.com/syndash/demo/vertical/assets/plugins/fancy-file-uploader/fancy_upload.png]
[codervent.com/syndash/demo/vertical/assets/images/gallery/34.jpg]
[codervent.com/syndash/demo/vertical/assets/plugins/fancy-file-uploader/fancy_microphone.png]
[codervent.com/syndash/demo/vertical/assets/plugins/fancy-file-uploader/fancy_webcam.png]
[codervent.com/syndash/demo/vertical/assets/plugins/fancy-file-uploader/fancy_okay.png]
[codervent.com/syndash/demo/vertical/assets/plugins/fancy-file-uploader/fancy_remove.png]
[codervent.com/syndash/demo/vertical/assets/plugins/fancy-file-uploader/fancy_fileupload.css]
[codervent.com/syndash/demo/vertical/assets/plugins/Drag-And-Drop/dist/imageuploadify.min.css]
[codervent.com/syndash/demo/vertical/assets/plugins/datetimepicker/css/classic.css]
[codervent.com/syndash/demo/vertical/assets/plugins/datetimepicker/css/classic.time.css]
[codervent.com/syndash/demo/vertical/assets/plugins/datetimepicker/css/classic.date.css]
[codervent.com/syndash/demo/vertical/assets/plugins/bootstrap-material-datetimepicker/css/bootstrap-material-datetimepicker.min.css]
[codervent.com/syndash/demo/vertical/assets/plugins/select2/css/select2.min.css]
[codervent.com/syndash/demo/vertical/assets/plugins/select2/css/select2-bootstrap4.css]
[codervent.com/syndash/demo/vertical/assets/plugins/datatable/css/dataTables.bootstrap4.min.css]
[codervent.com/syndash/demo/vertical/assets/plugins/datatable/css/buttons.bootstrap4.min.css]
[use.fontawesome.com/releases/v5.8.1/css/all.css]
[codervent.com/syndash/demo/vertical/assets/images/icons/search.svg]
[codervent.com/syndash/demo/vertical/assets/plugins/apexcharts-bundle/css/apexcharts.css]
[codervent.com/syndash/demo/vertical/assets/plugins/highcharts/css/highcharts.css]
