[demo.epic-webdesign.com/tf-essentials/v1/index.html]
[backblue.gif]
[fade.gif]
[index.html]
[demo.epic-webdesign.com/tf-essentials/v1/css/bootstrap.min.css]
[demo.epic-webdesign.com/tf-essentials/v1/css/style.css]
[demo.epic-webdesign.com/tf-essentials/v1/css/animate.css]
[demo.epic-webdesign.com/tf-essentials/v1/css/style-magnific-popup.css]
[demo.epic-webdesign.com/tf-essentials/v1/css/all.min.css]
[demo.epic-webdesign.com/tf-essentials/v1/images/favicon.ico]
[demo.epic-webdesign.com/tf-essentials/v1/images/website-development.jpg]
[demo.epic-webdesign.com/tf-essentials/v1/images/main-service1.png]
[demo.epic-webdesign.com/tf-essentials/v1/images/main-service2.png]
[demo.epic-webdesign.com/tf-essentials/v1/images/main-service3.png]
[demo.epic-webdesign.com/tf-essentials/v1/images/img10.png]
[demo.epic-webdesign.com/tf-essentials/v1/images/img2.jpg]
[demo.epic-webdesign.com/tf-essentials/v1/images/testimonials-woman.jpg]
[demo.epic-webdesign.com/tf-essentials/v1/images/award4a.png]
[demo.epic-webdesign.com/tf-essentials/v1/images/award1a.png]
[demo.epic-webdesign.com/tf-essentials/v1/images/award5.png]
[demo.epic-webdesign.com/tf-essentials/v1/images/award3a.png]
[demo.epic-webdesign.com/tf-essentials/v1/images/img4.jpg]
[demo.epic-webdesign.com/tf-essentials/v1/images/team1.jpg]
[demo.epic-webdesign.com/tf-essentials/v1/images/team4.jpg]
[demo.epic-webdesign.com/tf-essentials/v1/images/team3.jpg]
[demo.epic-webdesign.com/tf-essentials/v1/images/showcase1.jpg]
[demo.epic-webdesign.com/tf-essentials/v1/images/showcase2.jpg]
[demo.epic-webdesign.com/tf-essentials/v1/images/showcase3.jpg]
[demo.epic-webdesign.com/tf-essentials/v1/images/showcase4.jpg]
[demo.epic-webdesign.com/tf-essentials/v1/images/showcase5.jpg]
[demo.epic-webdesign.com/tf-essentials/v1/images/showcase6.jpg]
[demo.epic-webdesign.com/tf-essentials/v1/images/showcase7.jpg]
[demo.epic-webdesign.com/tf-essentials/v1/images/showcase8.jpg]
[demo.epic-webdesign.com/tf-essentials/v1/images/testimonials1.jpg]
[demo.epic-webdesign.com/tf-essentials/v1/images/testimonials2.jpg]
[demo.epic-webdesign.com/tf-essentials/v1/images/testimonials3.jpg]
[demo.epic-webdesign.com/tf-essentials/v1/images/img0.png]
[demo.epic-webdesign.com/tf-essentials/v1/images/blog1.jpg]
[demo.epic-webdesign.com/tf-essentials/v1/images/blog2.jpg]
[demo.epic-webdesign.com/tf-essentials/v1/images/blog3.jpg]
[demo.epic-webdesign.com/tf-essentials/v1/js/jquery-3.3.1.min.js]
[demo.epic-webdesign.com/tf-essentials/v1/js/bootstrap.min.js]
[demo.epic-webdesign.com/tf-essentials/v1/js/jquery.scrollTo-min.js]
[demo.epic-webdesign.com/tf-essentials/v1/js/jquery.magnific-popup.min.js]
[demo.epic-webdesign.com/tf-essentials/v1/js/jquery.nav.js]
[demo.epic-webdesign.com/tf-essentials/v1/js/wow.js]
[demo.epic-webdesign.com/tf-essentials/v1/js/plugins.js]
[demo.epic-webdesign.com/tf-essentials/v1/index.html]
[demo.epic-webdesign.com/tf-essentials/v1/js/custom.js]
[demo.epic-webdesign.com/tf-essentials/v1/css/bootstrap.min.css]
[demo.epic-webdesign.com/tf-essentials/v1/css/style.css]
[demo.epic-webdesign.com/tf-essentials/v1/css/animate.css]
[demo.epic-webdesign.com/tf-essentials/v1/css/style-magnific-popup.css]
[demo.epic-webdesign.com/tf-essentials/v1/webfonts/fa-brands-400.eot]
[demo.epic-webdesign.com/tf-essentials/v1/webfonts/fa-brands-400d41d.eot]
[demo.epic-webdesign.com/tf-essentials/v1/webfonts/fa-brands-400.woff2]
[demo.epic-webdesign.com/tf-essentials/v1/webfonts/fa-brands-400.woff]
[demo.epic-webdesign.com/tf-essentials/v1/webfonts/fa-brands-400.ttf]
[demo.epic-webdesign.com/tf-essentials/v1/webfonts/fa-regular-400.eot]
[demo.epic-webdesign.com/tf-essentials/v1/webfonts/fa-regular-400d41d.eot]
[demo.epic-webdesign.com/tf-essentials/v1/webfonts/fa-regular-400.woff2]
[demo.epic-webdesign.com/tf-essentials/v1/webfonts/fa-regular-400.woff]
[demo.epic-webdesign.com/tf-essentials/v1/webfonts/fa-regular-400.ttf]
[demo.epic-webdesign.com/tf-essentials/v1/webfonts/fa-brands-400.svg]
[demo.epic-webdesign.com/tf-essentials/v1/webfonts/fa-regular-400.svg]
[demo.epic-webdesign.com/tf-essentials/v1/webfonts/fa-solid-900.eot]
[demo.epic-webdesign.com/tf-essentials/v1/webfonts/fa-solid-900d41d.eot]
[demo.epic-webdesign.com/tf-essentials/v1/webfonts/fa-solid-900.woff2]
[demo.epic-webdesign.com/tf-essentials/v1/webfonts/fa-solid-900.woff]
[demo.epic-webdesign.com/tf-essentials/v1/webfonts/fa-solid-900.ttf]
[demo.epic-webdesign.com/tf-essentials/v1/css/all.min.css]
[demo.epic-webdesign.com/tf-essentials/v1/js/jquery-3.3.1.min.js]
[demo.epic-webdesign.com/tf-essentials/v1/webfonts/fa-solid-900.svg]
[demo.epic-webdesign.com/tf-essentials/v1/popper.js]
[demo.epic-webdesign.com/tf-essentials/v1/js/bootstrap.min.js]
[demo.epic-webdesign.com/tf-essentials/v1/js/jquery.scrollTo-min.js]
[demo.epic-webdesign.com/tf-essentials/v1/js/jquery.magnific-popup.min.js]
[demo.epic-webdesign.com/tf-essentials/v1/js/jquery.nav.js]
[demo.epic-webdesign.com/tf-essentials/v1/js/wow.js]
[demo.epic-webdesign.com/tf-essentials/v1/js/plugins.js]
[demo.epic-webdesign.com/tf-essentials/v1/js/custom.js]
[demo.epic-webdesign.com/tf-essentials/v1/webfonts/fa-brands-400.svg]
[demo.epic-webdesign.com/tf-essentials/v1/webfonts/fa-regular-400.svg]
[demo.epic-webdesign.com/tf-essentials/v1/webfonts/fa-solid-900.svg]
[demo.epic-webdesign.com/tf-essentials/v1/popper.html]
