[themesbrand.com/velzon/html/default/dashboard-projects.html]
[backblue.gif]
[fade.gif]
[index.html]
[themesbrand.com/velzon/html/default/assets/images/favicon.ico]
[themesbrand.com/velzon/html/default/assets/js/layout.js]
[themesbrand.com/velzon/html/default/assets/css/bootstrap.min.css]
[themesbrand.com/velzon/html/default/assets/css/app.min.css]
[themesbrand.com/velzon/html/default/assets/css/icons.min.css]
[themesbrand.com/velzon/html/default/index.html]
[themesbrand.com/velzon/html/default/assets/images/logo-sm.png]
[themesbrand.com/velzon/html/default/assets/images/logo-dark.png]
[themesbrand.com/velzon/html/default/assets/images/logo-light.png]
[themesbrand.com/velzon/html/default/assets/images/users/avatar-2.jpg]
[themesbrand.com/velzon/html/default/assets/images/users/avatar-3.jpg]
[themesbrand.com/velzon/html/default/assets/images/users/avatar-5.jpg]
[themesbrand.com/velzon/html/default/pages-search-results.html]
[themesbrand.com/velzon/html/default/assets/images/brands/github.png]
[themesbrand.com/velzon/html/default/assets/images/brands/bitbucket.png]
[themesbrand.com/velzon/html/default/assets/images/brands/dribbble.png]
[themesbrand.com/velzon/html/default/assets/images/brands/dropbox.png]
[themesbrand.com/velzon/html/default/assets/images/brands/mail_chimp.png]
[themesbrand.com/velzon/html/default/assets/images/brands/slack.png]
[themesbrand.com/velzon/html/default/apps-ecommerce-products.html]
[themesbrand.com/velzon/html/default/assets/images/products/img-1.png]
[themesbrand.com/velzon/html/default/apps-ecommerce-product-details.html]
[themesbrand.com/velzon/html/default/assets/images/products/img-2.png]
[themesbrand.com/velzon/html/default/assets/images/products/img-3.png]
[themesbrand.com/velzon/html/default/assets/images/products/img-6.png]
[themesbrand.com/velzon/html/default/assets/images/products/img-5.png]
[themesbrand.com/velzon/html/default/apps-ecommerce-checkout.html]
[themesbrand.com/velzon/html/default/assets/images/users/avatar-8.jpg]
[themesbrand.com/velzon/html/default/assets/images/users/avatar-6.jpg]
[themesbrand.com/velzon/html/default/assets/images/users/avatar-1.jpg]
[themesbrand.com/velzon/html/default/pages-profile.html]
[themesbrand.com/velzon/html/default/apps-chat.html]
[themesbrand.com/velzon/html/default/apps-tasks-kanban.html]
[themesbrand.com/velzon/html/default/pages-faqs.html]
[themesbrand.com/velzon/html/default/pages-profile-settings.html]
[themesbrand.com/velzon/html/default/auth-lockscreen-basic.html]
[themesbrand.com/velzon/html/default/auth-logout-basic.html]
[themesbrand.com/velzon/html/default/dashboard-analytics.html]
[themesbrand.com/velzon/html/default/dashboard-crm.html]
[themesbrand.com/velzon/html/default/dashboard-crypto.html]
[themesbrand.com/velzon/html/default/dashboard-nft.html]
[themesbrand.com/velzon/html/default/dashboard-job.html]
[themesbrand.com/velzon/html/default/apps-calendar.html]
[themesbrand.com/velzon/html/default/apps-mailbox.html]
[themesbrand.com/velzon/html/default/apps-email-basic.html]
[themesbrand.com/velzon/html/default/apps-email-ecommerce.html]
[themesbrand.com/velzon/html/default/apps-ecommerce-add-product.html]
[themesbrand.com/velzon/html/default/apps-ecommerce-orders.html]
[themesbrand.com/velzon/html/default/apps-ecommerce-order-details.html]
[themesbrand.com/velzon/html/default/apps-ecommerce-customers.html]
[themesbrand.com/velzon/html/default/apps-ecommerce-cart.html]
[themesbrand.com/velzon/html/default/apps-ecommerce-sellers.html]
[themesbrand.com/velzon/html/default/apps-ecommerce-seller-details.html]
[themesbrand.com/velzon/html/default/apps-projects-list.html]
[themesbrand.com/velzon/html/default/apps-projects-overview.html]
[themesbrand.com/velzon/html/default/apps-projects-create.html]
[themesbrand.com/velzon/html/default/apps-tasks-list-view.html]
[themesbrand.com/velzon/html/default/apps-tasks-details.html]
[themesbrand.com/velzon/html/default/apps-crm-contacts.html]
[themesbrand.com/velzon/html/default/apps-crm-companies.html]
[themesbrand.com/velzon/html/default/apps-crm-deals.html]
[themesbrand.com/velzon/html/default/apps-crm-leads.html]
[themesbrand.com/velzon/html/default/apps-crypto-transactions.html]
[themesbrand.com/velzon/html/default/apps-crypto-buy-sell.html]
[themesbrand.com/velzon/html/default/apps-crypto-orders.html]
[themesbrand.com/velzon/html/default/apps-crypto-wallet.html]
[themesbrand.com/velzon/html/default/apps-crypto-ico.html]
[themesbrand.com/velzon/html/default/apps-crypto-kyc.html]
[themesbrand.com/velzon/html/default/apps-invoices-list.html]
[themesbrand.com/velzon/html/default/apps-invoices-details.html]
[themesbrand.com/velzon/html/default/apps-invoices-create.html]
[themesbrand.com/velzon/html/default/apps-tickets-list.html]
[themesbrand.com/velzon/html/default/apps-tickets-details.html]
[themesbrand.com/velzon/html/default/apps-nft-marketplace.html]
[themesbrand.com/velzon/html/default/apps-nft-explore.html]
[themesbrand.com/velzon/html/default/apps-nft-auction.html]
[themesbrand.com/velzon/html/default/apps-nft-item-details.html]
[themesbrand.com/velzon/html/default/apps-nft-collections.html]
[themesbrand.com/velzon/html/default/apps-nft-creators.html]
[themesbrand.com/velzon/html/default/apps-nft-ranking.html]
[themesbrand.com/velzon/html/default/apps-nft-wallet.html]
[themesbrand.com/velzon/html/default/apps-nft-create.html]
[themesbrand.com/velzon/html/default/apps-file-manager.html]
[themesbrand.com/velzon/html/default/apps-todo.html]
[themesbrand.com/velzon/html/default/apps-job-statistics.html]
[themesbrand.com/velzon/html/default/apps-job-lists.html]
[themesbrand.com/velzon/html/default/apps-job-grid-lists.html]
[themesbrand.com/velzon/html/default/apps-job-details.html]
[themesbrand.com/velzon/html/default/apps-job-candidate-lists.html]
[themesbrand.com/velzon/html/default/apps-job-candidate-grid.html]
[themesbrand.com/velzon/html/default/apps-job-application.html]
[themesbrand.com/velzon/html/default/apps-job-new.html]
[themesbrand.com/velzon/html/default/apps-job-companies-lists.html]
[themesbrand.com/velzon/html/default/apps-job-categories.html]
[themesbrand.com/velzon/html/default/apps-api-key.html]
[themesbrand.com/velzon/html/default/layouts-horizontal.html]
[themesbrand.com/velzon/html/default/layouts-detached.html]
[themesbrand.com/velzon/html/default/layouts-two-column.html]
[themesbrand.com/velzon/html/default/layouts-vertical-hovered.html]
[themesbrand.com/velzon/html/default/auth-signin-basic.html]
[themesbrand.com/velzon/html/default/auth-signin-cover.html]
[themesbrand.com/velzon/html/default/auth-signup-basic.html]
[themesbrand.com/velzon/html/default/auth-signup-cover.html]
[themesbrand.com/velzon/html/default/auth-pass-reset-basic.html]
[themesbrand.com/velzon/html/default/auth-pass-reset-cover.html]
[themesbrand.com/velzon/html/default/auth-pass-change-basic.html]
[themesbrand.com/velzon/html/default/auth-pass-change-cover.html]
[themesbrand.com/velzon/html/default/auth-lockscreen-cover.html]
[themesbrand.com/velzon/html/default/auth-logout-cover.html]
[themesbrand.com/velzon/html/default/auth-success-msg-basic.html]
[themesbrand.com/velzon/html/default/auth-success-msg-cover.html]
[themesbrand.com/velzon/html/default/auth-twostep-basic.html]
[themesbrand.com/velzon/html/default/auth-twostep-cover.html]
[themesbrand.com/velzon/html/default/auth-404-basic.html]
[themesbrand.com/velzon/html/default/auth-404-cover.html]
[themesbrand.com/velzon/html/default/auth-404-alt.html]
[themesbrand.com/velzon/html/default/auth-500.html]
[themesbrand.com/velzon/html/default/auth-offline.html]
[themesbrand.com/velzon/html/default/pages-starter.html]
[themesbrand.com/velzon/html/default/pages-team.html]
[themesbrand.com/velzon/html/default/pages-timeline.html]
[themesbrand.com/velzon/html/default/pages-pricing.html]
[themesbrand.com/velzon/html/default/pages-gallery.html]
[themesbrand.com/velzon/html/default/pages-maintenance.html]
[themesbrand.com/velzon/html/default/pages-coming-soon.html]
[themesbrand.com/velzon/html/default/pages-sitemap.html]
[themesbrand.com/velzon/html/default/pages-privacy-policy.html]
[themesbrand.com/velzon/html/default/pages-term-conditions.html]
[themesbrand.com/velzon/html/default/landing.html]
[themesbrand.com/velzon/html/default/nft-landing.html]
[themesbrand.com/velzon/html/default/job-landing.html]
[themesbrand.com/velzon/html/default/ui-alerts.html]
[themesbrand.com/velzon/html/default/ui-badges.html]
[themesbrand.com/velzon/html/default/ui-buttons.html]
[themesbrand.com/velzon/html/default/ui-colors.html]
[themesbrand.com/velzon/html/default/ui-cards.html]
[themesbrand.com/velzon/html/default/ui-carousel.html]
[themesbrand.com/velzon/html/default/ui-dropdowns.html]
[themesbrand.com/velzon/html/default/ui-grid.html]
[themesbrand.com/velzon/html/default/ui-images.html]
[themesbrand.com/velzon/html/default/ui-tabs.html]
[themesbrand.com/velzon/html/default/ui-accordions.html]
[themesbrand.com/velzon/html/default/ui-modals.html]
[themesbrand.com/velzon/html/default/ui-offcanvas.html]
[themesbrand.com/velzon/html/default/ui-placeholders.html]
[themesbrand.com/velzon/html/default/ui-progress.html]
[themesbrand.com/velzon/html/default/ui-notifications.html]
[themesbrand.com/velzon/html/default/ui-media.html]
[themesbrand.com/velzon/html/default/ui-embed-video.html]
[themesbrand.com/velzon/html/default/ui-typography.html]
[themesbrand.com/velzon/html/default/ui-lists.html]
[themesbrand.com/velzon/html/default/ui-general.html]
[themesbrand.com/velzon/html/default/ui-ribbons.html]
[themesbrand.com/velzon/html/default/ui-utilities.html]
[themesbrand.com/velzon/html/default/advance-ui-sweetalerts.html]
[themesbrand.com/velzon/html/default/advance-ui-nestable.html]
[themesbrand.com/velzon/html/default/advance-ui-scrollbar.html]
[themesbrand.com/velzon/html/default/advance-ui-animation.html]
[themesbrand.com/velzon/html/default/advance-ui-tour.html]
[themesbrand.com/velzon/html/default/advance-ui-swiper.html]
[themesbrand.com/velzon/html/default/advance-ui-ratings.html]
[themesbrand.com/velzon/html/default/advance-ui-highlight.html]
[themesbrand.com/velzon/html/default/advance-ui-scrollspy.html]
[themesbrand.com/velzon/html/default/widgets.html]
[themesbrand.com/velzon/html/default/forms-elements.html]
[themesbrand.com/velzon/html/default/forms-select.html]
[themesbrand.com/velzon/html/default/forms-checkboxs-radios.html]
[themesbrand.com/velzon/html/default/forms-pickers.html]
[themesbrand.com/velzon/html/default/forms-masks.html]
[themesbrand.com/velzon/html/default/forms-advanced.html]
[themesbrand.com/velzon/html/default/forms-range-sliders.html]
[themesbrand.com/velzon/html/default/forms-validation.html]
[themesbrand.com/velzon/html/default/forms-wizard.html]
[themesbrand.com/velzon/html/default/forms-editors.html]
[themesbrand.com/velzon/html/default/forms-file-uploads.html]
[themesbrand.com/velzon/html/default/forms-layouts.html]
[themesbrand.com/velzon/html/default/forms-select2.html]
[themesbrand.com/velzon/html/default/tables-basic.html]
[themesbrand.com/velzon/html/default/tables-gridjs.html]
[themesbrand.com/velzon/html/default/tables-listjs.html]
[themesbrand.com/velzon/html/default/tables-datatables.html]
[themesbrand.com/velzon/html/default/charts-apex-line.html]
[themesbrand.com/velzon/html/default/charts-apex-area.html]
[themesbrand.com/velzon/html/default/charts-apex-column.html]
[themesbrand.com/velzon/html/default/charts-apex-bar.html]
[themesbrand.com/velzon/html/default/charts-apex-mixed.html]
[themesbrand.com/velzon/html/default/charts-apex-timeline.html]
[themesbrand.com/velzon/html/default/charts-apex-candlestick.html]
[themesbrand.com/velzon/html/default/charts-apex-boxplot.html]
[themesbrand.com/velzon/html/default/charts-apex-bubble.html]
[themesbrand.com/velzon/html/default/charts-apex-scatter.html]
[themesbrand.com/velzon/html/default/charts-apex-heatmap.html]
[themesbrand.com/velzon/html/default/charts-apex-treemap.html]
[themesbrand.com/velzon/html/default/charts-apex-pie.html]
[themesbrand.com/velzon/html/default/charts-apex-radialbar.html]
[themesbrand.com/velzon/html/default/charts-apex-radar.html]
[themesbrand.com/velzon/html/default/charts-apex-polar.html]
[themesbrand.com/velzon/html/default/charts-chartjs.html]
[themesbrand.com/velzon/html/default/charts-echarts.html]
[themesbrand.com/velzon/html/default/icons-remix.html]
[themesbrand.com/velzon/html/default/icons-boxicons.html]
[themesbrand.com/velzon/html/default/icons-materialdesign.html]
[themesbrand.com/velzon/html/default/icons-lineawesome.html]
[themesbrand.com/velzon/html/default/icons-feather.html]
[themesbrand.com/velzon/html/default/icons-crypto.html]
[themesbrand.com/velzon/html/default/maps-google.html]
[themesbrand.com/velzon/html/default/maps-vector.html]
[themesbrand.com/velzon/html/default/maps-leaflet.html]
[themesbrand.com/velzon/html/default/assets/images/users/avatar-7.jpg]
[themesbrand.com/velzon/html/default/assets/images/users/avatar-4.jpg]
[themesbrand.com/velzon/html/default/assets/images/small/img-1.jpg]
[themesbrand.com/velzon/html/default/assets/images/small/img-2.jpg]
[themesbrand.com/velzon/html/default/assets/images/sidebar/img-1.jpg]
[themesbrand.com/velzon/html/default/assets/images/sidebar/img-2.jpg]
[themesbrand.com/velzon/html/default/assets/images/sidebar/img-3.jpg]
[themesbrand.com/velzon/html/default/assets/images/sidebar/img-4.jpg]
[themesbrand.com/velzon/html/default/assets/libs/bootstrap/js/bootstrap.bundle.min.js]
[themesbrand.com/velzon/html/default/assets/libs/simplebar/simplebar.min.js]
[themesbrand.com/velzon/html/default/assets/libs/node-waves/waves.min.js]
[themesbrand.com/velzon/html/default/assets/libs/feather-icons/feather.min.js]
[themesbrand.com/velzon/html/default/assets/js/pages/plugins/lord-icon-2.1.0.js]
[themesbrand.com/velzon/html/default/assets/js/plugins.js]
[themesbrand.com/velzon/html/default/assets/js/pages/dashboard-projects.init.js]
[themesbrand.com/velzon/html/default/assets/libs/apexcharts/apexcharts.min.js]
[themesbrand.com/velzon/html/default/dashboard-projects.html]
[themesbrand.com/velzon/html/default/assets/css/bootstrap.min.css]
[themesbrand.com/velzon/html/default/assets/js/app.js]
[themesbrand.com/velzon/html/default/assets/fonts/materialdesignicons-webfont1d2d.eot]
[themesbrand.com/velzon/html/default/assets/fonts/materialdesignicons-webfontd41d.eot]
[themesbrand.com/velzon/html/default/assets/fonts/materialdesignicons-webfont1d2d.woff]
[themesbrand.com/velzon/html/default/assets/fonts/materialdesignicons-webfont1d2d.ttf]
[themesbrand.com/velzon/html/default/assets/fonts/boxicons.eot]
[themesbrand.com/velzon/html/default/assets/fonts/boxicons.woff]
[themesbrand.com/velzon/html/default/assets/fonts/boxicons.ttf]
[themesbrand.com/velzon/html/default/assets/fonts/la-brands-400.eot]
[themesbrand.com/velzon/html/default/assets/fonts/la-brands-400d41d.eot]
[themesbrand.com/velzon/html/default/assets/fonts/la-brands-400.woff]
[themesbrand.com/velzon/html/default/assets/fonts/la-brands-400.ttf]
[themesbrand.com/velzon/html/default/assets/fonts/la-regular-400.eot]
[themesbrand.com/velzon/html/default/assets/fonts/la-regular-400d41d.eot]
[themesbrand.com/velzon/html/default/assets/fonts/la-regular-400.woff]
[themesbrand.com/velzon/html/default/assets/fonts/la-regular-400.ttf]
[themesbrand.com/velzon/html/default/assets/fonts/la-solid-900.eot]
[themesbrand.com/velzon/html/default/assets/fonts/la-solid-900d41d.eot]
[themesbrand.com/velzon/html/default/assets/fonts/la-solid-900.woff]
[themesbrand.com/velzon/html/default/assets/fonts/la-solid-900.ttf]
[themesbrand.com/velzon/html/default/assets/fonts/remixicondf6d.eot]
[themesbrand.com/velzon/html/default/assets/fonts/remixicondf6d.woff]
[themesbrand.com/velzon/html/default/assets/fonts/remixicondf6d.ttf]
[themesbrand.com/velzon/html/default/assets/css/icons.min.css]
[themesbrand.com/velzon/html/default/assets/css/app.min.css]
[themesbrand.com/velzon/html/default/assets/css/custom.min.css]
[themesbrand.com/velzon/html/default/assets/libs/jsvectormap/css/jsvectormap.min.css]
[themesbrand.com/velzon/html/default/assets/libs/swiper/swiper-bundle.min.css]
[themesbrand.com/velzon/html/default/assets/images/products/img-4.png]
[themesbrand.com/velzon/html/default/assets/images/companies/img-1.png]
[themesbrand.com/velzon/html/default/assets/images/companies/img-2.png]
[themesbrand.com/velzon/html/default/assets/images/companies/img-3.png]
[themesbrand.com/velzon/html/default/assets/images/companies/img-8.png]
[themesbrand.com/velzon/html/default/assets/images/companies/img-5.png]
[themesbrand.com/velzon/html/default/assets/images/products/img-8.png]
[themesbrand.com/velzon/html/default/assets/images/products/img-10.png]
[themesbrand.com/velzon/html/default/assets/images/giftbox.png]
[themesbrand.com/velzon/html/default/assets/libs/jsvectormap/js/jsvectormap.min.js]
[themesbrand.com/velzon/html/default/assets/libs/jsvectormap/maps/world-merc.js]
[themesbrand.com/velzon/html/default/assets/libs/swiper/swiper-bundle.min.js]
[themesbrand.com/velzon/html/default/assets/js/pages/dashboard-ecommerce.init.js]
[themesbrand.com/velzon/html/default/index.html]
[themesbrand.com/velzon/html/default/assets/libs/glightbox/css/glightbox.min.css]
[themesbrand.com/velzon/html/default/assets/images/small/img-3.jpg]
[themesbrand.com/velzon/html/default/assets/images/small/img-4.jpg]
[themesbrand.com/velzon/html/default/assets/images/small/img-5.jpg]
[themesbrand.com/velzon/html/default/assets/images/small/img-12.jpg]
[themesbrand.com/velzon/html/default/assets/images/small/img-11.jpg]
[themesbrand.com/velzon/html/default/assets/images/small/img-10.jpg]
[themesbrand.com/velzon/html/default/assets/images/small/img-9.jpg]
[themesbrand.com/velzon/html/default/assets/images/small/img-8.jpg]
[themesbrand.com/velzon/html/default/assets/images/small/img-7.jpg]
[themesbrand.com/velzon/html/default/assets/images/small/img-6.jpg]
[themesbrand.com/velzon/html/default/assets/libs/glightbox/js/glightbox.min.js]
[themesbrand.com/velzon/html/default/assets/js/pages/search-result.init.js]
[themesbrand.com/velzon/html/default/pages-search-results.html]
[themesbrand.com/velzon/html/default/assets/images/flags/us.svg]
[themesbrand.com/velzon/html/default/assets/images/flags/spain.svg]
[themesbrand.com/velzon/html/default/assets/images/flags/germany.svg]
[themesbrand.com/velzon/html/default/assets/images/flags/italy.svg]
[themesbrand.com/velzon/html/default/assets/images/flags/russia.svg]
[themesbrand.com/velzon/html/default/assets/images/flags/china.svg]
[themesbrand.com/velzon/html/default/assets/images/flags/french.svg]
[themesbrand.com/velzon/html/default/assets/images/flags/ae.svg]
[themesbrand.com/velzon/html/default/assets/libs/nouislider/nouislider.min.css]
[themesbrand.com/velzon/html/default/assets/libs/gridjs/theme/mermaid.min.css]
[themesbrand.com/velzon/html/default/assets/libs/nouislider/nouislider.min.js]
[themesbrand.com/velzon/html/default/assets/libs/wnumb/wNumb.min.js]
[themesbrand.com/velzon/html/default/assets/libs/gridjs/gridjs.umd.js]
[unpkg.com/gridjs/plugins/selection/dist/selection.umd.12d.delayed]
[unpkg.com/gridjs@6.0.6/plugins/selection/dist/selection.umd.js]
[themesbrand.com/velzon/html/default/apps-ecommerce-products.html]
[themesbrand.com/velzon/html/default/assets/js/pages/ecommerce-product-list.init.js]
[themesbrand.com/velzon/html/default/assets/js/pages/ecommerce-product-details.init.js]
[themesbrand.com/velzon/html/default/apps-ecommerce-product-details.html]
[themesbrand.com/velzon/html/default/assets/images/products/img-7.png]
[themesbrand.com/velzon/html/default/assets/js/pages/ecommerce-product-checkout.init.js]
[themesbrand.com/velzon/html/default/apps-ecommerce-checkout.html]
[themesbrand.com/velzon/html/default/assets/images/profile-bg.jpg]
[themesbrand.com/velzon/html/default/assets/js/pages/profile.init.js]
[themesbrand.com/velzon/html/default/pages-profile.html]
[themesbrand.com/velzon/html/default/assets/libs/fg-emoji-picker/fgEmojiPicker.js]
[themesbrand.com/velzon/html/default/apps-chat.html]
[themesbrand.com/velzon/html/default/assets/js/pages/chat.init.js]
[themesbrand.com/velzon/html/default/assets/libs/dragula/dragula.min.css]
[themesbrand.com/velzon/html/default/assets/images/users/avatar-10.jpg]
[themesbrand.com/velzon/html/default/assets/images/users/avatar-9.jpg]
[themesbrand.com/velzon/html/default/assets/libs/dragula/dragula.min.js]
[themesbrand.com/velzon/html/default/assets/libs/dom-autoscroller/dom-autoscroller.min.js]
[themesbrand.com/velzon/html/default/assets/js/pages/tasks-kanban.init.js]
[themesbrand.com/velzon/html/default/apps-tasks-kanban.html]
[themesbrand.com/velzon/html/default/assets/images/faq-img.png]
[themesbrand.com/velzon/html/default/pages-faqs.html]
[themesbrand.com/velzon/html/default/assets/js/pages/profile-setting.init.js]
[themesbrand.com/velzon/html/default/pages-profile-settings.html]
[themesbrand.com/velzon/html/default/assets/libs/particles.js/particles.js]
[themesbrand.com/velzon/html/default/assets/js/pages/particles.app.js]
[themesbrand.com/velzon/html/default/auth-lockscreen-basic.html]
[themesbrand.com/velzon/html/default/auth-logout-basic.html]
[themesbrand.com/velzon/html/default/assets/images/user-illustarator-2.png]
[themesbrand.com/velzon/html/default/assets/images/illustrator-1.png]
[themesbrand.com/velzon/html/default/dashboard-analytics.html]
[themesbrand.com/velzon/html/default/assets/js/pages/dashboard-analytics.init.js]
[themesbrand.com/velzon/html/default/assets/js/pages/dashboard-crm.init.js]
[themesbrand.com/velzon/html/default/dashboard-crm.html]
[themesbrand.com/velzon/html/default/dashboard-crypto.html]
[themesbrand.com/velzon/html/default/assets/js/pages/dashboard-crypto.init.js]
[themesbrand.com/velzon/html/default/assets/images/bg-d.png]
[img.themesbrand.com/velzon/images/img-2.gif]
[themesbrand.com/velzon/html/default/assets/images/nft/img-01.jpg]
[themesbrand.com/velzon/html/default/assets/images/nft/img-04.jpg]
[themesbrand.com/velzon/html/default/assets/images/nft/img-06.jpg]
[themesbrand.com/velzon/html/default/assets/images/nft/img-03.jpg]
[themesbrand.com/velzon/html/default/assets/images/nft/img-05.jpg]
[img.themesbrand.com/velzon/images/img-3.gif]
[img.themesbrand.com/velzon/images/img-1.gif]
[img.themesbrand.com/velzon/images/img-4.gif]
[themesbrand.com/velzon/html/default/assets/images/nft/img-02.jpg]
[img.themesbrand.com/velzon/images/img-5.gif]
[themesbrand.com/velzon/html/default/assets/js/pages/coming-soon.init.js]
[themesbrand.com/velzon/html/default/assets/js/pages/dashboard-nft.init.js]
[themesbrand.com/velzon/html/default/dashboard-nft.html]
[themesbrand.com/velzon/html/default/assets/images/companies/img-4.png]
[themesbrand.com/velzon/html/default/assets/js/pages/dashboard-job.init.js]
[themesbrand.com/velzon/html/default/dashboard-job.html]
[themesbrand.com/velzon/html/default/assets/libs/fullcalendar/main.min.css]
[themesbrand.com/velzon/html/default/assets/libs/fullcalendar/main.min.js]
[themesbrand.com/velzon/html/default/assets/js/pages/calendar.init.js]
[themesbrand.com/velzon/html/default/apps-calendar.html]
[themesbrand.com/velzon/html/default/assets/js/pages/mailbox.init.js]
[themesbrand.com/velzon/html/default/apps-mailbox.html]
[themesbrand.com/velzon/html/default/apps-email-basic.html]
[themesbrand.com/velzon/html/default/apps-email-ecommerce.html]
[themesbrand.com/velzon/html/default/assets/libs/dropzone/dropzone.css]
[themesbrand.com/velzon/html/default/assets/libs/dropzone/dropzone-min.js]
[themesbrand.com/velzon/html/default/assets/libs/@ckeditor/ckeditor5-build-classic/build/ckeditor.js]
[themesbrand.com/velzon/html/default/assets/js/pages/ecommerce-product-create.init.js]
[themesbrand.com/velzon/html/default/apps-ecommerce-add-product.html]
[themesbrand.com/velzon/html/default/assets/libs/sweetalert2/sweetalert2.min.css]
[themesbrand.com/velzon/html/default/assets/libs/list.js/list.min.js]
[themesbrand.com/velzon/html/default/assets/libs/list.pagination.js/list.pagination.min.js]
[themesbrand.com/velzon/html/default/assets/js/pages/ecommerce-order.init.js]
[themesbrand.com/velzon/html/default/apps-ecommerce-orders.html]
[themesbrand.com/velzon/html/default/assets/libs/sweetalert2/sweetalert2.min.js]
[themesbrand.com/velzon/html/default/apps-ecommerce-order-details.html]
[themesbrand.com/velzon/html/default/apps-ecommerce-customers.html]
[themesbrand.com/velzon/html/default/assets/js/pages/ecommerce-customer-list.init.js]
[themesbrand.com/velzon/html/default/assets/js/pages/form-input-spin.init.js]
[themesbrand.com/velzon/html/default/assets/js/pages/ecommerce-cart.init.js]
[themesbrand.com/velzon/html/default/apps-ecommerce-cart.html]
[themesbrand.com/velzon/html/default/assets/images/companies/img-6.png]
[themesbrand.com/velzon/html/default/assets/images/companies/img-7.png]
[themesbrand.com/velzon/html/default/assets/js/pages/sellers.init.js]
[themesbrand.com/velzon/html/default/apps-ecommerce-sellers.html]
[themesbrand.com/velzon/html/default/apps-ecommerce-seller-details.html]
[themesbrand.com/velzon/html/default/assets/js/pages/seller-details.init.js]
[themesbrand.com/velzon/html/default/assets/js/pages/project-list.init.js]
[themesbrand.com/velzon/html/default/apps-projects-list.html]
[themesbrand.com/velzon/html/default/assets/js/pages/project-overview.init.js]
[themesbrand.com/velzon/html/default/apps-projects-overview.html]
[themesbrand.com/velzon/html/default/assets/js/pages/project-create.init.js]
[themesbrand.com/velzon/html/default/apps-projects-create.html]
[themesbrand.com/velzon/html/default/assets/js/pages/tasks-list.init.js]
[themesbrand.com/velzon/html/default/apps-tasks-list-view.html]
[themesbrand.com/velzon/html/default/apps-tasks-details.html]
[themesbrand.com/velzon/html/default/assets/images/users/user-dummy-img.jpg]
[themesbrand.com/velzon/html/default/apps-crm-contacts.html]
[themesbrand.com/velzon/html/default/assets/js/pages/crm-contact.init.js]
[themesbrand.com/velzon/html/default/assets/images/users/multi-user.jpg]
[themesbrand.com/velzon/html/default/apps-crm-companies.html]
[themesbrand.com/velzon/html/default/assets/js/pages/crm-companies.init.js]
[themesbrand.com/velzon/html/default/assets/libs/cleave.js/cleave.min.js]
[themesbrand.com/velzon/html/default/assets/js/pages/crm-deals.init.js]
[themesbrand.com/velzon/html/default/apps-crm-deals.html]
[themesbrand.com/velzon/html/default/assets/js/pages/crm-leads.init.js]
[themesbrand.com/velzon/html/default/apps-crm-leads.html]
[themesbrand.com/velzon/html/default/assets/js/pages/crypto-transactions.init.js]
[themesbrand.com/velzon/html/default/apps-crypto-transactions.html]
[themesbrand.com/velzon/html/default/apps-crypto-buy-sell.html]
[themesbrand.com/velzon/html/default/assets/js/pages/crypto-buy-sell.init.js]
[themesbrand.com/velzon/html/default/assets/js/pages/crypto-orders.init.js]
[themesbrand.com/velzon/html/default/apps-crypto-orders.html]
[themesbrand.com/velzon/html/default/assets/js/pages/crypto-wallet.init.js]
[themesbrand.com/velzon/html/default/apps-crypto-wallet.html]
[themesbrand.com/velzon/html/default/apps-crypto-ico.html]
[themesbrand.com/velzon/html/default/assets/images/verification-img.png]
[themesbrand.com/velzon/html/default/assets/js/pages/crypto-kyc.init.js]
[themesbrand.com/velzon/html/default/apps-crypto-kyc.html]
[themesbrand.com/velzon/html/default/assets/js/pages/invoiceslist.init.js]
[themesbrand.com/velzon/html/default/apps-invoices-list.html]
[themesbrand.com/velzon/html/default/assets/js/pages/invoicedetails.js]
[themesbrand.com/velzon/html/default/apps-invoices-details.html]
[themesbrand.com/velzon/html/default/apps-invoices-create.html]
[themesbrand.com/velzon/html/default/assets/js/pages/invoicecreate.init.js]
[themesbrand.com/velzon/html/default/apps-tickets-list.html]
[themesbrand.com/velzon/html/default/assets/js/pages/ticketlist.init.js]
[themesbrand.com/velzon/html/default/assets/js/pages/ticketdetail.init.js]
[themesbrand.com/velzon/html/default/apps-tickets-details.html]
[themesbrand.com/velzon/html/default/assets/images/nft/bg-pattern.png]
[themesbrand.com/velzon/html/default/apps-nft-marketplace.html]
[themesbrand.com/velzon/html/default/apps-nft-explore.html]
[themesbrand.com/velzon/html/default/assets/js/pages/apps-nft-explore.init.js]
[themesbrand.com/velzon/html/default/assets/js/pages/apps-nft-auction.init.js]
[themesbrand.com/velzon/html/default/apps-nft-auction.html]
[themesbrand.com/velzon/html/default/assets/js/pages/apps-nft-item-details.init.js]
[themesbrand.com/velzon/html/default/apps-nft-item-details.html]
[themesbrand.com/velzon/html/default/apps-nft-collections.html]
[themesbrand.com/velzon/html/default/apps-nft-creators.html]
[themesbrand.com/velzon/html/default/assets/js/pages/apps-nft-ranking.init.js]
[themesbrand.com/velzon/html/default/apps-nft-ranking.html]
[themesbrand.com/velzon/html/default/assets/images/nft/wallet/metamask.png]
[themesbrand.com/velzon/html/default/assets/images/nft/wallet/coinbase.png]
[themesbrand.com/velzon/html/default/assets/images/nft/wallet/kukai.png]
[themesbrand.com/velzon/html/default/assets/images/nft/wallet/binance.png]
[themesbrand.com/velzon/html/default/assets/images/nft/wallet/enjin.png]
[themesbrand.com/velzon/html/default/assets/images/nft/wallet/alpha.png]
[themesbrand.com/velzon/html/default/assets/images/nft/wallet/math.png]
[themesbrand.com/velzon/html/default/apps-nft-wallet.html]
[themesbrand.com/velzon/html/default/assets/libs/filepond/filepond.min.css]
[themesbrand.com/velzon/html/default/assets/libs/filepond-plugin-image-preview/filepond-plugin-image-preview.min.css]
[themesbrand.com/velzon/html/default/assets/libs/filepond/filepond.min.js]
[themesbrand.com/velzon/html/default/assets/libs/filepond-plugin-image-preview/filepond-plugin-image-preview.min.js]
[themesbrand.com/velzon/html/default/assets/libs/filepond-plugin-file-validate-size/filepond-plugin-file-validate-size.min.js]
[themesbrand.com/velzon/html/default/assets/libs/filepond-plugin-image-exif-orientation/filepond-plugin-image-exif-orientation.min.js]
[themesbrand.com/velzon/html/default/assets/libs/filepond-plugin-file-encode/filepond-plugin-file-encode.min.js]
[themesbrand.com/velzon/html/default/assets/js/pages/apps-nft-create.init.js]
[themesbrand.com/velzon/html/default/apps-nft-create.html]
[themesbrand.com/velzon/html/default/assets/js/pages/file-manager.init.js]
[themesbrand.com/velzon/html/default/apps-file-manager.html]
[themesbrand.com/velzon/html/default/assets/images/task.png]
[themesbrand.com/velzon/html/default/apps-todo.html]
[themesbrand.com/velzon/html/default/assets/js/pages/todo.init.js]
[themesbrand.com/velzon/html/default/assets/js/pages/job-statistics.init.js]
[themesbrand.com/velzon/html/default/apps-job-statistics.html]
[themesbrand.com/velzon/html/default/assets/js/pages/job-list.init.js]
[themesbrand.com/velzon/html/default/apps-job-lists.html]
[themesbrand.com/velzon/html/default/assets/js/pages/job-grid-list.init.js]
[themesbrand.com/velzon/html/default/apps-job-grid-lists.html]
[themesbrand.com/velzon/html/default/apps-job-details.html]
[themesbrand.com/velzon/html/default/assets/js/pages/job-candidate-lists.init.js]
[themesbrand.com/velzon/html/default/apps-job-candidate-lists.html]
[themesbrand.com/velzon/html/default/assets/js/pages/job-candidate-grid.init.js]
[themesbrand.com/velzon/html/default/apps-job-candidate-grid.html]
[themesbrand.com/velzon/html/default/assets/js/pages/job-application.init.js]
[themesbrand.com/velzon/html/default/apps-job-application.html]
[themesbrand.com/velzon/html/default/apps-job-new.html]
[themesbrand.com/velzon/html/default/assets/js/pages/job-companies-lists.init.js]
[themesbrand.com/velzon/html/default/apps-job-companies-lists.html]
[themesbrand.com/velzon/html/default/apps-job-categories.html]
[themesbrand.com/velzon/html/default/assets/js/pages/api-key.init.js]
[themesbrand.com/velzon/html/default/apps-api-key.html]
[themesbrand.com/velzon/html/default/layouts-horizontal.html]
[themesbrand.com/velzon/html/default/layouts-detached.html]
[themesbrand.com/velzon/html/default/layouts-two-column.html]
[themesbrand.com/velzon/html/default/layouts-vertical-hovered.html]
[themesbrand.com/velzon/html/default/assets/js/pages/password-addon.init.js]
[themesbrand.com/velzon/html/default/auth-signin-basic.html]
[themesbrand.com/velzon/html/default/auth-signin-cover.html]
[themesbrand.com/velzon/html/default/assets/js/pages/form-validation.init.js]
[themesbrand.com/velzon/html/default/assets/js/pages/passowrd-create.init.js]
[themesbrand.com/velzon/html/default/auth-signup-basic.html]
[themesbrand.com/velzon/html/default/auth-signup-cover.html]
[themesbrand.com/velzon/html/default/auth-pass-reset-basic.html]
[themesbrand.com/velzon/html/default/auth-pass-reset-cover.html]
[themesbrand.com/velzon/html/default/auth-pass-change-basic.html]
[themesbrand.com/velzon/html/default/auth-pass-change-cover.html]
[themesbrand.com/velzon/html/default/auth-lockscreen-cover.html]
[themesbrand.com/velzon/html/default/auth-logout-cover.html]
[themesbrand.com/velzon/html/default/auth-success-msg-basic.html]
[themesbrand.com/velzon/html/default/auth-success-msg-cover.html]
[themesbrand.com/velzon/html/default/assets/js/pages/two-step-verification.init.js]
[themesbrand.com/velzon/html/default/auth-twostep-basic.html]
[themesbrand.com/velzon/html/default/auth-twostep-cover.html]
[themesbrand.com/velzon/html/default/auth-404-basic.html]
[themesbrand.com/velzon/html/default/assets/images/error400-cover.png]
[themesbrand.com/velzon/html/default/auth-404-cover.html]
[themesbrand.com/velzon/html/default/auth-404-alt.html]
[themesbrand.com/velzon/html/default/assets/images/error500.png]
[themesbrand.com/velzon/html/default/auth-500.html]
[img.themesbrand.com/velzon/images/auth-offline.gif]
[themesbrand.com/velzon/html/default/auth-offline.html]
[themesbrand.com/velzon/html/default/pages-starter.html]
[themesbrand.com/velzon/html/default/assets/js/pages/team.init.js]
[themesbrand.com/velzon/html/default/pages-team.html]
[themesbrand.com/velzon/html/default/assets/js/pages/timeline.init.js]
[themesbrand.com/velzon/html/default/pages-timeline.html]
[themesbrand.com/velzon/html/default/assets/js/pages/pricing.init.js]
[themesbrand.com/velzon/html/default/pages-pricing.html]
[themesbrand.com/velzon/html/default/assets/libs/isotope-layout/isotope.pkgd.min.js]
[themesbrand.com/velzon/html/default/assets/js/pages/gallery.init.js]
[themesbrand.com/velzon/html/default/pages-gallery.html]
[themesbrand.com/velzon/html/default/assets/images/maintenance.png]
[themesbrand.com/velzon/html/default/pages-maintenance.html]
[themesbrand.com/velzon/html/default/assets/images/comingsoon.png]
[themesbrand.com/velzon/html/default/pages-coming-soon.html]
[themesbrand.com/velzon/html/default/pages-sitemap.html]
[themesbrand.com/velzon/html/default/pages-privacy-policy.html]
[themesbrand.com/velzon/html/default/pages-term-conditions.html]
[themesbrand.com/velzon/html/default/assets/images/landing/img-pattern.png]
[themesbrand.com/velzon/html/default/assets/images/demos/default.png]
[themesbrand.com/velzon/html/default/assets/images/demos/saas.png]
[themesbrand.com/velzon/html/default/assets/images/demos/material.png]
[themesbrand.com/velzon/html/default/assets/images/demos/minimal.png]
[themesbrand.com/velzon/html/default/assets/images/demos/creative.png]
[themesbrand.com/velzon/html/default/assets/images/demos/modern.png]
[themesbrand.com/velzon/html/default/assets/images/demos/interactive.png]
[themesbrand.com/velzon/html/default/assets/images/landing/features/img-1.png]
[themesbrand.com/velzon/html/default/assets/images/landing/features/img-2.png]
[themesbrand.com/velzon/html/default/assets/images/landing/features/img-3.png]
[themesbrand.com/velzon/html/default/assets/images/landing/process-arrow-img.png]
[themesbrand.com/velzon/html/default/assets/js/pages/landing.init.js]
[themesbrand.com/velzon/html/default/landing.html]
[themesbrand.com/velzon/html/default/assets/images/nft/wallet.png]
[themesbrand.com/velzon/html/default/assets/images/nft/money.png]
[themesbrand.com/velzon/html/default/assets/images/nft/add.png]
[themesbrand.com/velzon/html/default/assets/images/nft/sell.png]
[themesbrand.com/velzon/html/default/assets/js/pages/nft-landing.init.js]
[themesbrand.com/velzon/html/default/nft-landing.html]
[themesbrand.com/velzon/html/default/assets/images/job-profile2.png]
[themesbrand.com/velzon/html/default/assets/images/about.jpg]
[themesbrand.com/velzon/html/default/assets/images/companies/img-9.png]
[themesbrand.com/velzon/html/default/assets/js/pages/job-lading.init.js]
[themesbrand.com/velzon/html/default/job-landing.html]
[themesbrand.com/velzon/html/default/ui-alerts.html]
[themesbrand.com/velzon/html/default/assets/libs/prismjs/prism.js]
[themesbrand.com/velzon/html/default/ui-badges.html]
[themesbrand.com/velzon/html/default/ui-buttons.html]
[themesbrand.com/velzon/html/default/ui-colors.html]
[themesbrand.com/velzon/html/default/assets/libs/masonry-layout/masonry.pkgd.min.js]
[themesbrand.com/velzon/html/default/assets/js/pages/card.init.js]
[themesbrand.com/velzon/html/default/ui-cards.html]
[themesbrand.com/velzon/html/default/ui-carousel.html]
[themesbrand.com/velzon/html/default/ui-dropdowns.html]
[themesbrand.com/velzon/html/default/ui-grid.html]
[themesbrand.com/velzon/html/default/ui-images.html]
[themesbrand.com/velzon/html/default/ui-tabs.html]
[themesbrand.com/velzon/html/default/ui-accordions.html]
[themesbrand.com/velzon/html/default/assets/images/modals/success-payment.png]
[themesbrand.com/velzon/html/default/assets/images/modals/login.png]
[themesbrand.com/velzon/html/default/assets/images/modals/subscribe.png]
[themesbrand.com/velzon/html/default/assets/images/auth-one-bg.jpg]
[themesbrand.com/velzon/html/default/assets/images/modals/signup.png]
[themesbrand.com/velzon/html/default/assets/js/pages/modal.init.js]
[themesbrand.com/velzon/html/default/ui-modals.html]
[themesbrand.com/velzon/html/default/ui-offcanvas.html]
[themesbrand.com/velzon/html/default/ui-placeholders.html]
[themesbrand.com/velzon/html/default/ui-progress.html]
[cdn.lordicon.com/mssddfmo.js]
[themesbrand.com/velzon/html/default/assets/js/pages/notifications.init.js]
[themesbrand.com/velzon/html/default/ui-notifications.html]
[themesbrand.com/velzon/html/default/ui-media.html]
[themesbrand.com/velzon/html/default/ui-embed-video.html]
[themesbrand.com/velzon/html/default/ui-typography.html]
[themesbrand.com/velzon/html/default/ui-lists.html]
[themesbrand.com/velzon/html/default/ui-general.html]
[themesbrand.com/velzon/html/default/ui-ribbons.html]
[themesbrand.com/velzon/html/default/ui-utilities.html]
[themesbrand.com/velzon/html/default/assets/images/sweetalert2/success-message.png]
[themesbrand.com/velzon/html/default/assets/images/sweetalert2/error-message.png]
[themesbrand.com/velzon/html/default/assets/images/sweetalert2/warning-message.png]
[themesbrand.com/velzon/html/default/assets/images/sweetalert2/join-community.png]
[themesbrand.com/velzon/html/default/assets/images/sweetalert2/email-verify.png]
[themesbrand.com/velzon/html/default/assets/images/sweetalert2/notification-message.png]
[themesbrand.com/velzon/html/default/advance-ui-sweetalerts.html]
[themesbrand.com/velzon/html/default/assets/js/pages/sweetalerts.init.js]
[themesbrand.com/velzon/html/default/assets/libs/sortablejs/Sortable.min.js]
[themesbrand.com/velzon/html/default/assets/js/pages/nestable.init.js]
[themesbrand.com/velzon/html/default/advance-ui-nestable.html]
[themesbrand.com/velzon/html/default/advance-ui-scrollbar.html]
[themesbrand.com/velzon/html/default/assets/libs/aos/aos.css]
[themesbrand.com/velzon/html/default/assets/images/mac-img.png]
[themesbrand.com/velzon/html/default/assets/libs/aos/aos.js]
[themesbrand.com/velzon/html/default/assets/js/pages/animation-aos.init.js]
[themesbrand.com/velzon/html/default/advance-ui-animation.html]
[themesbrand.com/velzon/html/default/assets/libs/shepherd.js/css/shepherd.css]
[themesbrand.com/velzon/html/default/assets/libs/shepherd.js/js/shepherd.min.js]
[themesbrand.com/velzon/html/default/assets/js/pages/tour.init.js]
[themesbrand.com/velzon/html/default/advance-ui-tour.html]
[themesbrand.com/velzon/html/default/assets/js/pages/swiper.init.js]
[themesbrand.com/velzon/html/default/advance-ui-swiper.html]
[themesbrand.com/velzon/html/default/assets/libs/rater-js/index.js]
[themesbrand.com/velzon/html/default/assets/js/pages/rating.init.js]
[themesbrand.com/velzon/html/default/advance-ui-ratings.html]
[themesbrand.com/velzon/html/default/advance-ui-highlight.html]
[themesbrand.com/velzon/html/default/advance-ui-scrollspy.html]
[themesbrand.com/velzon/html/default/assets/images/user-illustarator-1.png]
[themesbrand.com/velzon/html/default/assets/libs/jsvectormap/maps/us-merc-en.js]
[themesbrand.com/velzon/html/default/assets/libs/card/card.js]
[themesbrand.com/velzon/html/default/widgets.html]
[themesbrand.com/velzon/html/default/assets/js/pages/widgets.init.js]
[themesbrand.com/velzon/html/default/forms-elements.html]
[themesbrand.com/velzon/html/default/forms-select.html]
[themesbrand.com/velzon/html/default/forms-checkboxs-radios.html]
[themesbrand.com/velzon/html/default/assets/libs/@simonwep/pickr/themes/classic.min.css]
[themesbrand.com/velzon/html/default/assets/libs/@simonwep/pickr/themes/monolith.min.css]
[themesbrand.com/velzon/html/default/assets/libs/@simonwep/pickr/themes/nano.min.css]
[themesbrand.com/velzon/html/default/assets/libs/@simonwep/pickr/pickr.min.js]
[themesbrand.com/velzon/html/default/assets/js/pages/form-pickers.init.js]
[themesbrand.com/velzon/html/default/forms-pickers.html]
[themesbrand.com/velzon/html/default/assets/js/pages/form-masks.init.js]
[themesbrand.com/velzon/html/default/forms-masks.html]
[themesbrand.com/velzon/html/default/assets/libs/multi.js/multi.min.css]
[themesbrand.com/velzon/html/default/assets/libs/@tarekraafat/autocomplete.js/css/autoComplete.css]
[themesbrand.com/velzon/html/default/assets/libs/multi.js/multi.min.js]
[themesbrand.com/velzon/html/default/assets/libs/@tarekraafat/autocomplete.js/autoComplete.min.js]
[themesbrand.com/velzon/html/default/assets/js/pages/form-advanced.init.js]
[themesbrand.com/velzon/html/default/assets/js/pages/flag-input.init.js]
[themesbrand.com/velzon/html/default/forms-advanced.html]
[themesbrand.com/velzon/html/default/forms-range-sliders.html]
[themesbrand.com/velzon/html/default/assets/js/pages/range-sliders.init.js]
[themesbrand.com/velzon/html/default/forms-validation.html]
[themesbrand.com/velzon/html/default/assets/js/pages/form-wizard.init.js]
[themesbrand.com/velzon/html/default/forms-wizard.html]
[themesbrand.com/velzon/html/default/assets/libs/quill/quill.core.css]
[themesbrand.com/velzon/html/default/assets/libs/quill/quill.bubble.css]
[themesbrand.com/velzon/html/default/assets/libs/quill/quill.snow.css]
[themesbrand.com/velzon/html/default/assets/libs/quill/quill.min.js]
[themesbrand.com/velzon/html/default/assets/js/pages/form-editor.init.js]
[themesbrand.com/velzon/html/default/forms-editors.html]
[themesbrand.com/velzon/html/default/assets/images/new-document.png]
[themesbrand.com/velzon/html/default/assets/js/pages/form-file-upload.init.js]
[themesbrand.com/velzon/html/default/forms-file-uploads.html]
[themesbrand.com/velzon/html/default/forms-layouts.html]
[cdn.jsdelivr.net/npm/select2@4.1.0-rc.0/dist/css/select2.min.css]
[cdn.jsdelivr.net/npm/select2@4.1.0-rc.0/dist/js/select2.min.js]
[code.jquery.com/jquery-3.6.0.min.js]
[themesbrand.com/velzon/html/default/assets/js/pages/select2.init.js]
[themesbrand.com/velzon/html/default/forms-select2.html]
[themesbrand.com/velzon/html/default/tables-basic.html]
[themesbrand.com/velzon/html/default/assets/js/pages/gridjs.init.js]
[themesbrand.com/velzon/html/default/tables-gridjs.html]
[themesbrand.com/velzon/html/default/assets/js/pages/listjs.init.js]
[themesbrand.com/velzon/html/default/tables-listjs.html]
[cdn.datatables.net/1.11.5/css/dataTables.bootstrap5.min.css]
[cdn.datatables.net/responsive/2.2.9/css/responsive.bootstrap.min.css]
[cdn.datatables.net/buttons/2.2.2/css/buttons.dataTables.min.css]
[cdn.datatables.net/1.11.5/js/jquery.dataTables.min.js]
[cdn.datatables.net/1.11.5/js/dataTables.bootstrap5.min.js]
[cdn.datatables.net/responsive/2.2.9/js/dataTables.responsive.min.js]
[cdn.datatables.net/buttons/2.2.2/js/dataTables.buttons.min.js]
[cdn.datatables.net/buttons/2.2.2/js/buttons.print.min.js]
[cdn.datatables.net/buttons/2.2.2/js/buttons.html5.min.js]
[cdnjs.cloudflare.com/ajax/libs/pdfmake/0.1.53/vfs_fonts.js]
[cdnjs.cloudflare.com/ajax/libs/jszip/3.1.3/jszip.min.js]
[themesbrand.com/velzon/html/default/assets/js/pages/datatables.init.js]
[themesbrand.com/velzon/html/default/tables-datatables.html]
[img.themesbrand.com/velzon/apexchart-js/stock-prices.js]
[cdnjs.cloudflare.com/ajax/libs/pdfmake/0.1.53/pdfmake.min.js]
[themesbrand.com/velzon/html/default/assets/js/pages/apexcharts-line.init.js]
[themesbrand.com/velzon/html/default/charts-apex-line.html]
[img.themesbrand.com/velzon/apexchart-js/github-data.js]
[img.themesbrand.com/velzon/apexchart-js/irregular-data-series.js]
[themesbrand.com/velzon/html/default/assets/libs/moment/moment.js]
[themesbrand.com/velzon/html/default/assets/js/pages/apexcharts-area.init.js]
[themesbrand.com/velzon/html/default/charts-apex-area.html]
[cdnjs.cloudflare.com/ajax/libs/dayjs/1.11.0/dayjs.min.js]
[cdnjs.cloudflare.com/ajax/libs/dayjs/1.11.0/plugin/quarterOfYear.min.js]
[themesbrand.com/velzon/html/default/charts-apex-column.html]
[themesbrand.com/velzon/html/default/assets/js/pages/apexcharts-column.init.js]
[themesbrand.com/velzon/html/default/charts-apex-bar.html]
[themesbrand.com/velzon/html/default/assets/js/pages/apexcharts-bar.init.js]
[themesbrand.com/velzon/html/default/assets/js/pages/apexcharts-mixed.init.js]
[themesbrand.com/velzon/html/default/charts-apex-mixed.html]
[themesbrand.com/velzon/html/default/assets/libs/moment/min/moment.min.js]
[themesbrand.com/velzon/html/default/assets/js/pages/apexcharts-timeline.init.js]
[themesbrand.com/velzon/html/default/charts-apex-timeline.html]
[apexcharts.com/samples/assets/ohlc.js]
[img.themesbrand.com/velzon/apexchart-js/dayjs.min.js]
[themesbrand.com/velzon/html/default/charts-apex-candlestick.html]
[themesbrand.com/velzon/html/default/assets/js/pages/apexcharts-candlestick.init.js]
[themesbrand.com/velzon/html/default/assets/js/pages/apexcharts-boxplot.init.js]
[themesbrand.com/velzon/html/default/charts-apex-boxplot.html]
[themesbrand.com/velzon/html/default/assets/js/pages/apexcharts-bubble.init.js]
[themesbrand.com/velzon/html/default/charts-apex-bubble.html]
[themesbrand.com/velzon/html/default/assets/js/pages/apexcharts-scatter.init.js]
[themesbrand.com/velzon/html/default/charts-apex-scatter.html]
[themesbrand.com/velzon/html/default/assets/js/pages/apexcharts-heatmap.init.js]
[themesbrand.com/velzon/html/default/charts-apex-heatmap.html]
[themesbrand.com/velzon/html/default/assets/js/pages/apexcharts-treemap.init.js]
[themesbrand.com/velzon/html/default/charts-apex-treemap.html]
[themesbrand.com/velzon/html/default/assets/js/pages/apexcharts-pie.init.js]
[themesbrand.com/velzon/html/default/charts-apex-pie.html]
[themesbrand.com/velzon/html/default/assets/js/pages/apexcharts-radialbar.init.js]
[themesbrand.com/velzon/html/default/charts-apex-radialbar.html]
[themesbrand.com/velzon/html/default/assets/js/pages/apexcharts-radar.init.js]
[themesbrand.com/velzon/html/default/charts-apex-radar.html]
[themesbrand.com/velzon/html/default/assets/js/pages/apexcharts-polararea.init.js]
[themesbrand.com/velzon/html/default/charts-apex-polar.html]
[themesbrand.com/velzon/html/default/assets/libs/chart.js/chart.min.js]
[themesbrand.com/velzon/html/default/assets/js/pages/chartjs.init.js]
[themesbrand.com/velzon/html/default/charts-chartjs.html]
[themesbrand.com/velzon/html/default/charts-echarts.html]
[themesbrand.com/velzon/html/default/assets/js/pages/echarts.init.js]
[themesbrand.com/velzon/html/default/icons-remix.html]
[themesbrand.com/velzon/html/default/assets/js/pages/remix-icons-listing.js]
[themesbrand.com/velzon/html/default/icons-boxicons.html]
[themesbrand.com/velzon/html/default/icons-materialdesign.html]
[themesbrand.com/velzon/html/default/assets/libs/echarts/echarts.min.js]
[themesbrand.com/velzon/html/default/assets/js/pages/materialdesign.list.js]
[themesbrand.com/velzon/html/default/icons-lineawesome.html]
[themesbrand.com/velzon/html/default/icons-feather.html]
[themesbrand.com/velzon/html/default/icons-crypto.html]
[themesbrand.com/velzon/html/default/assets/libs/gmaps/gmaps.min.js]
[themesbrand.com/velzon/html/default/assets/js/pages/gmaps.init.js]
[themesbrand.com/velzon/html/default/maps-google.html]
[themesbrand.com/velzon/html/default/assets/libs/jsvectormap/maps/canada.js]
[themesbrand.com/velzon/html/default/assets/libs/jsvectormap/maps/russia.js]
[themesbrand.com/velzon/html/default/assets/libs/jsvectormap/maps/spain.js]
[themesbrand.com/velzon/html/default/assets/js/pages/vector-maps.init.js]
[themesbrand.com/velzon/html/default/maps-vector.html]
[themesbrand.com/velzon/html/default/assets/libs/leaflet/leaflet.css]
[themesbrand.com/velzon/html/default/assets/libs/leaflet/leaflet.js]
[themesbrand.com/velzon/html/default/assets/js/pages/leaflet-us-states.js]
[themesbrand.com/velzon/html/default/assets/js/pages/leaflet-map.init.js]
[themesbrand.com/velzon/html/default/maps-leaflet.html]
[themesbrand.com/velzon/html/default/assets/fonts/materialdesignicons-webfont1d2d.html]
[themesbrand.com/velzon/html/default/assets/fonts/boxicons.html]
[themesbrand.com/velzon/html/default/assets/fonts/boxiconsd41d.svg]
[themesbrand.com/velzon/html/default/assets/fonts/la-brands-400.html]
[themesbrand.com/velzon/html/default/assets/fonts/la-brands-400.svg]
[themesbrand.com/velzon/html/default/assets/fonts/la-regular-400.html]
[themesbrand.com/velzon/html/default/assets/fonts/la-regular-400.svg]
[themesbrand.com/velzon/html/default/assets/fonts/la-solid-900.html]
[themesbrand.com/velzon/html/default/assets/fonts/la-solid-900.svg]
[themesbrand.com/velzon/html/default/assets/fonts/remixicondf6d.html]
[themesbrand.com/velzon/html/default/assets/fonts/remixicondf6d.svg]
[themesbrand.com/velzon/html/default/assets/libs/jsvectormap/css/jsvectormap.min.css]
[themesbrand.com/velzon/html/default/assets/libs/swiper/swiper-bundle.min.css]
[themesbrand.com/velzon/html/default/assets/libs/glightbox/css/glightbox.min.css]
[themesbrand.com/velzon/html/default/assets/libs/nouislider/nouislider.min.css]
[themesbrand.com/velzon/html/default/assets/libs/gridjs/theme/mermaid.min.css]
[themesbrand.com/velzon/html/default/assets/libs/dragula/dragula.min.css]
[themesbrand.com/velzon/html/default/assets/images/svg/crypto-icons/btc.svg]
[themesbrand.com/velzon/html/default/assets/images/svg/crypto-icons/eth.svg]
[themesbrand.com/velzon/html/default/assets/images/svg/crypto-icons/ltc.svg]
[themesbrand.com/velzon/html/default/assets/images/svg/crypto-icons/dash.svg]
[themesbrand.com/velzon/html/default/assets/images/svg/crypto-icons/etc.svg]
[themesbrand.com/velzon/html/default/assets/images/svg/crypto-icons/bnb.svg]
[themesbrand.com/velzon/html/default/assets/images/svg/crypto-icons/usdt.svg]
[themesbrand.com/velzon/html/default/assets/images/svg/crypto-icons/neo.svg]
[themesbrand.com/velzon/html/default/assets/images/svg/crypto-icons/doge.svg]
[themesbrand.com/velzon/html/default/assets/images/svg/crypto-icons/aave.svg]
[themesbrand.com/velzon/html/default/assets/libs/fullcalendar/main.min.css]
[themesbrand.com/velzon/html/default/assets/libs/dropzone/dropzone.css]
[themesbrand.com/velzon/html/default/assets/libs/sweetalert2/sweetalert2.min.css]
[themesbrand.com/velzon/html/default/ecommerce-product-detail.html]
[themesbrand.com/velzon/html/default/assets/images/svg/crypto-icons/eur.svg]
[themesbrand.com/velzon/html/default/assets/images/svg/crypto-icons/gbp.svg]
[themesbrand.com/velzon/html/default/assets/images/svg/crypto-icons/jpy.svg]
[themesbrand.com/velzon/html/default/assets/images/svg/crypto-icons/xrp.svg]
[themesbrand.com/velzon/html/default/assets/images/svg/crypto-icons/xmr.svg]
[themesbrand.com/velzon/html/default/assets/images/svg/crypto-icons/xpm.svg]
[themesbrand.com/velzon/html/default/assets/images/svg/crypto-icons/ppt.svg]
[themesbrand.com/velzon/html/default/assets/images/svg/crypto-icons/sol.svg]
[themesbrand.com/velzon/html/default/assets/images/svg/crypto-icons/ant.svg]
[themesbrand.com/velzon/html/default/assets/images/svg/crypto-icons/fil.svg]
[themesbrand.com/velzon/html/default/assets/images/svg/crypto-icons/ada.svg]
[themesbrand.com/velzon/html/default/assets/images/svg/crypto-icons/dot.svg]
[themesbrand.com/velzon/html/default/assets/images/svg/crypto-icons/mkr.svg]
[themesbrand.com/velzon/html/default/assets/images/svg/crypto-icons/yfi.svg]
[themesbrand.com/velzon/html/default/assets/images/svg/crypto-icons/mln.svg]
[themesbrand.com/velzon/html/default/assets/images/svg/crypto-icons/vtc.svg]
[themesbrand.com/velzon/html/default/assets/images/svg/crypto-icons/xsg.svg]
[themesbrand.com/velzon/html/default/assets/images/svg/crypto-icons/bela.svg]
[themesbrand.com/velzon/html/default/assets/images/svg/crypto-icons/arn.svg]
[themesbrand.com/velzon/html/default/assets/images/svg/crypto-icons/cs.svg]
[themesbrand.com/velzon/html/default/assets/images/svg/crypto-icons/add.svg]
[themesbrand.com/velzon/html/default/assets/images/svg/crypto-icons/atm.svg]
[themesbrand.com/velzon/html/default/assets/images/svg/crypto-icons/bcbc.svg]
[themesbrand.com/velzon/html/default/assets/images/svg/crypto-icons/bix.svg]
[themesbrand.com/velzon/html/default/assets/images/svg/crypto-icons/rise.svg]
[themesbrand.com/velzon/html/default/assets/images/svg/crypto-icons/ark.svg]
[themesbrand.com/velzon/html/default/assets/libs/filepond/filepond.min.css]
[themesbrand.com/velzon/html/default/assets/libs/filepond-plugin-image-preview/filepond-plugin-image-preview.min.css]
[themesbrand.com/velzon/html/default/assets/images/error.svg]
[themesbrand.com/velzon/html/default/assets/images/clients/amazon.svg]
[themesbrand.com/velzon/html/default/assets/images/clients/walmart.svg]
[themesbrand.com/velzon/html/default/assets/images/clients/lenovo.svg]
[themesbrand.com/velzon/html/default/assets/images/clients/paypal.svg]
[themesbrand.com/velzon/html/default/assets/images/clients/shopify.svg]
[themesbrand.com/velzon/html/default/assets/images/clients/verizon.svg]
[themesbrand.com/velzon/html/default/assets/images/svg/bell.svg]
[themesbrand.com/velzon/html/default/assets/libs/aos/aos.css]
[themesbrand.com/velzon/html/default/assets/libs/shepherd.js/css/shepherd.css]
[themesbrand.com/velzon/html/default/assets/libs/@simonwep/pickr/themes/classic.min.css]
[themesbrand.com/velzon/html/default/assets/libs/@simonwep/pickr/themes/monolith.min.css]
[themesbrand.com/velzon/html/default/assets/libs/@simonwep/pickr/themes/nano.min.css]
[themesbrand.com/velzon/html/default/assets/libs/multi.js/multi.min.css]
[themesbrand.com/velzon/html/default/assets/libs/@tarekraafat/autocomplete.js/css/autoComplete.css]
[themesbrand.com/velzon/html/default/assets/libs/quill/quill.core.css]
[themesbrand.com/velzon/html/default/assets/libs/quill/quill.bubble.css]
[themesbrand.com/velzon/html/default/assets/libs/quill/quill.snow.css]
[cdn.jsdelivr.net/npm/select2@4.1.0-rc.0/dist/css/select2.min.css]
[cdn.datatables.net/1.11.5/css/dataTables.bootstrap5.min.css]
[cdn.datatables.net/responsive/2.2.9/css/responsive.bootstrap.min.css]
[cdn.datatables.net/buttons/2.2.2/css/buttons.dataTables.min.css]
[themesbrand.com/velzon/html/default/assets/images/svg/crypto-icons/$pac.svg]
[themesbrand.com/velzon/html/default/assets/images/svg/crypto-icons/0xbtc.svg]
[themesbrand.com/velzon/html/default/assets/images/svg/crypto-icons/2give.svg]
[themesbrand.com/velzon/html/default/assets/images/svg/crypto-icons/abt.svg]
[themesbrand.com/velzon/html/default/assets/images/svg/crypto-icons/act.svg]
[themesbrand.com/velzon/html/default/assets/images/svg/crypto-icons/actn.svg]
[themesbrand.com/velzon/html/default/assets/images/svg/crypto-icons/adx.svg]
[themesbrand.com/velzon/html/default/assets/images/svg/crypto-icons/ae.svg]
[themesbrand.com/velzon/html/default/assets/images/svg/crypto-icons/aeon.svg]
[themesbrand.com/velzon/html/default/assets/images/svg/crypto-icons/aeur.svg]
[themesbrand.com/velzon/html/default/assets/images/svg/crypto-icons/agi.svg]
[themesbrand.com/velzon/html/default/assets/images/svg/crypto-icons/agrs.svg]
[themesbrand.com/velzon/html/default/assets/images/svg/crypto-icons/aion.svg]
[themesbrand.com/velzon/html/default/assets/images/svg/crypto-icons/algo.svg]
[themesbrand.com/velzon/html/default/assets/images/svg/crypto-icons/amb.svg]
[themesbrand.com/velzon/html/default/assets/images/svg/crypto-icons/amp.svg]
[themesbrand.com/velzon/html/default/assets/images/svg/crypto-icons/ampl.svg]
[themesbrand.com/velzon/html/default/assets/images/svg/crypto-icons/ankr.svg]
[themesbrand.com/velzon/html/default/assets/images/svg/crypto-icons/apex.svg]
[themesbrand.com/velzon/html/default/assets/images/svg/crypto-icons/appc.svg]
[themesbrand.com/velzon/html/default/assets/images/svg/crypto-icons/ardr.svg]
[themesbrand.com/velzon/html/default/assets/images/svg/crypto-icons/arg.svg]
[themesbrand.com/velzon/html/default/assets/images/svg/crypto-icons/arnx.svg]
[themesbrand.com/velzon/html/default/assets/images/svg/crypto-icons/ary.svg]
[themesbrand.com/velzon/html/default/assets/images/svg/crypto-icons/ast.svg]
[themesbrand.com/velzon/html/default/assets/images/svg/crypto-icons/atom.svg]
[themesbrand.com/velzon/html/default/assets/images/svg/crypto-icons/audr.svg]
[themesbrand.com/velzon/html/default/assets/images/svg/crypto-icons/auto.svg]
[themesbrand.com/velzon/html/default/assets/images/svg/crypto-icons/aywa.svg]
[themesbrand.com/velzon/html/default/assets/images/svg/crypto-icons/bab.svg]
[themesbrand.com/velzon/html/default/assets/images/svg/crypto-icons/bal.svg]
[themesbrand.com/velzon/html/default/assets/images/svg/crypto-icons/band.svg]
[themesbrand.com/velzon/html/default/assets/images/svg/crypto-icons/bat.svg]
[themesbrand.com/velzon/html/default/assets/images/svg/crypto-icons/bay.svg]
[themesbrand.com/velzon/html/default/assets/images/svg/crypto-icons/bcc.svg]
[themesbrand.com/velzon/html/default/assets/images/svg/crypto-icons/bcd.svg]
[themesbrand.com/velzon/html/default/assets/images/svg/crypto-icons/bch.svg]
[themesbrand.com/velzon/html/default/assets/images/svg/crypto-icons/bcio.svg]
[themesbrand.com/velzon/html/default/assets/images/svg/crypto-icons/bcn.svg]
[themesbrand.com/velzon/html/default/assets/images/svg/crypto-icons/bco.svg]
[themesbrand.com/velzon/html/default/assets/images/svg/crypto-icons/bcpt.svg]
[themesbrand.com/velzon/html/default/assets/images/svg/crypto-icons/bdl.svg]
[themesbrand.com/velzon/html/default/assets/images/svg/crypto-icons/beam.svg]
[themesbrand.com/velzon/html/default/assets/images/svg/crypto-icons/blcn.svg]
[themesbrand.com/velzon/html/default/assets/images/svg/crypto-icons/blk.svg]
[themesbrand.com/velzon/html/default/assets/images/svg/crypto-icons/block.svg]
[themesbrand.com/velzon/html/default/assets/images/svg/crypto-icons/blz.svg]
[themesbrand.com/velzon/html/default/assets/images/svg/crypto-icons/bnt.svg]
[themesbrand.com/velzon/html/default/assets/images/svg/crypto-icons/bnty.svg]
[themesbrand.com/velzon/html/default/assets/images/svg/crypto-icons/booty.svg]
[themesbrand.com/velzon/html/default/assets/images/svg/crypto-icons/bos.svg]
[themesbrand.com/velzon/html/default/assets/images/svg/crypto-icons/bpt.svg]
[themesbrand.com/velzon/html/default/assets/images/svg/crypto-icons/bq.svg]
[themesbrand.com/velzon/html/default/assets/images/svg/crypto-icons/brd.svg]
[themesbrand.com/velzon/html/default/assets/images/svg/crypto-icons/bsd.svg]
[themesbrand.com/velzon/html/default/assets/images/svg/crypto-icons/bsv.svg]
[themesbrand.com/velzon/html/default/assets/images/svg/crypto-icons/btcd.svg]
[themesbrand.com/velzon/html/default/assets/images/svg/crypto-icons/btch.svg]
[themesbrand.com/velzon/html/default/assets/images/svg/crypto-icons/btcp.svg]
[themesbrand.com/velzon/html/default/assets/images/svg/crypto-icons/btcz.svg]
[themesbrand.com/velzon/html/default/assets/images/svg/crypto-icons/btdx.svg]
[themesbrand.com/velzon/html/default/assets/images/svg/crypto-icons/btg.svg]
[themesbrand.com/velzon/html/default/assets/images/svg/crypto-icons/btm.svg]
[themesbrand.com/velzon/html/default/assets/images/svg/crypto-icons/bts.svg]
[themesbrand.com/velzon/html/default/assets/images/svg/crypto-icons/btt.svg]
[themesbrand.com/velzon/html/default/assets/images/svg/crypto-icons/btx.svg]
[themesbrand.com/velzon/html/default/assets/images/svg/crypto-icons/burst.svg]
[themesbrand.com/velzon/html/default/assets/images/svg/crypto-icons/bze.svg]
[themesbrand.com/velzon/html/default/assets/images/svg/crypto-icons/call.svg]
[themesbrand.com/velzon/html/default/assets/images/svg/crypto-icons/cc.svg]
[themesbrand.com/velzon/html/default/assets/images/svg/crypto-icons/cdn.svg]
[themesbrand.com/velzon/html/default/assets/images/svg/crypto-icons/cdt.svg]
[themesbrand.com/velzon/html/default/assets/images/svg/crypto-icons/cenz.svg]
[themesbrand.com/velzon/html/default/assets/images/svg/crypto-icons/chain.svg]
[themesbrand.com/velzon/html/default/assets/images/svg/crypto-icons/chat.svg]
[themesbrand.com/velzon/html/default/assets/images/svg/crypto-icons/chips.svg]
[themesbrand.com/velzon/html/default/assets/images/svg/crypto-icons/chsb.svg]
[themesbrand.com/velzon/html/default/assets/images/svg/crypto-icons/cix.svg]
[themesbrand.com/velzon/html/default/assets/images/svg/crypto-icons/clam.svg]
[themesbrand.com/velzon/html/default/assets/images/svg/crypto-icons/cloak.svg]
[themesbrand.com/velzon/html/default/assets/images/svg/crypto-icons/cmm.svg]
[themesbrand.com/velzon/html/default/assets/images/svg/crypto-icons/cmt.svg]
[themesbrand.com/velzon/html/default/assets/images/svg/crypto-icons/cnd.svg]
[themesbrand.com/velzon/html/default/assets/images/svg/crypto-icons/cnx.svg]
[themesbrand.com/velzon/html/default/assets/images/svg/crypto-icons/cny.svg]
[themesbrand.com/velzon/html/default/assets/images/svg/crypto-icons/cob.svg]
[themesbrand.com/velzon/html/default/assets/images/svg/crypto-icons/colx.svg]
[themesbrand.com/velzon/html/default/assets/images/svg/crypto-icons/comp.svg]
[themesbrand.com/velzon/html/default/assets/images/svg/crypto-icons/coqui.svg]
[themesbrand.com/velzon/html/default/assets/images/svg/crypto-icons/cred.svg]
[themesbrand.com/velzon/html/default/assets/images/svg/crypto-icons/crpt.svg]
[themesbrand.com/velzon/html/default/assets/images/svg/crypto-icons/crv.svg]
[themesbrand.com/velzon/html/default/assets/images/svg/crypto-icons/crw.svg]
[themesbrand.com/velzon/html/default/assets/images/svg/crypto-icons/ctr.svg]
[themesbrand.com/velzon/html/default/assets/images/svg/crypto-icons/ctxc.svg]
[themesbrand.com/velzon/html/default/assets/images/svg/crypto-icons/cvc.svg]
[themesbrand.com/velzon/html/default/assets/images/svg/crypto-icons/d.svg]
[themesbrand.com/velzon/html/default/assets/images/svg/crypto-icons/dai.svg]
[themesbrand.com/velzon/html/default/assets/images/svg/crypto-icons/dat.svg]
[themesbrand.com/velzon/html/default/assets/images/svg/crypto-icons/data.svg]
[themesbrand.com/velzon/html/default/assets/images/svg/crypto-icons/dbc.svg]
[themesbrand.com/velzon/html/default/assets/images/svg/crypto-icons/dcn.svg]
[themesbrand.com/velzon/html/default/assets/images/svg/crypto-icons/dcr.svg]
[themesbrand.com/velzon/html/default/assets/images/svg/crypto-icons/deez.svg]
[themesbrand.com/velzon/html/default/assets/images/svg/crypto-icons/dent.svg]
[themesbrand.com/velzon/html/default/assets/images/svg/crypto-icons/dew.svg]
[themesbrand.com/velzon/html/default/assets/images/svg/crypto-icons/dgb.svg]
[themesbrand.com/velzon/html/default/assets/images/svg/crypto-icons/dgd.svg]
[themesbrand.com/velzon/html/default/assets/images/svg/crypto-icons/dlt.svg]
[themesbrand.com/velzon/html/default/assets/images/svg/crypto-icons/dnt.svg]
[themesbrand.com/velzon/html/default/assets/images/svg/crypto-icons/dock.svg]
[themesbrand.com/velzon/html/default/assets/images/svg/crypto-icons/drgn.svg]
[themesbrand.com/velzon/html/default/assets/images/svg/crypto-icons/drop.svg]
[themesbrand.com/velzon/html/default/assets/images/svg/crypto-icons/dta.svg]
[themesbrand.com/velzon/html/default/assets/images/svg/crypto-icons/dth.svg]
[themesbrand.com/velzon/html/default/assets/images/svg/crypto-icons/dtr.svg]
[themesbrand.com/velzon/html/default/assets/images/svg/crypto-icons/ebst.svg]
[themesbrand.com/velzon/html/default/assets/images/svg/crypto-icons/eca.svg]
[themesbrand.com/velzon/html/default/assets/images/svg/crypto-icons/edg.svg]
[themesbrand.com/velzon/html/default/assets/images/svg/crypto-icons/edo.svg]
[themesbrand.com/velzon/html/default/assets/images/svg/crypto-icons/edoge.svg]
[themesbrand.com/velzon/html/default/assets/images/svg/crypto-icons/ela.svg]
[themesbrand.com/velzon/html/default/assets/images/svg/crypto-icons/elec.svg]
[themesbrand.com/velzon/html/default/assets/images/svg/crypto-icons/elf.svg]
[themesbrand.com/velzon/html/default/assets/images/svg/crypto-icons/elix.svg]
[themesbrand.com/velzon/html/default/assets/images/svg/crypto-icons/ella.svg]
[themesbrand.com/velzon/html/default/assets/images/svg/crypto-icons/emb.svg]
[themesbrand.com/velzon/html/default/assets/images/svg/crypto-icons/emc.svg]
[themesbrand.com/velzon/html/default/assets/images/svg/crypto-icons/emc2.svg]
[themesbrand.com/velzon/html/default/assets/images/svg/crypto-icons/eng.svg]
[themesbrand.com/velzon/html/default/assets/images/svg/crypto-icons/enj.svg]
[themesbrand.com/velzon/html/default/assets/images/svg/crypto-icons/entrp.svg]
[themesbrand.com/velzon/html/default/assets/images/svg/crypto-icons/eon.svg]
[themesbrand.com/velzon/html/default/assets/images/svg/crypto-icons/eop.svg]
[themesbrand.com/velzon/html/default/assets/images/svg/crypto-icons/eos.svg]
[themesbrand.com/velzon/html/default/assets/images/svg/crypto-icons/eqli.svg]
[themesbrand.com/velzon/html/default/assets/images/svg/crypto-icons/equa.svg]
[themesbrand.com/velzon/html/default/assets/images/svg/crypto-icons/ethos.svg]
[themesbrand.com/velzon/html/default/assets/images/svg/crypto-icons/etn.svg]
[themesbrand.com/velzon/html/default/assets/images/svg/crypto-icons/etp.svg]
[themesbrand.com/velzon/html/default/assets/images/svg/crypto-icons/evx.svg]
[themesbrand.com/velzon/html/default/assets/images/svg/crypto-icons/exmo.svg]
[themesbrand.com/velzon/html/default/assets/images/svg/crypto-icons/exp.svg]
[themesbrand.com/velzon/html/default/assets/images/svg/crypto-icons/fair.svg]
[themesbrand.com/velzon/html/default/assets/images/svg/crypto-icons/fct.svg]
[themesbrand.com/velzon/html/default/assets/images/svg/crypto-icons/fjc.svg]
[themesbrand.com/velzon/html/default/assets/images/svg/crypto-icons/fldc.svg]
[themesbrand.com/velzon/html/default/assets/images/svg/crypto-icons/flo.svg]
[themesbrand.com/velzon/html/default/assets/images/svg/crypto-icons/flux.svg]
[themesbrand.com/velzon/html/default/assets/images/svg/crypto-icons/fsn.svg]
[themesbrand.com/velzon/html/default/assets/images/svg/crypto-icons/ftc.svg]
[themesbrand.com/velzon/html/default/assets/images/svg/crypto-icons/fuel.svg]
[themesbrand.com/velzon/html/default/assets/images/svg/crypto-icons/fun.svg]
[themesbrand.com/velzon/html/default/assets/images/svg/crypto-icons/game.svg]
[themesbrand.com/velzon/html/default/assets/images/svg/crypto-icons/gas.svg]
[themesbrand.com/velzon/html/default/assets/images/svg/crypto-icons/gbx.svg]
[themesbrand.com/velzon/html/default/assets/images/svg/crypto-icons/gbyte.svg]
[themesbrand.com/velzon/html/default/assets/images/svg/crypto-icons/generic.svg]
[themesbrand.com/velzon/html/default/assets/images/svg/crypto-icons/gin.svg]
[themesbrand.com/velzon/html/default/assets/images/svg/crypto-icons/glxt.svg]
[themesbrand.com/velzon/html/default/assets/images/svg/crypto-icons/gmr.svg]
[themesbrand.com/velzon/html/default/assets/images/svg/crypto-icons/gno.svg]
[themesbrand.com/velzon/html/default/assets/images/svg/crypto-icons/gnt.svg]
[themesbrand.com/velzon/html/default/assets/images/svg/crypto-icons/gold.svg]
[themesbrand.com/velzon/html/default/assets/images/svg/crypto-icons/grc.svg]
[themesbrand.com/velzon/html/default/assets/images/svg/crypto-icons/grin.svg]
[themesbrand.com/velzon/html/default/assets/images/svg/crypto-icons/grs.svg]
[themesbrand.com/velzon/html/default/assets/images/svg/crypto-icons/grt.svg]
[themesbrand.com/velzon/html/default/assets/images/svg/crypto-icons/gsc.svg]
[themesbrand.com/velzon/html/default/assets/images/svg/crypto-icons/gto.svg]
[themesbrand.com/velzon/html/default/assets/images/svg/crypto-icons/gup.svg]
[themesbrand.com/velzon/html/default/assets/images/svg/crypto-icons/gusd.svg]
[themesbrand.com/velzon/html/default/assets/images/svg/crypto-icons/gvt.svg]
[themesbrand.com/velzon/html/default/assets/images/svg/crypto-icons/gxs.svg]
[themesbrand.com/velzon/html/default/assets/images/svg/crypto-icons/gzr.svg]
[themesbrand.com/velzon/html/default/assets/images/svg/crypto-icons/hight.svg]
[themesbrand.com/velzon/html/default/assets/images/svg/crypto-icons/hns.svg]
[themesbrand.com/velzon/html/default/assets/images/svg/crypto-icons/hodl.svg]
[themesbrand.com/velzon/html/default/assets/images/svg/crypto-icons/hot.svg]
[themesbrand.com/velzon/html/default/assets/images/svg/crypto-icons/hpb.svg]
[themesbrand.com/velzon/html/default/assets/images/svg/crypto-icons/hsr.svg]
[themesbrand.com/velzon/html/default/assets/images/svg/crypto-icons/ht.svg]
[themesbrand.com/velzon/html/default/assets/images/svg/crypto-icons/html.svg]
[themesbrand.com/velzon/html/default/assets/images/svg/crypto-icons/huc.svg]
[themesbrand.com/velzon/html/default/assets/images/svg/crypto-icons/husd.svg]
[themesbrand.com/velzon/html/default/assets/images/svg/crypto-icons/hush.svg]
[themesbrand.com/velzon/html/default/assets/images/svg/crypto-icons/icn.svg]
[themesbrand.com/velzon/html/default/assets/images/svg/crypto-icons/icp.svg]
[themesbrand.com/velzon/html/default/assets/images/svg/crypto-icons/icx.svg]
[themesbrand.com/velzon/html/default/assets/images/svg/crypto-icons/ignis.svg]
[themesbrand.com/velzon/html/default/assets/images/svg/crypto-icons/ilk.svg]
[themesbrand.com/velzon/html/default/assets/images/svg/crypto-icons/ink.svg]
[themesbrand.com/velzon/html/default/assets/images/svg/crypto-icons/ins.svg]
[themesbrand.com/velzon/html/default/assets/images/svg/crypto-icons/ion.svg]
[themesbrand.com/velzon/html/default/assets/images/svg/crypto-icons/iop.svg]
[themesbrand.com/velzon/html/default/assets/images/svg/crypto-icons/iost.svg]
[themesbrand.com/velzon/html/default/assets/images/svg/crypto-icons/iotx.svg]
[themesbrand.com/velzon/html/default/assets/images/svg/crypto-icons/iq.svg]
[themesbrand.com/velzon/html/default/assets/images/svg/crypto-icons/itc.svg]
[themesbrand.com/velzon/html/default/assets/images/svg/crypto-icons/jnt.svg]
[themesbrand.com/velzon/html/default/assets/images/svg/crypto-icons/kcs.svg]
[themesbrand.com/velzon/html/default/assets/images/svg/crypto-icons/kin.svg]
[themesbrand.com/velzon/html/default/assets/images/svg/crypto-icons/klown.svg]
[themesbrand.com/velzon/html/default/assets/images/svg/crypto-icons/kmd.svg]
[themesbrand.com/velzon/html/default/assets/images/svg/crypto-icons/knc.svg]
[themesbrand.com/velzon/html/default/assets/images/svg/crypto-icons/krb.svg]
[themesbrand.com/velzon/html/default/assets/images/svg/crypto-icons/ksm.svg]
[themesbrand.com/velzon/html/default/assets/images/svg/crypto-icons/lbc.svg]
[themesbrand.com/velzon/html/default/assets/images/svg/crypto-icons/lend.svg]
[themesbrand.com/velzon/html/default/assets/images/svg/crypto-icons/leo.svg]
[themesbrand.com/velzon/html/default/assets/images/svg/crypto-icons/link.svg]
[themesbrand.com/velzon/html/default/assets/images/svg/crypto-icons/lkk.svg]
[themesbrand.com/velzon/html/default/assets/images/svg/crypto-icons/loom.svg]
[themesbrand.com/velzon/html/default/assets/images/svg/crypto-icons/lpt.svg]
[themesbrand.com/velzon/html/default/assets/images/svg/crypto-icons/lrc.svg]
[themesbrand.com/velzon/html/default/assets/images/svg/crypto-icons/lsk.svg]
[themesbrand.com/velzon/html/default/assets/images/svg/crypto-icons/lun.svg]
[themesbrand.com/velzon/html/default/assets/images/svg/crypto-icons/maid.svg]
[themesbrand.com/velzon/html/default/assets/images/svg/crypto-icons/mana.svg]
[themesbrand.com/velzon/html/default/assets/images/svg/crypto-icons/matic.svg]
[themesbrand.com/velzon/html/default/assets/images/svg/crypto-icons/max.svg]
[themesbrand.com/velzon/html/default/assets/images/svg/crypto-icons/mcap.svg]
[themesbrand.com/velzon/html/default/assets/images/svg/crypto-icons/mco.svg]
[themesbrand.com/velzon/html/default/assets/images/svg/crypto-icons/mda.svg]
[themesbrand.com/velzon/html/default/assets/images/svg/crypto-icons/mds.svg]
[themesbrand.com/velzon/html/default/assets/images/svg/crypto-icons/med.svg]
[themesbrand.com/velzon/html/default/assets/images/svg/crypto-icons/meetone.svg]
[themesbrand.com/velzon/html/default/assets/images/svg/crypto-icons/mft.svg]
[themesbrand.com/velzon/html/default/assets/images/svg/crypto-icons/miota.svg]
[themesbrand.com/velzon/html/default/assets/images/svg/crypto-icons/mith.svg]
[themesbrand.com/velzon/html/default/assets/images/svg/crypto-icons/mnx.svg]
[themesbrand.com/velzon/html/default/assets/images/svg/crypto-icons/mnz.svg]
[themesbrand.com/velzon/html/default/assets/images/svg/crypto-icons/moac.svg]
[themesbrand.com/velzon/html/default/assets/images/svg/crypto-icons/mod.svg]
[themesbrand.com/velzon/html/default/assets/images/svg/crypto-icons/mona.svg]
[themesbrand.com/velzon/html/default/assets/images/svg/crypto-icons/msr.svg]
[themesbrand.com/velzon/html/default/assets/images/svg/crypto-icons/mth.svg]
[themesbrand.com/velzon/html/default/assets/images/svg/crypto-icons/mtl.svg]
[themesbrand.com/velzon/html/default/assets/images/svg/crypto-icons/music.svg]
[themesbrand.com/velzon/html/default/assets/images/svg/crypto-icons/mzc.svg]
[themesbrand.com/velzon/html/default/assets/images/svg/crypto-icons/nano.svg]
[themesbrand.com/velzon/html/default/assets/images/svg/crypto-icons/nas.svg]
[themesbrand.com/velzon/html/default/assets/images/svg/crypto-icons/nav.svg]
[themesbrand.com/velzon/html/default/assets/images/svg/crypto-icons/ncash.svg]
[themesbrand.com/velzon/html/default/assets/images/svg/crypto-icons/ndz.svg]
[themesbrand.com/velzon/html/default/assets/images/svg/crypto-icons/nebl.svg]
[themesbrand.com/velzon/html/default/assets/images/svg/crypto-icons/neos.svg]
[themesbrand.com/velzon/html/default/assets/images/svg/crypto-icons/neu.svg]
[themesbrand.com/velzon/html/default/assets/images/svg/crypto-icons/nexo.svg]
[themesbrand.com/velzon/html/default/assets/images/svg/crypto-icons/ngc.svg]
[themesbrand.com/velzon/html/default/assets/images/svg/crypto-icons/nio.svg]
[themesbrand.com/velzon/html/default/assets/images/svg/crypto-icons/nkn.svg]
[themesbrand.com/velzon/html/default/assets/images/svg/crypto-icons/nlc2.svg]
[themesbrand.com/velzon/html/default/assets/images/svg/crypto-icons/nlg.svg]
[themesbrand.com/velzon/html/default/assets/images/svg/crypto-icons/nmc.svg]
[themesbrand.com/velzon/html/default/assets/images/svg/crypto-icons/nmr.svg]
[themesbrand.com/velzon/html/default/assets/images/svg/crypto-icons/npxs.svg]
[themesbrand.com/velzon/html/default/assets/images/svg/crypto-icons/ntbc.svg]
[themesbrand.com/velzon/html/default/assets/images/svg/crypto-icons/nuls.svg]
[themesbrand.com/velzon/html/default/assets/images/svg/crypto-icons/nxs.svg]
[themesbrand.com/velzon/html/default/assets/images/svg/crypto-icons/nxt.svg]
[themesbrand.com/velzon/html/default/assets/images/svg/crypto-icons/oax.svg]
[themesbrand.com/velzon/html/default/assets/images/svg/crypto-icons/ok.svg]
[themesbrand.com/velzon/html/default/assets/images/svg/crypto-icons/omg.svg]
[themesbrand.com/velzon/html/default/assets/images/svg/crypto-icons/omni.svg]
[themesbrand.com/velzon/html/default/assets/images/svg/crypto-icons/one.svg]
[themesbrand.com/velzon/html/default/assets/images/svg/crypto-icons/ong.svg]
[themesbrand.com/velzon/html/default/assets/images/svg/crypto-icons/ont.svg]
[themesbrand.com/velzon/html/default/assets/images/svg/crypto-icons/oot.svg]
[themesbrand.com/velzon/html/default/assets/images/svg/crypto-icons/ost.svg]
[themesbrand.com/velzon/html/default/assets/images/svg/crypto-icons/ox.svg]
[themesbrand.com/velzon/html/default/assets/images/svg/crypto-icons/oxt.svg]
[themesbrand.com/velzon/html/default/assets/images/svg/crypto-icons/part.svg]
[themesbrand.com/velzon/html/default/assets/images/svg/crypto-icons/pasc.svg]
[themesbrand.com/velzon/html/default/assets/images/svg/crypto-icons/pasl.svg]
[themesbrand.com/velzon/html/default/assets/images/svg/crypto-icons/pax.svg]
[themesbrand.com/velzon/html/default/assets/images/svg/crypto-icons/paxg.svg]
[themesbrand.com/velzon/html/default/assets/images/svg/crypto-icons/pay.svg]
[themesbrand.com/velzon/html/default/assets/images/svg/crypto-icons/payx.svg]
[themesbrand.com/velzon/html/default/assets/images/svg/crypto-icons/pink.svg]
[themesbrand.com/velzon/html/default/assets/images/svg/crypto-icons/pirl.svg]
[themesbrand.com/velzon/html/default/assets/images/svg/crypto-icons/pivx.svg]
[themesbrand.com/velzon/html/default/assets/images/svg/crypto-icons/plr.svg]
[themesbrand.com/velzon/html/default/assets/images/svg/crypto-icons/poa.svg]
[themesbrand.com/velzon/html/default/assets/images/svg/crypto-icons/poe.svg]
[themesbrand.com/velzon/html/default/assets/images/svg/crypto-icons/polis.svg]
[themesbrand.com/velzon/html/default/assets/images/svg/crypto-icons/poly.svg]
[themesbrand.com/velzon/html/default/assets/images/svg/crypto-icons/pot.svg]
[themesbrand.com/velzon/html/default/assets/images/svg/crypto-icons/powr.svg]
[themesbrand.com/velzon/html/default/assets/images/svg/crypto-icons/ppc.svg]
[themesbrand.com/velzon/html/default/assets/images/svg/crypto-icons/ppp.svg]
[themesbrand.com/velzon/html/default/assets/images/svg/crypto-icons/pre.svg]
[themesbrand.com/velzon/html/default/assets/images/svg/crypto-icons/prl.svg]
[themesbrand.com/velzon/html/default/assets/images/svg/crypto-icons/pungo.svg]
[themesbrand.com/velzon/html/default/assets/images/svg/crypto-icons/pura.svg]
[themesbrand.com/velzon/html/default/assets/images/svg/crypto-icons/qash.svg]
[themesbrand.com/velzon/html/default/assets/images/svg/crypto-icons/qiwi.svg]
[themesbrand.com/velzon/html/default/assets/images/svg/crypto-icons/qlc.svg]
[themesbrand.com/velzon/html/default/assets/images/svg/crypto-icons/qrl.svg]
[themesbrand.com/velzon/html/default/assets/images/svg/crypto-icons/qsp.svg]
[themesbrand.com/velzon/html/default/assets/images/svg/crypto-icons/qtum.svg]
[themesbrand.com/velzon/html/default/assets/images/svg/crypto-icons/r.svg]
[themesbrand.com/velzon/html/default/assets/images/svg/crypto-icons/rads.svg]
[themesbrand.com/velzon/html/default/assets/images/svg/crypto-icons/rap.svg]
[themesbrand.com/velzon/html/default/assets/images/svg/crypto-icons/rcn.svg]
[themesbrand.com/velzon/html/default/assets/images/svg/crypto-icons/rdd.svg]
[themesbrand.com/velzon/html/default/assets/images/svg/crypto-icons/rdn.svg]
[themesbrand.com/velzon/html/default/assets/images/svg/crypto-icons/ren.svg]
[themesbrand.com/velzon/html/default/assets/images/svg/crypto-icons/rep.svg]
[themesbrand.com/velzon/html/default/assets/images/svg/crypto-icons/repv2.svg]
[themesbrand.com/velzon/html/default/assets/images/svg/crypto-icons/req.svg]
[themesbrand.com/velzon/html/default/assets/images/svg/crypto-icons/rhoc.svg]
[themesbrand.com/velzon/html/default/assets/images/svg/crypto-icons/ric.svg]
[themesbrand.com/velzon/html/default/assets/images/svg/crypto-icons/rlc.svg]
[themesbrand.com/velzon/html/default/assets/images/svg/crypto-icons/rpx.svg]
[themesbrand.com/velzon/html/default/assets/images/svg/crypto-icons/rub.svg]
[themesbrand.com/velzon/html/default/assets/images/svg/crypto-icons/rvn.svg]
[themesbrand.com/velzon/html/default/assets/images/svg/crypto-icons/ryo.svg]
[themesbrand.com/velzon/html/default/assets/images/svg/crypto-icons/safe.svg]
[themesbrand.com/velzon/html/default/assets/images/svg/crypto-icons/safemoon.svg]
[themesbrand.com/velzon/html/default/assets/images/svg/crypto-icons/sai.svg]
[themesbrand.com/velzon/html/default/assets/images/svg/crypto-icons/salt.svg]
[themesbrand.com/velzon/html/default/assets/images/svg/crypto-icons/san.svg]
[themesbrand.com/velzon/html/default/assets/images/svg/crypto-icons/sand.svg]
[themesbrand.com/velzon/html/default/assets/images/svg/crypto-icons/sbd.svg]
[themesbrand.com/velzon/html/default/assets/images/svg/crypto-icons/sberbank.svg]
[themesbrand.com/velzon/html/default/assets/images/svg/crypto-icons/sc.svg]
[themesbrand.com/velzon/html/default/assets/images/svg/crypto-icons/shift.svg]
[themesbrand.com/velzon/html/default/assets/images/svg/crypto-icons/sib.svg]
[themesbrand.com/velzon/html/default/assets/images/svg/crypto-icons/sin.svg]
[themesbrand.com/velzon/html/default/assets/images/svg/crypto-icons/skl.svg]
[themesbrand.com/velzon/html/default/assets/images/svg/crypto-icons/sky.svg]
[themesbrand.com/velzon/html/default/assets/images/svg/crypto-icons/slr.svg]
[themesbrand.com/velzon/html/default/assets/images/svg/crypto-icons/sls.svg]
[themesbrand.com/velzon/html/default/assets/images/svg/crypto-icons/smart.svg]
[themesbrand.com/velzon/html/default/assets/images/svg/crypto-icons/sngls.svg]
[themesbrand.com/velzon/html/default/assets/images/svg/crypto-icons/snm.svg]
[themesbrand.com/velzon/html/default/assets/images/svg/crypto-icons/snt.svg]
[themesbrand.com/velzon/html/default/assets/images/svg/crypto-icons/snx.svg]
[themesbrand.com/velzon/html/default/assets/images/svg/crypto-icons/soc.svg]
[themesbrand.com/velzon/html/default/assets/images/svg/crypto-icons/spacehbit.svg]
[themesbrand.com/velzon/html/default/assets/images/svg/crypto-icons/spank.svg]
[themesbrand.com/velzon/html/default/assets/images/svg/crypto-icons/sphtx.svg]
[themesbrand.com/velzon/html/default/assets/images/svg/crypto-icons/srn.svg]
[themesbrand.com/velzon/html/default/assets/images/svg/crypto-icons/stak.svg]
[themesbrand.com/velzon/html/default/assets/images/svg/crypto-icons/start.svg]
[themesbrand.com/velzon/html/default/assets/images/svg/crypto-icons/steem.svg]
[themesbrand.com/velzon/html/default/assets/images/svg/crypto-icons/storj.svg]
[themesbrand.com/velzon/html/default/assets/images/svg/crypto-icons/storm.svg]
[themesbrand.com/velzon/html/default/assets/images/svg/crypto-icons/stox.svg]
[themesbrand.com/velzon/html/default/assets/images/svg/crypto-icons/stq.svg]
[themesbrand.com/velzon/html/default/assets/images/svg/crypto-icons/strat.svg]
[themesbrand.com/velzon/html/default/assets/images/svg/crypto-icons/stx.svg]
[themesbrand.com/velzon/html/default/assets/images/svg/crypto-icons/sub.svg]
[themesbrand.com/velzon/html/default/assets/images/svg/crypto-icons/sumo.svg]
[themesbrand.com/velzon/html/default/assets/images/svg/crypto-icons/sushi.svg]
[themesbrand.com/velzon/html/default/assets/images/svg/crypto-icons/sys.svg]
[themesbrand.com/velzon/html/default/assets/images/svg/crypto-icons/taas.svg]
[themesbrand.com/velzon/html/default/assets/images/svg/crypto-icons/tau.svg]
[themesbrand.com/velzon/html/default/assets/images/svg/crypto-icons/tbx.svg]
[themesbrand.com/velzon/html/default/assets/images/svg/crypto-icons/tel.svg]
[themesbrand.com/velzon/html/default/assets/images/svg/crypto-icons/ten.svg]
[themesbrand.com/velzon/html/default/assets/images/svg/crypto-icons/tern.svg]
[themesbrand.com/velzon/html/default/assets/images/svg/crypto-icons/tgch.svg]
[themesbrand.com/velzon/html/default/assets/images/svg/crypto-icons/theta.svg]
[themesbrand.com/velzon/html/default/assets/images/svg/crypto-icons/tix.svg]
[themesbrand.com/velzon/html/default/assets/images/svg/crypto-icons/tkn.svg]
[themesbrand.com/velzon/html/default/assets/images/svg/crypto-icons/tks.svg]
[themesbrand.com/velzon/html/default/assets/images/svg/crypto-icons/tnb.svg]
[themesbrand.com/velzon/html/default/assets/images/svg/crypto-icons/tnc.svg]
[themesbrand.com/velzon/html/default/assets/images/svg/crypto-icons/tnt.svg]
[themesbrand.com/velzon/html/default/assets/images/svg/crypto-icons/tomo.svg]
[themesbrand.com/velzon/html/default/assets/images/svg/crypto-icons/tpay.svg]
[themesbrand.com/velzon/html/default/assets/images/svg/crypto-icons/trig.svg]
[themesbrand.com/velzon/html/default/assets/images/svg/crypto-icons/trtl.svg]
[themesbrand.com/velzon/html/default/assets/images/svg/crypto-icons/trx.svg]
[themesbrand.com/velzon/html/default/assets/images/svg/crypto-icons/tusd.svg]
[themesbrand.com/velzon/html/default/assets/images/svg/crypto-icons/tzc.svg]
[themesbrand.com/velzon/html/default/assets/images/svg/crypto-icons/ubq.svg]
[themesbrand.com/velzon/html/default/assets/images/svg/crypto-icons/uma.svg]
[themesbrand.com/velzon/html/default/assets/images/svg/crypto-icons/uni.svg]
[themesbrand.com/velzon/html/default/assets/images/svg/crypto-icons/unity.svg]
[themesbrand.com/velzon/html/default/assets/images/svg/crypto-icons/usd.svg]
[themesbrand.com/velzon/html/default/assets/images/svg/crypto-icons/usdc.svg]
[themesbrand.com/velzon/html/default/assets/images/svg/crypto-icons/utk.svg]
[themesbrand.com/velzon/html/default/assets/images/svg/crypto-icons/veri.svg]
[themesbrand.com/velzon/html/default/assets/images/svg/crypto-icons/vet.svg]
[themesbrand.com/velzon/html/default/assets/images/svg/crypto-icons/via.svg]
[themesbrand.com/velzon/html/default/assets/images/svg/crypto-icons/vib.svg]
[themesbrand.com/velzon/html/default/assets/images/svg/crypto-icons/vibe.svg]
[themesbrand.com/velzon/html/default/assets/images/svg/crypto-icons/vivo.svg]
[themesbrand.com/velzon/html/default/assets/images/svg/crypto-icons/vrc.svg]
[themesbrand.com/velzon/html/default/assets/images/svg/crypto-icons/vrsc.svg]
[themesbrand.com/velzon/html/default/assets/images/svg/crypto-icons/vtho.svg]
[themesbrand.com/velzon/html/default/assets/images/svg/crypto-icons/wabi.svg]
[themesbrand.com/velzon/html/default/assets/images/svg/crypto-icons/wan.svg]
[themesbrand.com/velzon/html/default/assets/images/svg/crypto-icons/waves.svg]
[themesbrand.com/velzon/html/default/assets/images/svg/crypto-icons/wax.svg]
[themesbrand.com/velzon/html/default/assets/images/svg/crypto-icons/wbtc.svg]
[themesbrand.com/velzon/html/default/assets/images/svg/crypto-icons/wgr.svg]
[themesbrand.com/velzon/html/default/assets/images/svg/crypto-icons/wicc.svg]
[themesbrand.com/velzon/html/default/assets/images/svg/crypto-icons/wings.svg]
[themesbrand.com/velzon/html/default/assets/images/svg/crypto-icons/wpr.svg]
[themesbrand.com/velzon/html/default/assets/images/svg/crypto-icons/wtc.svg]
[themesbrand.com/velzon/html/default/assets/images/svg/crypto-icons/x.svg]
[themesbrand.com/velzon/html/default/assets/images/svg/crypto-icons/xas.svg]
[themesbrand.com/velzon/html/default/assets/images/svg/crypto-icons/xbc.svg]
[themesbrand.com/velzon/html/default/assets/images/svg/crypto-icons/xbp.svg]
[themesbrand.com/velzon/html/default/assets/images/svg/crypto-icons/xby.svg]
[themesbrand.com/velzon/html/default/assets/images/svg/crypto-icons/xcp.svg]
[themesbrand.com/velzon/html/default/assets/images/svg/crypto-icons/xdn.svg]
[themesbrand.com/velzon/html/default/assets/images/svg/crypto-icons/xem.svg]
[themesbrand.com/velzon/html/default/assets/images/svg/crypto-icons/xin.svg]
[themesbrand.com/velzon/html/default/assets/images/svg/crypto-icons/xlm.svg]
[themesbrand.com/velzon/html/default/assets/images/svg/crypto-icons/xmcc.svg]
[themesbrand.com/velzon/html/default/assets/images/svg/crypto-icons/xmg.svg]
[themesbrand.com/velzon/html/default/assets/images/svg/crypto-icons/xmo.svg]
[themesbrand.com/velzon/html/default/assets/images/svg/crypto-icons/xmy.svg]
[themesbrand.com/velzon/html/default/assets/images/svg/crypto-icons/xp.svg]
[themesbrand.com/velzon/html/default/assets/images/svg/crypto-icons/xpa.svg]
[themesbrand.com/velzon/html/default/assets/images/svg/crypto-icons/xpr.svg]
[themesbrand.com/velzon/html/default/assets/images/svg/crypto-icons/xtz.svg]
[themesbrand.com/velzon/html/default/assets/images/svg/crypto-icons/xuc.svg]
[themesbrand.com/velzon/html/default/assets/images/svg/crypto-icons/xvc.svg]
[themesbrand.com/velzon/html/default/assets/images/svg/crypto-icons/xvg.svg]
[themesbrand.com/velzon/html/default/assets/images/svg/crypto-icons/xzc.svg]
[themesbrand.com/velzon/html/default/assets/images/svg/crypto-icons/yoyow.svg]
[themesbrand.com/velzon/html/default/assets/images/svg/crypto-icons/zcl.svg]
[themesbrand.com/velzon/html/default/assets/images/svg/crypto-icons/zec.svg]
[themesbrand.com/velzon/html/default/assets/images/svg/crypto-icons/zel.svg]
[themesbrand.com/velzon/html/default/assets/images/svg/crypto-icons/zen.svg]
[themesbrand.com/velzon/html/default/assets/images/svg/crypto-icons/zest.svg]
[themesbrand.com/velzon/html/default/assets/images/svg/crypto-icons/zil.svg]
[themesbrand.com/velzon/html/default/assets/images/svg/crypto-icons/zilla.svg]
[themesbrand.com/velzon/html/default/assets/images/svg/crypto-icons/zrx.svg]
[themesbrand.com/velzon/html/default/assets/libs/leaflet/images/layers.png]
[themesbrand.com/velzon/html/default/assets/libs/leaflet/images/layers-2x.png]
[themesbrand.com/velzon/html/default/assets/libs/leaflet/images/marker-icon.png]
[themesbrand.com/velzon/html/default/assets/libs/leaflet/leaflet.css]
[themesbrand.com/velzon/html/default/assets/libs/@tarekraafat/autocomplete.js/css/images/search.svg]
