[kamleshyadav.com/html/splashdash/HTML/bootstrep-5/splashdash-admin-template/index.html]
[backblue.gif]
[fade.gif]
[index.html]
[kamleshyadav.com/html/splashdash/HTML/bootstrep-5/splashdash-admin-template/assets/css/fonts.css]
[kamleshyadav.com/html/splashdash/HTML/bootstrep-5/splashdash-admin-template/assets/css/bootstrap.min.css]
[kamleshyadav.com/html/splashdash/HTML/bootstrep-5/splashdash-admin-template/assets/css/font-awesome.min.css]
[kamleshyadav.com/html/splashdash/HTML/bootstrep-5/splashdash-admin-template/assets/css/icofont.min.css]
[kamleshyadav.com/html/splashdash/HTML/bootstrep-5/splashdash-admin-template/assets/css/style.css]
[kamleshyadav.com/html/splashdash/HTML/bootstrep-5/splashdash-admin-template/assets/images/favicon.png]
[kamleshyadav.com/html/splashdash/HTML/bootstrep-5/splashdash-admin-template/assets/images/loader.gif]
[kamleshyadav.com/html/splashdash/HTML/bootstrep-5/splashdash-admin-template/assets/images/product2.png]
[kamleshyadav.com/html/splashdash/HTML/bootstrep-5/splashdash-admin-template/assets/images/product3.png]
[kamleshyadav.com/html/splashdash/HTML/bootstrep-5/splashdash-admin-template/assets/images/product.png]
[kamleshyadav.com/html/splashdash/HTML/bootstrep-5/splashdash-admin-template/cart.html]
[kamleshyadav.com/html/splashdash/HTML/bootstrep-5/splashdash-admin-template/checkout.html]
[kamleshyadav.com/html/splashdash/HTML/bootstrep-5/splashdash-admin-template/assets/images/user.jpg]
[kamleshyadav.com/html/splashdash/HTML/bootstrep-5/splashdash-admin-template/profile.html]
[kamleshyadav.com/html/splashdash/HTML/bootstrep-5/splashdash-admin-template/setting.html]
[kamleshyadav.com/html/splashdash/HTML/bootstrep-5/splashdash-admin-template/login.html]
[kamleshyadav.com/html/splashdash/HTML/bootstrep-5/splashdash-admin-template/assets/images/logo.png]
[kamleshyadav.com/html/splashdash/HTML/bootstrep-5/splashdash-admin-template/assets/images/mini_logo.png]
[kamleshyadav.com/html/splashdash/HTML/bootstrep-5/splashdash-admin-template/user.html]
[kamleshyadav.com/html/splashdash/HTML/bootstrep-5/splashdash-admin-template/all-product.html]
[kamleshyadav.com/html/splashdash/HTML/bootstrep-5/splashdash-admin-template/orders.html]
[kamleshyadav.com/html/splashdash/HTML/bootstrep-5/splashdash-admin-template/customers.html]
[kamleshyadav.com/html/splashdash/HTML/bootstrep-5/splashdash-admin-template/calendar.html]
[kamleshyadav.com/html/splashdash/HTML/bootstrep-5/splashdash-admin-template/fontawesome.html]
[kamleshyadav.com/html/splashdash/HTML/bootstrep-5/splashdash-admin-template/progress-bars.html]
[kamleshyadav.com/html/splashdash/HTML/bootstrep-5/splashdash-admin-template/alert.html]
[kamleshyadav.com/html/splashdash/HTML/bootstrep-5/splashdash-admin-template/editor.html]
[kamleshyadav.com/html/splashdash/HTML/bootstrep-5/splashdash-admin-template/modal.html]
[kamleshyadav.com/html/splashdash/HTML/bootstrep-5/splashdash-admin-template/tab.html]
[kamleshyadav.com/html/splashdash/HTML/bootstrep-5/splashdash-admin-template/carousal.html]
[kamleshyadav.com/html/splashdash/HTML/bootstrep-5/splashdash-admin-template/counter.html]
[kamleshyadav.com/html/splashdash/HTML/bootstrep-5/splashdash-admin-template/accordation.html]
[kamleshyadav.com/html/splashdash/HTML/bootstrep-5/splashdash-admin-template/pagination.html]
[kamleshyadav.com/html/splashdash/HTML/bootstrep-5/splashdash-admin-template/typography.html]
[kamleshyadav.com/html/splashdash/HTML/bootstrep-5/splashdash-admin-template/form.html]
[kamleshyadav.com/html/splashdash/HTML/bootstrep-5/splashdash-admin-template/tags.html]
[kamleshyadav.com/html/splashdash/HTML/bootstrep-5/splashdash-admin-template/basic-table.html]
[kamleshyadav.com/html/splashdash/HTML/bootstrep-5/splashdash-admin-template/advance-table.html]
[kamleshyadav.com/html/splashdash/HTML/bootstrep-5/splashdash-admin-template/data-table.html]
[kamleshyadav.com/html/splashdash/HTML/bootstrep-5/splashdash-admin-template/g-map.html]
[kamleshyadav.com/html/splashdash/HTML/bootstrep-5/splashdash-admin-template/v-map.html]
[kamleshyadav.com/html/splashdash/HTML/bootstrep-5/splashdash-admin-template/chart.html]
[kamleshyadav.com/html/splashdash/HTML/bootstrep-5/splashdash-admin-template/buttons.html]
[kamleshyadav.com/html/splashdash/HTML/bootstrep-5/splashdash-admin-template/invoice.html]
[kamleshyadav.com/html/splashdash/HTML/bootstrep-5/splashdash-admin-template/inbox.html]
[kamleshyadav.com/html/splashdash/HTML/bootstrep-5/splashdash-admin-template/email-template.html]
[kamleshyadav.com/html/splashdash/HTML/bootstrep-5/splashdash-admin-template/chat.html]
[kamleshyadav.com/html/splashdash/HTML/bootstrep-5/splashdash-admin-template/register.html]
[kamleshyadav.com/html/splashdash/HTML/bootstrep-5/splashdash-admin-template/forgot-pws.html]
[kamleshyadav.com/html/splashdash/HTML/bootstrep-5/splashdash-admin-template/blank.html]
[kamleshyadav.com/html/splashdash/HTML/bootstrep-5/splashdash-admin-template/cards.html]
[kamleshyadav.com/html/splashdash/HTML/bootstrep-5/splashdash-admin-template/product-single.html]
[kamleshyadav.com/html/splashdash/HTML/bootstrep-5/splashdash-admin-template/wishlist.html]
[kamleshyadav.com/html/splashdash/HTML/bootstrep-5/splashdash-admin-template/faq.html]
[kamleshyadav.com/html/splashdash/HTML/bootstrep-5/splashdash-admin-template/error.html]
[kamleshyadav.com/html/splashdash/HTML/bootstrep-5/splashdash-admin-template/support.html]
[kamleshyadav.com/html/splashdash/HTML/bootstrep-5/splashdash-admin-template/documentation.html]
[kamleshyadav.com/html/splashdash/HTML/bootstrep-5/splashdash-admin-template/assets/images/table/1.jpg]
[kamleshyadav.com/html/splashdash/HTML/bootstrep-5/splashdash-admin-template/assets/images/table/4.jpg]
[kamleshyadav.com/html/splashdash/HTML/bootstrep-5/splashdash-admin-template/assets/images/table/7.jpg]
[kamleshyadav.com/html/splashdash/HTML/bootstrep-5/splashdash-admin-template/assets/images/table/3.jpg]
[kamleshyadav.com/html/splashdash/HTML/bootstrep-5/splashdash-admin-template/assets/images/light.png]
[kamleshyadav.com/html/splashdash/HTML/bootstrep-5/splashdash-admin-template/assets/images/dark.png]
[kamleshyadav.com/html/splashdash/HTML/bootstrep-5/splashdash-admin-template/assets/js/jquery.min.js]
[kamleshyadav.com/html/splashdash/HTML/bootstrep-5/splashdash-admin-template/assets/js/popper.min.js]
[kamleshyadav.com/html/splashdash/HTML/bootstrep-5/splashdash-admin-template/assets/js/bootstrap.min.js]
[kamleshyadav.com/html/splashdash/HTML/bootstrep-5/splashdash-admin-template/assets/js/swiper.min.js]
[kamleshyadav.com/html/splashdash/HTML/bootstrep-5/splashdash-admin-template/assets/js/apexchart/apexcharts.min.js]
[kamleshyadav.com/html/splashdash/HTML/bootstrep-5/splashdash-admin-template/assets/js/apexchart/control-chart-apexcharts.js]
[kamleshyadav.com/html/splashdash/HTML/bootstrep-5/splashdash-admin-template/assets/js/nice-select.min.js]
[kamleshyadav.com/html/splashdash/HTML/bootstrep-5/splashdash-admin-template/index.html]
[kamleshyadav.com/html/splashdash/HTML/bootstrep-5/splashdash-admin-template/assets/css/fonts.css]
[kamleshyadav.com/html/splashdash/HTML/bootstrep-5/splashdash-admin-template/assets/css/bootstrap.min.css]
[kamleshyadav.com/html/splashdash/HTML/bootstrep-5/splashdash-admin-template/assets/js/custom.js]
[kamleshyadav.com/html/splashdash/HTML/bootstrep-5/splashdash-admin-template/assets/fonts/webfonts/fa-brands-400.eot]
[kamleshyadav.com/html/splashdash/HTML/bootstrep-5/splashdash-admin-template/assets/fonts/webfonts/fa-brands-400d41d.eot]
[kamleshyadav.com/html/splashdash/HTML/bootstrep-5/splashdash-admin-template/assets/fonts/webfonts/fa-brands-400.woff2]
[kamleshyadav.com/html/splashdash/HTML/bootstrep-5/splashdash-admin-template/assets/fonts/webfonts/fa-brands-400.woff]
[kamleshyadav.com/html/splashdash/HTML/bootstrep-5/splashdash-admin-template/assets/fonts/webfonts/fa-brands-400.ttf]
[kamleshyadav.com/html/splashdash/HTML/bootstrep-5/splashdash-admin-template/assets/fonts/webfonts/fa-regular-400.eot]
[kamleshyadav.com/html/splashdash/HTML/bootstrep-5/splashdash-admin-template/assets/fonts/webfonts/fa-regular-400d41d.eot]
[kamleshyadav.com/html/splashdash/HTML/bootstrep-5/splashdash-admin-template/assets/fonts/webfonts/fa-regular-400.woff2]
[kamleshyadav.com/html/splashdash/HTML/bootstrep-5/splashdash-admin-template/assets/fonts/webfonts/fa-regular-400.woff]
[kamleshyadav.com/html/splashdash/HTML/bootstrep-5/splashdash-admin-template/assets/fonts/webfonts/fa-brands-400.svg]
[kamleshyadav.com/html/splashdash/HTML/bootstrep-5/splashdash-admin-template/assets/fonts/webfonts/fa-regular-400.ttf]
[kamleshyadav.com/html/splashdash/HTML/bootstrep-5/splashdash-admin-template/assets/fonts/webfonts/fa-regular-400.svg]
[kamleshyadav.com/html/splashdash/HTML/bootstrep-5/splashdash-admin-template/assets/fonts/webfonts/fa-solid-900.eot]
[kamleshyadav.com/html/splashdash/HTML/bootstrep-5/splashdash-admin-template/assets/fonts/webfonts/fa-solid-900d41d.eot]
[kamleshyadav.com/html/splashdash/HTML/bootstrep-5/splashdash-admin-template/assets/fonts/webfonts/fa-solid-900.woff2]
[kamleshyadav.com/html/splashdash/HTML/bootstrep-5/splashdash-admin-template/assets/fonts/webfonts/fa-solid-900.woff]
[kamleshyadav.com/html/splashdash/HTML/bootstrep-5/splashdash-admin-template/assets/fonts/webfonts/fa-solid-900.ttf]
[kamleshyadav.com/html/splashdash/HTML/bootstrep-5/splashdash-admin-template/assets/css/font-awesome.min.css]
[kamleshyadav.com/html/splashdash/HTML/bootstrep-5/splashdash-admin-template/assets/fonts/ico-font/icofont.woff2]
[kamleshyadav.com/html/splashdash/HTML/bootstrep-5/splashdash-admin-template/assets/fonts/webfonts/fa-solid-900.svg]
[kamleshyadav.com/html/splashdash/HTML/bootstrep-5/splashdash-admin-template/assets/fonts/ico-font/icofont.woff]
[kamleshyadav.com/html/splashdash/HTML/bootstrep-5/splashdash-admin-template/assets/css/icofont.min.css]
[kamleshyadav.com/html/splashdash/HTML/bootstrep-5/splashdash-admin-template/assets/images/o_icon.png]
[kamleshyadav.com/html/splashdash/HTML/bootstrep-5/splashdash-admin-template/assets/images/o_icon2.png]
[kamleshyadav.com/html/splashdash/HTML/bootstrep-5/splashdash-admin-template/assets/images/o_icon3.png]
[kamleshyadav.com/html/splashdash/HTML/bootstrep-5/splashdash-admin-template/assets/css/style.css]
[kamleshyadav.com/html/splashdash/HTML/bootstrep-5/splashdash-admin-template/cart.html]
[kamleshyadav.com/html/splashdash/HTML/bootstrep-5/splashdash-admin-template/checkout.html]
[kamleshyadav.com/html/splashdash/HTML/bootstrep-5/splashdash-admin-template/assets/css/swiper.min.css]
[kamleshyadav.com/html/splashdash/HTML/bootstrep-5/splashdash-admin-template/profile.html]
[kamleshyadav.com/html/splashdash/HTML/bootstrep-5/splashdash-admin-template/setting.html]
[kamleshyadav.com/html/splashdash/HTML/bootstrep-5/splashdash-admin-template/assets/css/nice-select.css]
[kamleshyadav.com/html/splashdash/HTML/bootstrep-5/splashdash-admin-template/assets/css/auth.css]
[kamleshyadav.com/html/splashdash/HTML/bootstrep-5/splashdash-admin-template/assets/images/auth-img1.png]
[kamleshyadav.com/html/splashdash/HTML/bootstrep-5/splashdash-admin-template/assets/images/logo2.png]
[kamleshyadav.com/html/splashdash/HTML/bootstrep-5/splashdash-admin-template/login.html]
[kamleshyadav.com/html/splashdash/HTML/bootstrep-5/splashdash-admin-template/assets/images/table/2.jpg]
[kamleshyadav.com/html/splashdash/HTML/bootstrep-5/splashdash-admin-template/user.html]
[kamleshyadav.com/html/splashdash/HTML/bootstrep-5/splashdash-admin-template/assets/css/range.css]
[kamleshyadav.com/html/splashdash/HTML/bootstrep-5/splashdash-admin-template/assets/images/thumb1.png]
[kamleshyadav.com/html/splashdash/HTML/bootstrep-5/splashdash-admin-template/assets/images/product/p1.png]
[kamleshyadav.com/html/splashdash/HTML/bootstrep-5/splashdash-admin-template/assets/images/product/p2.png]
[kamleshyadav.com/html/splashdash/HTML/bootstrep-5/splashdash-admin-template/assets/images/product/p3.png]
[kamleshyadav.com/html/splashdash/HTML/bootstrep-5/splashdash-admin-template/assets/images/product/p4.png]
[kamleshyadav.com/html/splashdash/HTML/bootstrep-5/splashdash-admin-template/assets/images/product/p5.png]
[kamleshyadav.com/html/splashdash/HTML/bootstrep-5/splashdash-admin-template/assets/images/product/p6.png]
[kamleshyadav.com/html/splashdash/HTML/bootstrep-5/splashdash-admin-template/assets/images/product/p7.png]
[kamleshyadav.com/html/splashdash/HTML/bootstrep-5/splashdash-admin-template/assets/images/product/p8.png]
[kamleshyadav.com/html/splashdash/HTML/bootstrep-5/splashdash-admin-template/all-product.html]
[kamleshyadav.com/html/splashdash/HTML/bootstrep-5/splashdash-admin-template/orders.html]
[kamleshyadav.com/html/splashdash/HTML/bootstrep-5/splashdash-admin-template/customers.html]
[kamleshyadav.com/html/splashdash/HTML/bootstrep-5/splashdash-admin-template/assets/js/range.js]
[kamleshyadav.com/html/splashdash/HTML/bootstrep-5/splashdash-admin-template/assets/css/calender.css]
[kamleshyadav.com/html/splashdash/HTML/bootstrep-5/splashdash-admin-template/assets/css/theme.css]
[kamleshyadav.com/html/splashdash/HTML/bootstrep-5/splashdash-admin-template/calendar.html]
[kamleshyadav.com/html/splashdash/HTML/bootstrep-5/splashdash-admin-template/assets/js/calendar.min.js]
[kamleshyadav.com/html/splashdash/HTML/bootstrep-5/splashdash-admin-template/fontawesome.html]
[kamleshyadav.com/html/splashdash/HTML/bootstrep-5/splashdash-admin-template/progress-bars.html]
[kamleshyadav.com/html/splashdash/HTML/bootstrep-5/splashdash-admin-template/alert.html]
[cdn.ckeditor.com/4.10.0/standard/ckeditor.js]
[kamleshyadav.com/html/splashdash/HTML/bootstrep-5/splashdash-admin-template/assets/js/script.js]
[kamleshyadav.com/html/splashdash/HTML/bootstrep-5/splashdash-admin-template/editor.html]
[kamleshyadav.com/html/splashdash/HTML/bootstrep-5/splashdash-admin-template/modal.html]
[kamleshyadav.com/html/splashdash/HTML/bootstrep-5/splashdash-admin-template/tab.html]
[kamleshyadav.com/html/splashdash/HTML/bootstrep-5/splashdash-admin-template/assets/images/carousal1.jpg]
[kamleshyadav.com/html/splashdash/HTML/bootstrep-5/splashdash-admin-template/assets/images/carousal2.jpg]
[kamleshyadav.com/html/splashdash/HTML/bootstrep-5/splashdash-admin-template/assets/images/carousal3.jpg]
[kamleshyadav.com/html/splashdash/HTML/bootstrep-5/splashdash-admin-template/assets/images/carousal4.jpg]
[kamleshyadav.com/html/splashdash/HTML/bootstrep-5/splashdash-admin-template/assets/images/carousal5.jpg]
[kamleshyadav.com/html/splashdash/HTML/bootstrep-5/splashdash-admin-template/assets/images/carousal6.jpg]
[kamleshyadav.com/html/splashdash/HTML/bootstrep-5/splashdash-admin-template/assets/images/carousal7.jpg]
[kamleshyadav.com/html/splashdash/HTML/bootstrep-5/splashdash-admin-template/assets/images/carousal8.jpg]
[kamleshyadav.com/html/splashdash/HTML/bootstrep-5/splashdash-admin-template/assets/images/carousal9.jpg]
[kamleshyadav.com/html/splashdash/HTML/bootstrep-5/splashdash-admin-template/carousal.html]
[kamleshyadav.com/html/splashdash/HTML/bootstrep-5/splashdash-admin-template/assets/js/jquery.appear.js]
[kamleshyadav.com/html/splashdash/HTML/bootstrep-5/splashdash-admin-template/counter.html]
[kamleshyadav.com/html/splashdash/HTML/bootstrep-5/splashdash-admin-template/accordation.html]
[kamleshyadav.com/html/splashdash/HTML/bootstrep-5/splashdash-admin-template/pagination.html]
[kamleshyadav.com/html/splashdash/HTML/bootstrep-5/splashdash-admin-template/typography.html]
[kamleshyadav.com/html/splashdash/HTML/bootstrep-5/splashdash-admin-template/assets/js/jquery.countTo.js]
[kamleshyadav.com/html/splashdash/HTML/bootstrep-5/splashdash-admin-template/form.html]
[kamleshyadav.com/html/splashdash/HTML/bootstrep-5/splashdash-admin-template/assets/js/tagging.min.js]
[kamleshyadav.com/html/splashdash/HTML/bootstrep-5/splashdash-admin-template/tags.html]
[kamleshyadav.com/html/splashdash/HTML/bootstrep-5/splashdash-admin-template/basic-table.html]
[kamleshyadav.com/html/splashdash/HTML/bootstrep-5/splashdash-admin-template/assets/js/tag.js]
[kamleshyadav.com/html/splashdash/HTML/bootstrep-5/splashdash-admin-template/assets/images/table/pro1.jpg]
[kamleshyadav.com/html/splashdash/HTML/bootstrep-5/splashdash-admin-template/assets/images/table/pro2.jpg]
[kamleshyadav.com/html/splashdash/HTML/bootstrep-5/splashdash-admin-template/assets/images/table/pro3.jpg]
[kamleshyadav.com/html/splashdash/HTML/bootstrep-5/splashdash-admin-template/advance-table.html]
[code.jquery.com/ui/1.12.1/jquery-ui.js]
[kamleshyadav.com/html/splashdash/HTML/bootstrep-5/splashdash-admin-template/assets/css/datatables.css]
[kamleshyadav.com/html/splashdash/HTML/bootstrep-5/splashdash-admin-template/assets/js/datatables.min.js]
[kamleshyadav.com/html/splashdash/HTML/bootstrep-5/splashdash-admin-template/data-table.html]
[kamleshyadav.com/html/splashdash/HTML/bootstrep-5/splashdash-admin-template/g-map.html]
[kamleshyadav.com/html/splashdash/HTML/bootstrep-5/splashdash-admin-template/assets/js/dataTables.responsive.min.js]
[kamleshyadav.com/html/splashdash/HTML/bootstrep-5/splashdash-admin-template/assets/css/jqvmap.min.css]
[kamleshyadav.com/html/splashdash/HTML/bootstrep-5/splashdash-admin-template/assets/js/jquery.vmap.min.js]
[kamleshyadav.com/html/splashdash/HTML/bootstrep-5/splashdash-admin-template/assets/js/jquery.vmap.world.js]
[kamleshyadav.com/html/splashdash/HTML/bootstrep-5/splashdash-admin-template/v-map.html]
[kamleshyadav.com/html/splashdash/HTML/bootstrep-5/splashdash-admin-template/chart.html]
[kamleshyadav.com/html/splashdash/HTML/bootstrep-5/splashdash-admin-template/buttons.html]
[kamleshyadav.com/html/splashdash/HTML/bootstrep-5/splashdash-admin-template/invoice.html]
[kamleshyadav.com/html/splashdash/HTML/bootstrep-5/splashdash-admin-template/inbox.html]
[kamleshyadav.com/html/splashdash/HTML/bootstrep-5/splashdash-admin-template/assets/js/jquery.vmap.sampledata.js]
[kamleshyadav.com/html/splashdash/HTML/bootstrep-5/splashdash-admin-template/assets/images/backgroundshape.png]
[kamleshyadav.com/html/splashdash/HTML/bootstrep-5/splashdash-admin-template/email-template.html]
[kamleshyadav.com/html/splashdash/HTML/bootstrep-5/splashdash-admin-template/assets/images/user1.png]
[kamleshyadav.com/html/splashdash/HTML/bootstrep-5/splashdash-admin-template/assets/images/user2.png]
[kamleshyadav.com/html/splashdash/HTML/bootstrep-5/splashdash-admin-template/assets/images/user3.jpg]
[kamleshyadav.com/html/splashdash/HTML/bootstrep-5/splashdash-admin-template/assets/images/user4.jpg]
[kamleshyadav.com/html/splashdash/HTML/bootstrep-5/splashdash-admin-template/chat.html]
[kamleshyadav.com/html/splashdash/HTML/bootstrep-5/splashdash-admin-template/register.html]
[kamleshyadav.com/html/splashdash/HTML/bootstrep-5/splashdash-admin-template/forgot-pws.html]
[kamleshyadav.com/html/splashdash/HTML/bootstrep-5/splashdash-admin-template/blank.html]
[kamleshyadav.com/html/splashdash/HTML/bootstrep-5/splashdash-admin-template/cards.html]
[kamleshyadav.com/html/splashdash/HTML/bootstrep-5/splashdash-admin-template/assets/images/thumb2.png]
[kamleshyadav.com/html/splashdash/HTML/bootstrep-5/splashdash-admin-template/assets/images/thumb3.png]
[kamleshyadav.com/html/splashdash/HTML/bootstrep-5/splashdash-admin-template/assets/images/thumb4.png]
[kamleshyadav.com/html/splashdash/HTML/bootstrep-5/splashdash-admin-template/assets/images/product4.png]
[kamleshyadav.com/html/splashdash/HTML/bootstrep-5/splashdash-admin-template/product-single.html]
[kamleshyadav.com/html/splashdash/HTML/bootstrep-5/splashdash-admin-template/wishlist.html]
[kamleshyadav.com/html/splashdash/HTML/bootstrep-5/splashdash-admin-template/faq.html]
[kamleshyadav.com/html/splashdash/HTML/bootstrep-5/splashdash-admin-template/assets/images/error.png]
[kamleshyadav.com/html/splashdash/HTML/bootstrep-5/splashdash-admin-template/error.html]
[kamleshyadav.com/html/splashdash/HTML/bootstrep-5/splashdash-admin-template/support.html]
[kamleshyadav.com/html/splashdash/HTML/bootstrep-5/splashdash-admin-template/documentation.html]
[kamleshyadav.com/html/splashdash/HTML/bootstrep-5/splashdash-admin-template/assets/fonts/webfonts/fa-brands-400.svg]
[kamleshyadav.com/html/splashdash/HTML/bootstrep-5/splashdash-admin-template/assets/fonts/webfonts/fa-regular-400.svg]
[kamleshyadav.com/html/splashdash/HTML/bootstrep-5/splashdash-admin-template/assets/fonts/webfonts/fa-solid-900.svg]
[kamleshyadav.com/html/splashdash/HTML/bootstrep-5/splashdash-admin-template/assets/css/swiper.min.css]
[kamleshyadav.com/html/splashdash/HTML/bootstrep-5/splashdash-admin-template/assets/css/nice-select.css]
[kamleshyadav.com/html/splashdash/HTML/bootstrep-5/splashdash-admin-template/assets/images/auth-bg.png]
[kamleshyadav.com/html/splashdash/HTML/bootstrep-5/splashdash-admin-template/assets/images/happy-striker.png]
[kamleshyadav.com/html/splashdash/HTML/bootstrep-5/splashdash-admin-template/assets/images/sad.png]
[kamleshyadav.com/html/splashdash/HTML/bootstrep-5/splashdash-admin-template/assets/css/auth.css]
[kamleshyadav.com/html/splashdash/HTML/bootstrep-5/splashdash-admin-template/assets/css/images/ui-icons_444444_256x240.png]
[kamleshyadav.com/html/splashdash/HTML/bootstrep-5/splashdash-admin-template/assets/css/images/ui-icons_555555_256x240.png]
[kamleshyadav.com/html/splashdash/HTML/bootstrep-5/splashdash-admin-template/assets/css/images/ui-icons_ffffff_256x240.png]
[kamleshyadav.com/html/splashdash/HTML/bootstrep-5/splashdash-admin-template/assets/css/images/ui-icons_777620_256x240.png]
[kamleshyadav.com/html/splashdash/HTML/bootstrep-5/splashdash-admin-template/assets/css/images/ui-icons_cc0000_256x240.png]
[kamleshyadav.com/html/splashdash/HTML/bootstrep-5/splashdash-admin-template/assets/css/images/ui-icons_777777_256x240.png]
[kamleshyadav.com/html/splashdash/HTML/bootstrep-5/splashdash-admin-template/assets/css/range.css]
[kamleshyadav.com/html/splashdash/HTML/bootstrep-5/splashdash-admin-template/assets/css/calender.css]
[kamleshyadav.com/html/splashdash/HTML/bootstrep-5/splashdash-admin-template/assets/css/theme.css]
[kamleshyadav.com/html/splashdash/HTML/bootstrep-5/splashdash-admin-template/assets/images/sort_both.png]
[kamleshyadav.com/html/splashdash/HTML/bootstrep-5/splashdash-admin-template/assets/images/sort_asc.png]
[kamleshyadav.com/html/splashdash/HTML/bootstrep-5/splashdash-admin-template/assets/images/sort_desc.png]
[kamleshyadav.com/html/splashdash/HTML/bootstrep-5/splashdash-admin-template/assets/images/sort_asc_disabled.png]
[kamleshyadav.com/html/splashdash/HTML/bootstrep-5/splashdash-admin-template/assets/images/sort_desc_disabled.png]
[kamleshyadav.com/html/splashdash/HTML/bootstrep-5/splashdash-admin-template/assets/css/datatables.css]
[kamleshyadav.com/html/splashdash/HTML/bootstrep-5/splashdash-admin-template/assets/css/jqvmap.min.css]
[kamleshyadav.com/html/splashdash/HTML/bootstrep-5/splashdash-admin-template/assets/css/images/ui-icons_444444_256x240.html]
[kamleshyadav.com/html/splashdash/HTML/bootstrep-5/splashdash-admin-template/assets/css/images/ui-icons_555555_256x240.html]
[kamleshyadav.com/html/splashdash/HTML/bootstrep-5/splashdash-admin-template/assets/css/images/ui-icons_ffffff_256x240.html]
[kamleshyadav.com/html/splashdash/HTML/bootstrep-5/splashdash-admin-template/assets/css/images/ui-icons_777620_256x240.html]
[kamleshyadav.com/html/splashdash/HTML/bootstrep-5/splashdash-admin-template/assets/css/images/ui-icons_cc0000_256x240.html]
[kamleshyadav.com/html/splashdash/HTML/bootstrep-5/splashdash-admin-template/assets/css/images/ui-icons_777777_256x240.html]
